logs/build-20260830-221112.log: Permission denied (os error 13)
==== anonymOS: building in Docker (BUILD_JOBS=1) ====
Logging to logs/build-20260830-221112.log
./build-in-docker.sh: line 68: logs/build-20260830-221112.log: Permission denied
./build-in-docker.sh: line 71: logs/build-20260830-221112.log: Permission denied

⚠  BuildKit build failed (exit 1) — retrying with the classic builder.
   (DOCKER_BUILDKIT=0: different context handling and error reporting,
    and it works on setups where the BuildKit session dies silently.)
./build-in-docker.sh: line 68: logs/build-20260830-221112.log: Permission denied
./build-in-docker.sh: line 71: logs/build-20260830-221112.log: Permission denied

❌ both builders failed (exit 1)

---- last 40 lines of logs/build-20260830-221112.log ----
tail: cannot open 'logs/build-20260830-221112.log' for reading: No such file or directory
---- diagnostics ----
  client 29.6.2 / server 29.6.2
  docker root: /var/lib/docker
  disk: /dev/nvme0n1p2  907G  178G  683G  21% /
  mem(MB): Mem:            7397        5840         353        2011        3465        1557
  repo tree (before .dockerignore): 5.0G, 178949 files
---- docker daemon log (last 30 lines) ----
  Aug 30 21:40:19 nostromo dockerd[1709]: time="2026-08-30T21:40:19.739799726-04:00" level=error msg="healthcheck failed fatally" error="session healthcheck failed fatally: Unavailable: connection error: desc = \"transport: Error while dialing: only one connection allowed\""
  Aug 30 21:40:22 nostromo dockerd[1709]: time="2026-08-30T21:40:22.298438453-04:00" level=info msg="sbJoin: gwep4 ''->'e050ae637416', gwep6 ''->''"
  Aug 30 21:40:22 nostromo dockerd[1709]: time="2026-08-30T21:40:22.607605536-04:00" level=info msg="sbJoin: gwep4 ''->'c2112e61a39e', gwep6 ''->''"
  Aug 30 21:40:22 nostromo dockerd[1709]: time="2026-08-30T21:40:22.861290030-04:00" level=info msg="sbJoin: gwep4 ''->'86feadbf0c5e', gwep6 ''->''"
  Aug 30 21:40:32 nostromo dockerd[1709]: time="2026-08-30T21:40:32.231719177-04:00" level=info msg="sbJoin: gwep4 ''->'05890686f507', gwep6 ''->''"
  Aug 30 21:41:39 nostromo dockerd[1709]: time="2026-08-30T21:41:39.154050955-04:00" level=info msg="sbJoin: gwep4 ''->'80ae16bc17b8', gwep6 ''->''"
  Aug 30 21:41:40 nostromo dockerd[1709]: time="2026-08-30T21:41:40.308353867-04:00" level=info msg="sbJoin: gwep4 ''->'32c01fcc89ec', gwep6 ''->''"
  Aug 30 21:43:31 nostromo dockerd[1709]: time="2026-08-30T21:43:31.317481035-04:00" level=info msg="sbJoin: gwep4 ''->'e1fad8698d24', gwep6 ''->''"
  Aug 30 21:45:43 nostromo dockerd[1709]: time="2026-08-30T21:45:43.258595693-04:00" level=info msg="sbJoin: gwep4 ''->'e63d826481ef', gwep6 ''->''"
  Aug 30 21:45:43 nostromo dockerd[1709]: time="2026-08-30T21:45:43.618280920-04:00" level=info msg="sbJoin: gwep4 ''->'3495fa07ef95', gwep6 ''->''"
  Aug 30 21:49:33 nostromo dockerd[1709]: time="2026-08-30T21:49:33.516238001-04:00" level=info msg="sbJoin: gwep4 ''->'29bbdeb85147', gwep6 ''->''"
  Aug 30 21:49:33 nostromo dockerd[1709]: time="2026-08-30T21:49:33.869632958-04:00" level=info msg="sbJoin: gwep4 ''->'425a46116143', gwep6 ''->''"
  Aug 30 22:03:22 nostromo dockerd[1709]: time="2026-08-30T22:03:22.536731109-04:00" level=info msg="sbJoin: gwep4 ''->'1ac5d675a905', gwep6 ''->''"
  Aug 30 22:03:22 nostromo dockerd[1709]: time="2026-08-30T22:03:22.910361092-04:00" level=info msg="sbJoin: gwep4 ''->'e1db7756c318', gwep6 ''->''"
  Aug 30 22:03:23 nostromo dockerd[1709]: time="2026-08-30T22:03:23.245225091-04:00" level=info msg="sbJoin: gwep4 ''->'87bd590c8e1c', gwep6 ''->''"
  Aug 30 22:03:23 nostromo dockerd[1709]: time="2026-08-30T22:03:23.559551274-04:00" level=info msg="sbJoin: gwep4 ''->'825faeb917a6', gwep6 ''->''"
  Aug 30 22:04:51 nostromo dockerd[1709]: time="2026-08-30T22:04:51.856938689-04:00" level=info msg="sbJoin: gwep4 ''->'b19682c733b4', gwep6 ''->''"
  Aug 30 22:04:52 nostromo dockerd[1709]: time="2026-08-30T22:04:52.207133046-04:00" level=info msg="sbJoin: gwep4 ''->'789c0285a1ab', gwep6 ''->''"
  Aug 30 22:07:32 nostromo dockerd[1709]: time="2026-08-30T22:07:32.590911609-04:00" level=info msg="sbJoin: gwep4 ''->'912534eadbd1', gwep6 ''->''"
  Aug 30 22:07:33 nostromo dockerd[1709]: time="2026-08-30T22:07:33.476097572-04:00" level=info msg="sbJoin: gwep4 ''->'33849653c171', gwep6 ''->''"
  Aug 30 22:07:49 nostromo dockerd[1709]: time="2026-08-30T22:07:49.745115265-04:00" level=info msg="sbJoin: gwep4 ''->'ef80cd5cc230', gwep6 ''->''"
  Aug 30 22:07:50 nostromo dockerd[1709]: time="2026-08-30T22:07:50.173259167-04:00" level=info msg="sbJoin: gwep4 ''->'63a29352918c', gwep6 ''->''"
  Aug 30 22:07:50 nostromo dockerd[1709]: time="2026-08-30T22:07:50.432174510-04:00" level=info msg="sbJoin: gwep4 ''->'93fe6f1bf6d5', gwep6 ''->''"
  Aug 30 22:07:56 nostromo dockerd[1709]: time="2026-08-30T22:07:56.720434875-04:00" level=info msg="sbJoin: gwep4 ''->'50f61f470334', gwep6 ''->''"
  Aug 30 22:08:36 nostromo dockerd[1709]: time="2026-08-30T22:08:36.323281167-04:00" level=warning msg="container id z1l0ldu8thnmeep2kbfgpib9m is taking a long time to exit after kill" span="[build 5/7] RUN scripts/docker-build-step.sh make build/libkernel_d.a kernel.elf" spanID=d621ad9752f95995 traceID=8297910b0e4384968397e4fec407d3d8
  Aug 30 22:08:36 nostromo dockerd[1709]: time="2026-08-30T22:08:36.750082670-04:00" level=warning msg="container id z1l0ldu8thnmeep2kbfgpib9m took 477.508398ms to exit" span="[build 5/7] RUN scripts/docker-build-step.sh make build/libkernel_d.a kernel.elf" spanID=d621ad9752f95995 traceID=8297910b0e4384968397e4fec407d3d8
  Aug 30 22:08:36 nostromo dockerd[1709]: time="2026-08-30T22:08:36.749950461-04:00" level=warning msg="failed to read oom_kill event" error="open /sys/fs/cgroup/system.slice:docker:z1l0ldu8thnmeep2kbfgpib9m/memory.events: no such file or directory" span="[build 5/7] RUN scripts/docker-build-step.sh make build/libkernel_d.a kernel.elf" spanID=d621ad9752f95995 traceID=8297910b0e4384968397e4fec407d3d8
  Aug 30 22:08:37 nostromo dockerd[1709]: time="2026-08-30T22:08:37.258128934-04:00" level=error msg=/moby.buildkit.v1.Control/Solve error="rpc error: code = Canceled desc = context canceled" spanID=e6d5bb28f4f0ea9a traceID=8297910b0e4384968397e4fec407d3d8
  Aug 30 22:08:39 nostromo dockerd[1709]: time="2026-08-30T22:08:39.804040628-04:00" level=warning msg="healthcheck failed" actualDuration=1.165872ms error="Unavailable: connection error: desc = \"transport: Error while dialing: only one connection allowed\"" timeout=15s
  Aug 30 22:08:44 nostromo dockerd[1709]: time="2026-08-30T22:08:44.802157747-04:00" level=error msg="healthcheck failed fatally" error="session healthcheck failed fatally: Unavailable: connection error: desc = \"transport: Error while dialing: only one connection allowed\""
---- full log: logs/build-20260830-221112.log ----
