==== Generating display.conf (GUI G7 mode config) ====
==== Generating manifest.blob from anonymos-config/examples/system.json (§4 config boot) ====
wrote 551-byte signed manifest to build/manifest.blob (3 services, 3 identities)
==== Staging Noto fonts (GUI G9 text rendering) ====
R5: staged SymbolsNerdFont (Nerd/powerline glyph fallback for gl-term)
==== Staging GUI image/icon/cursor/theme assets (GUI G10 pipeline) ====
stage-gui-assets: staged generated GUI assets under build/assets
==== Packing zkSync wallet boot-integrity app ====
pack-zksync-wallet: wrote build/zksync-wallet.blob files=5 prefix=/system/web/zksync-wallet
==== Staging installer ISO boot tree ====
Included busybox
Included mke2fs (DECOY_DISTRO D8: rootfs dir -> ext4)
Included unsquashfs (DECOY_DISTRO D8: squashfs -> rootfs, gzip+xz+zstd)
Included bsdtar (DECOY_DISTRO D8: ISO9660 read)
Included gpgv (DECOY_DISTRO D8: verify distro SHA256SUMS.gpg)
Included test-drm
Included drm-gpu-test (R2.4a userspace virgl render-node test)
Included drm-gl-test (R2.4b Mesa virgl GLES2 test)
Included gl-wl-test (R3 EGL/GLES2 Wayland client)
Included gl-term (R3 GLES2 Wayland terminal)
Included lkl-boot (L2: boot LKL — the Linux kernel as a library — on EpinAnonymOS)
Included compositor
Included hello-gui
Included wl-probe (GUI G1)
Included store-app (F4.2 object-store app image)
Included display-info (GUI G7)
Included wl-shm-demo (GUI G2)
Included wl-term (GUI G4)
Included idle task (scheduler idle spinner)
Included hos-sh (native object shell)
Included hos-wifi (H1a native WiFi client for the cap-gated LKL net provider)
Included SSH-in (dropbear server + hos-sshd-launch; remote via lkl-boot tcp/22 bridge)
Included M0 real dbus-daemon (system bus) + libdbus-1.so.3 + dbus-send + hos-dbus-launch + hos-dbus-test
Included M2b real NetworkManager daemon + nmcli + libnm.so.0 + libndp.so.0 + hos-nm-launch + hos-nmcli-test
Included hos-thread-test (diag: cross-thread wakeup)
Included /epin-ssh.conf (SSH enabled by default: dropbear remote access, coexists with WiFi; SSH=0 to disable)
Included /wifi-diag.sh (run: sh /wifi-diag.sh)
Included hos-wifiterm (TEMP lightweight WiFi-check terminal)
Included wpa_supplicant (M5: D-Bus mode for NM, under the shim) + libnl-tiny.so + hos-wpa-launch
Included hos-log-upload (debug log snapshot + scp launcher)
Included explicitly requested debug network credentials (/epin-debug-net.conf)
Included headless fast-network marker (/epin-debug-fast-net.conf)
Included local debug SSH key (/epin-debug-ssh-key)
Included Dropbear scp/dbclient debug client
Included H1b.3 LD_PRELOAD test (hos-netlaunch -> hos-nettest + libnshim.so via ld-musl)
Included zsh (Z2: real upstream zsh, dynamic musl)
Included 37 zsh zmodules (.so) for dynamic loading
Included wl-cairo-demo (GUI G11)
Included wl-files (GUI G17)
Included wl-installer as /calamares (INSTALLER D4.1 'Install to Disk' entry; D4.5 stub)
Included decoy-linux.ext4 (INSTALLER H1 decoy Linux disk image)
Included zksync-wallet.blob (ZKsync boot-integrity wallet + contract ABI)
Included hello-wl (R0: Rust->musl Wayland validation)
Included hos-term (R1: Rust CPU/SHM terminal)
Included gtk-hello (GUI G11 toolkit demo)
Included -sh (busybox login shell for GUI G4 terminal)
Included display.conf + display-info (GUI G7)
Included manifest.blob (§4 declarative config: anonymos-config/examples/system.json)
Included libglapi.so (shared GL dispatch — unifies app + DRI-driver glapi)
Included virtio_gpu_dri.so (R2.4b: Mesa virgl GPU driver)
Included Hyprland (dynamic) + ld-musl
Included xkb.blob (xkeyboard-config data)
Included zshfns.blob (Z8: zsh functions + completion)
Included zshplugins.blob (Z9: zsh plugins — syntax-highlighting/autosuggestions/anonymos)
Included omz.blob (Z9b: Oh My Zsh + Powerlevel9k + AnonymOS profile)
pack-assets: 120 files -> build/assets.blob (7723161 bytes)
pack-assets: fonts: 6 files, 4213616 bytes -> build/asset-blobs/fonts.blob
pack-assets: icons: 11 files, 25994 bytes -> build/asset-blobs/icons.blob
pack-assets: cursors: 91 files, 3279185 bytes -> build/asset-blobs/cursors.blob
pack-assets: wallpapers: 6 files, 160974 bytes -> build/asset-blobs/wallpapers.blob
pack-assets: themes: 6 files, 37388 bytes -> build/asset-blobs/themes.blob
Included GUI asset category blobs (fonts/icons/cursors/wallpapers/themes)
Included Weston (GW3) + desktop-shell + terminal — overrides Hyprland as init
boot-integrity: wrote build/zksync-attestation.json files=143 root=0xa268cdf3066c4b4ec4529f37c20decc55e2986c5ae56d24061388e96dd9c2079 contract=(unset)
Included zksync-attestation.json (boot-module hash manifest)
[veracrypt] built /home/bruns/Documents/EpinAnonymOS/deps/veracrypt/build/preboot.efi + /home/bruns/Documents/EpinAnonymOS/deps/veracrypt/build/stage2.efi
/home/bruns/Documents/EpinAnonymOS/deps/veracrypt/build/preboot.efi: PE32+ executable (EFI application) x86-64, for MS Windows, 3 sections
==== mk-install-iso: building installed-OS ESP images (320 MiB) ====
  esp.img: 321M (boot tree 269 MiB + BOOTX64.EFI + install.json placeholder)
WARNING: Number of clusters for 32 bit FAT is less then suggested minimum.
  esp-boot.img: 8.0M (arbiter.efi as \EFI\BOOT\BOOTX64.EFI)
  hidden-esp.img: 321M (preboot.efi + stage2.efi + install.json placeholder)
==== built hos-install.iso (1.2G) ====
  Boot it (UEFI) with a blank target disk; the installer writes the OS to that disk.
