Archive member included to satisfy reference by file (symbol)

libbb/lib.a(appletlib.o)      /home/bruns/Documents/EpinAnonymOS/deps/musl/install/lib/crt1.o (main)
libbb/lib.a(compare_string_array.o)
                              libbb/lib.a(appletlib.o) (is_prefixed_with)
libbb/lib.a(default_error_retval.o)
                              libbb/lib.a(appletlib.o) (xfunc_error_retval)
libbb/lib.a(get_last_path_component.o)
                              libbb/lib.a(appletlib.o) (bb_basename)
libbb/lib.a(last_char_is.o)   libbb/lib.a(get_last_path_component.o) (last_char_is)
libbb/lib.a(ptr_to_globals.o)
                              libbb/lib.a(appletlib.o) (bb_errno)
libbb/lib.a(xfunc_die.o)      libbb/lib.a(appletlib.o) (xfunc_die)
libbb/lib.a(xfuncs.o)         libbb/lib.a(appletlib.o) (full_write2_str)
libbb/lib.a(full_write.o)     libbb/lib.a(xfuncs.o) (full_write)
libbb/lib.a(messages.o)       libbb/lib.a(xfuncs.o) (bb_hexdigits_upcase)
libbb/lib.a(safe_write.o)     libbb/lib.a(full_write.o) (safe_write)
miscutils/lib.a(less.o)       libbb/lib.a(appletlib.o) (less_main)
networking/lib.a(hostname.o)  libbb/lib.a(appletlib.o) (hostname_main)
networking/lib.a(ifconfig.o)  libbb/lib.a(appletlib.o) (ifconfig_main)
networking/lib.a(ping.o)      libbb/lib.a(appletlib.o) (ping_main)
networking/lib.a(wget.o)      libbb/lib.a(appletlib.o) (wget_main)
networking/lib.a(tls.o)       networking/lib.a(wget.o) (tls_handshake)
networking/lib.a(tls_aes.o)   networking/lib.a(tls.o) (aes_setkey)
networking/lib.a(tls_aesgcm.o)
                              networking/lib.a(tls.o) (aesgcm_GHASH)
networking/lib.a(tls_fe.o)    networking/lib.a(tls.o) (curve_x25519_compute_pubkey_and_premaster)
networking/lib.a(tls_pstm.o)  networking/lib.a(tls.o) (pstm_clear)
networking/lib.a(tls_pstm_montgomery_reduce.o)
                              networking/lib.a(tls_pstm.o) (pstm_montgomery_reduce)
networking/lib.a(tls_pstm_mul_comba.o)
                              networking/lib.a(tls_pstm.o) (pstm_mul_comba)
networking/lib.a(tls_pstm_sqr_comba.o)
                              networking/lib.a(tls_pstm.o) (pstm_sqr_comba)
networking/lib.a(tls_rsa.o)   networking/lib.a(tls.o) (psRsaEncryptPub)
networking/lib.a(tls_sp_c32.o)
                              networking/lib.a(tls.o) (curve_P256_compute_pubkey_and_premaster)
procps/lib.a(kill.o)          libbb/lib.a(appletlib.o) (kill_main)
procps/lib.a(ps.o)            libbb/lib.a(appletlib.o) (ps_main)
procps/lib.a(sysctl.o)        libbb/lib.a(appletlib.o) (sysctl_main)
shell/lib.a(ash.o)            libbb/lib.a(appletlib.o) (ash_main)
shell/lib.a(ash_ptr_hack.o)   shell/lib.a(ash.o) (ash_ptr_to_globals_misc)
shell/lib.a(math.o)           shell/lib.a(ash.o) (arith)
shell/lib.a(shell_common.o)   shell/lib.a(ash.o) (shell_builtin_read)
util-linux/lib.a(dmesg.o)     libbb/lib.a(appletlib.o) (dmesg_main)
archival/lib.a(bbunzip.o)     libbb/lib.a(appletlib.o) (gunzip_main)
archival/lib.a(bzip2.o)       libbb/lib.a(appletlib.o) (bzip2_main)
archival/lib.a(gzip.o)        libbb/lib.a(appletlib.o) (gzip_main)
archival/lib.a(tar.o)         libbb/lib.a(appletlib.o) (tar_main)
archival/libarchive/lib.a(data_extract_all.o)
                              archival/lib.a(tar.o) (data_extract_all)
archival/libarchive/lib.a(data_extract_to_stdout.o)
                              archival/lib.a(tar.o) (data_extract_to_stdout)
archival/libarchive/lib.a(data_skip.o)
                              archival/libarchive/lib.a(data_extract_all.o) (data_skip)
archival/libarchive/lib.a(decompress_bunzip2.o)
                              archival/lib.a(bbunzip.o) (unpack_bz2_stream)
archival/libarchive/lib.a(decompress_gunzip.o)
                              archival/lib.a(bbunzip.o) (unpack_gz_stream)
archival/libarchive/lib.a(decompress_unxz.o)
                              archival/lib.a(bbunzip.o) (unpack_xz_stream)
archival/libarchive/lib.a(filter_accept_reject_list.o)
                              archival/lib.a(tar.o) (filter_accept_reject_list)
archival/libarchive/lib.a(find_list_entry.o)
                              archival/lib.a(tar.o) (find_list_entry)
archival/libarchive/lib.a(get_header_tar.o)
                              archival/lib.a(tar.o) (get_header_tar)
archival/libarchive/lib.a(header_list.o)
                              archival/lib.a(tar.o) (header_list)
archival/libarchive/lib.a(header_verbose_list.o)
                              archival/lib.a(tar.o) (header_verbose_list)
archival/libarchive/lib.a(init_handle.o)
                              archival/lib.a(tar.o) (init_handle)
archival/libarchive/lib.a(open_transformer.o)
                              archival/lib.a(bbunzip.o) (init_transformer_state)
archival/libarchive/lib.a(seek_by_jump.o)
                              archival/libarchive/lib.a(init_handle.o) (seek_by_jump)
archival/libarchive/lib.a(seek_by_read.o)
                              archival/lib.a(tar.o) (seek_by_read)
archival/libarchive/lib.a(unsafe_prefix.o)
[...]
Memory Configuration

Name             Origin             Length             Attributes
*default*        0x0000000000000000 0xffffffffffffffff

Linker script and memory map

LOAD /home/bruns/Documents/EpinAnonymOS/deps/musl/install/lib/crt1.o
LOAD /home/bruns/Documents/EpinAnonymOS/deps/musl/install/lib/crti.o
LOAD /usr/bin/../lib/gcc/x86_64-linux-gnu/13/crtbeginT.o
START GROUP
LOAD applets/built-in.o
LOAD archival/lib.a
LOAD archival/libarchive/lib.a
LOAD console-tools/lib.a
LOAD coreutils/lib.a
LOAD coreutils/libcoreutils/lib.a
LOAD debianutils/lib.a
LOAD klibc-utils/lib.a
LOAD e2fsprogs/lib.a
LOAD editors/lib.a
LOAD findutils/lib.a
LOAD init/lib.a
LOAD libbb/lib.a
LOAD libpwdgrp/lib.a
LOAD loginutils/lib.a
LOAD mailutils/lib.a
LOAD miscutils/lib.a
LOAD modutils/lib.a
LOAD networking/lib.a
LOAD networking/libiproute/lib.a
LOAD networking/udhcp/lib.a
LOAD printutils/lib.a
LOAD procps/lib.a
LOAD runit/lib.a
LOAD selinux/lib.a
LOAD shell/lib.a
LOAD sysklogd/lib.a
LOAD util-linux/lib.a
LOAD util-linux/volume_id/lib.a
LOAD archival/built-in.o
LOAD archival/libarchive/built-in.o
LOAD console-tools/built-in.o
LOAD coreutils/built-in.o
LOAD coreutils/libcoreutils/built-in.o
LOAD debianutils/built-in.o
LOAD klibc-utils/built-in.o
LOAD e2fsprogs/built-in.o
LOAD editors/built-in.o
LOAD findutils/built-in.o
LOAD init/built-in.o
LOAD libbb/built-in.o
LOAD libpwdgrp/built-in.o
LOAD loginutils/built-in.o
LOAD mailutils/built-in.o
LOAD miscutils/built-in.o
LOAD modutils/built-in.o
LOAD networking/built-in.o
LOAD networking/libiproute/built-in.o
LOAD networking/udhcp/built-in.o
LOAD printutils/built-in.o
LOAD procps/built-in.o
LOAD runit/built-in.o
LOAD selinux/built-in.o
LOAD shell/built-in.o
LOAD sysklogd/built-in.o
LOAD util-linux/built-in.o
LOAD util-linux/volume_id/built-in.o
END GROUP
START GROUP
LOAD /usr/bin/../lib/gcc/x86_64-linux-gnu/13/libgcc.a
LOAD /usr/bin/../lib/gcc/x86_64-linux-gnu/13/libgcc_eh.a
END GROUP
LOAD /usr/bin/../lib/gcc/x86_64-linux-gnu/13/crtend.o
LOAD /home/bruns/Documents/EpinAnonymOS/deps/musl/install/lib/crtn.o
LOAD /home/bruns/Documents/EpinAnonymOS/deps/musl/install/lib/libc.a
                [!provide]                        PROVIDE (__executable_start = SEGMENT_START ("text-segment", 0x400000))
                0x00000000004001c8                . = (SEGMENT_START ("text-segment", 0x400000) + SIZEOF_HEADERS)

.interp
 *(SORT_BY_ALIGNMENT(.interp))

.note.gnu.build-id
                0x00000000004001c8       0x24
 *(SORT_BY_ALIGNMENT(.note.gnu.build-id))
 .note.gnu.build-id
                0x00000000004001c8       0x24 /home/bruns/Documents/EpinAnonymOS/deps/musl/install/lib/crt1.o

.hash
 *(SORT_BY_ALIGNMENT(.hash))

.gnu.hash
 *(SORT_BY_ALIGNMENT(.gnu.hash))

.dynsym
 *(SORT_BY_ALIGNMENT(.dynsym))

.dynstr
 *(SORT_BY_ALIGNMENT(.dynstr))

.gnu.version
 *(SORT_BY_ALIGNMENT(.gnu.version))

.gnu.version_d
 *(SORT_BY_ALIGNMENT(.gnu.version_d))

.gnu.version_r
 *(SORT_BY_ALIGNMENT(.gnu.version_r))

.rela.dyn       0x00000000004001f0        0x0
 *(SORT_BY_ALIGNMENT(.rela.init))
 *(SORT_BY_ALIGNMENT(.rela.text) SORT_BY_ALIGNMENT(.rela.text.*) SORT_BY_ALIGNMENT(.rela.gnu.linkonce.t.*))
 .rela.text     0x00000000004001f0        0x0 /home/bruns/Documents/EpinAnonymOS/deps/musl/install/lib/crt1.o
 .rela.text.fork
                0x00000000004001f0        0x0 /home/bruns/Documents/EpinAnonymOS/deps/musl/install/lib/crt1.o
 *(SORT_BY_ALIGNMENT(.rela.fini))
 *(SORT_BY_ALIGNMENT(.rela.rodata) SORT_BY_ALIGNMENT(.rela.rodata.*) SORT_BY_ALIGNMENT(.rela.gnu.linkonce.r.*))
 *(SORT_BY_ALIGNMENT(.rela.data) SORT_BY_ALIGNMENT(.rela.data.*) SORT_BY_ALIGNMENT(.rela.gnu.linkonce.d.*))
 *(SORT_BY_ALIGNMENT(.rela.tdata) SORT_BY_ALIGNMENT(.rela.tdata.*) SORT_BY_ALIGNMENT(.rela.gnu.linkonce.td.*))
 *(SORT_BY_ALIGNMENT(.rela.tbss) SORT_BY_ALIGNMENT(.rela.tbss.*) SORT_BY_ALIGNMENT(.rela.gnu.linkonce.tb.*))
 *(SORT_BY_ALIGNMENT(.rela.ctors))
 *(SORT_BY_ALIGNMENT(.rela.dtors))
 *(SORT_BY_ALIGNMENT(.rela.got))
 .rela.got      0x00000000004001f0        0x0 /home/bruns/Documents/EpinAnonymOS/deps/musl/install/lib/crt1.o
 *(SORT_BY_ALIGNMENT(.rela.bss) SORT_BY_ALIGNMENT(.rela.bss.*) SORT_BY_ALIGNMENT(.rela.gnu.linkonce.b.*))
 *(SORT_BY_ALIGNMENT(.rela.ldata) SORT_BY_ALIGNMENT(.rela.ldata.*) SORT_BY_ALIGNMENT(.rela.gnu.linkonce.l.*))
 *(SORT_BY_ALIGNMENT(.rela.lbss) SORT_BY_ALIGNMENT(.rela.lbss.*) SORT_BY_ALIGNMENT(.rela.gnu.linkonce.lb.*))
 *(SORT_BY_ALIGNMENT(.rela.lrodata) SORT_BY_ALIGNMENT(.rela.lrodata.*) SORT_BY_ALIGNMENT(.rela.gnu.linkonce.lr.*))
 *(SORT_BY_ALIGNMENT(.rela.ifunc))

.rela.plt       0x00000000004001f0        0x0
 *(SORT_BY_ALIGNMENT(.rela.plt))
                [!provide]                        PROVIDE (__rela_iplt_start = .)
 *(SORT_BY_ALIGNMENT(.rela.iplt))
 .rela.iplt     0x00000000004001f0        0x0 /home/bruns/Documents/EpinAnonymOS/deps/musl/install/lib/crt1.o
                [!provide]                        PROVIDE (__rela_iplt_end = .)

.relr.dyn
 *(SORT_BY_ALIGNMENT(.relr.dyn))
                0x0000000000401000                . = ALIGN (CONSTANT (MAXPAGESIZE))

.init           0x0000000000401000        0x3
 *(SORT_NONE(.init))
 .init          0x0000000000401000        0x1 /home/bruns/Documents/EpinAnonymOS/deps/musl/install/lib/crti.o
                0x0000000000401000                _init
 .init          0x0000000000401001        0x2 /home/bruns/Documents/EpinAnonymOS/deps/musl/install/lib/crtn.o

.plt            0x0000000000401003        0x0
 *(SORT_BY_ALIGNMENT(.plt))
 *(SORT_BY_ALIGNMENT(.iplt))
 .iplt          0x0000000000401003        0x0 /home/bruns/Documents/EpinAnonymOS/deps/musl/install/lib/crt1.o

.plt.got
 *(SORT_BY_ALIGNMENT(.plt.got))

.plt.sec
 *(SORT_BY_ALIGNMENT(.plt.sec))

.text           0x0000000000401010    0x7d1e9
 *(SORT_BY_ALIGNMENT(.text.unlikely) SORT_BY_ALIGNMENT(.text.*_unlikely) SORT_BY_ALIGNMENT(.text.unlikely.*))
 *(SORT_BY_ALIGNMENT(.text.exit) SORT_BY_ALIGNMENT(.text.exit.*))
 .text.exit     0x0000000000401010       0x1b /home/bruns/Documents/EpinAnonymOS/deps/musl/install/lib/libc.a(exit.lo)
                0x0000000000401010                exit
 *(SORT_BY_ALIGNMENT(.text.startup) SORT_BY_ALIGNMENT(.text.startup.*))
 *(SORT_BY_ALIGNMENT(.text.hot) SORT_BY_ALIGNMENT(.text.hot.*))
 *(SORT_BY_NAME(SORT_BY_ALIGNMENT(.text.sorted.*)))
 *(SORT_BY_ALIGNMENT(.text) SORT_BY_ALIGNMENT(.stub) SORT_BY_ALIGNMENT(.text.*) SORT_BY_ALIGNMENT(.gnu.linkonce.t.*))
 *fill*         0x000000000040102b        0x5 
 .text._start_c
                0x0000000000401030       0x23 /home/bruns/Documents/EpinAnonymOS/deps/musl/install/lib/crt1.o
                0x0000000000401030                _start_c
 *fill*         0x0000000000401053        0xd 
 .text          0x0000000000401060       0xe5 /usr/bin/../lib/gcc/x86_64-linux-gnu/13/crtbeginT.o
 *fill*         0x0000000000401145        0xb 
 .text.string_array_len
                0x0000000000401150       0x12 libbb/lib.a(appletlib.o)
                0x0000000000401150                string_array_len
 *fill*         0x0000000000401162        0xe 
 .text.bb_show_usage
                0x0000000000401170        0x6 libbb/lib.a(appletlib.o)
                0x0000000000401170                bb_show_usage
 *fill*         0x0000000000401176        0xa 
 .text.find_applet_by_name
                0x0000000000401180       0xc5 libbb/lib.a(appletlib.o)
                0x0000000000401180                find_applet_by_name
 *fill*         0x0000000000401245        0xb 
 .text.show_usage_if_dash_dash_help
                0x0000000000401250       0x40 libbb/lib.a(appletlib.o)
                0x0000000000401250                show_usage_if_dash_dash_help
 .text.run_applet_no_and_exit
                0x0000000000401290       0x41 libbb/lib.a(appletlib.o)
                0x0000000000401290                run_applet_no_and_exit
 *fill*         0x00000000004012d1        0xf 
 .text.main     0x00000000004012e0       0x7d libbb/lib.a(appletlib.o)
                0x00000000004012e0                main
 *fill*         0x000000000040135d        0x3 
 .text.run_applet_and_exit
                0x0000000000401360       0x42 libbb/lib.a(appletlib.o)
 *fill*         0x00000000004013a2        0xe 
 .text.is_prefixed_with
                0x00000000004013b0       0x22 libbb/lib.a(compare_string_array.o)
                0x00000000004013b0                is_prefixed_with
 *fill*         0x00000000004013d2        0xe 
 .text.index_in_strings
                0x00000000004013e0       0x52 libbb/lib.a(compare_string_array.o)
                0x00000000004013e0                index_in_strings
 *fill*         0x0000000000401432        0xe 
 .text.index_in_substrings
                0x0000000000401440       0x7a libbb/lib.a(compare_string_array.o)
                0x0000000000401440                index_in_substrings
 *fill*         0x00000000004014ba        0x6 
 .text.nth_string
                0x00000000004014c0       0x2a libbb/lib.a(compare_string_array.o)
                0x00000000004014c0                nth_string
 *fill*         0x00000000004014ea        0x6 
 .text.bb_basename
                0x00000000004014f0       0x1e libbb/lib.a(get_last_path_component.o)
                0x00000000004014f0                bb_basename
 *fill*         0x000000000040150e        0x2 
 .text.bb_get_last_path_component_nostrip
                0x0000000000401510       0x29 libbb/lib.a(get_last_path_component.o)
                0x0000000000401510                bb_get_last_path_component_nostrip
 *fill*         0x0000000000401539        0x7 
 .text.bb_get_last_path_component_strip
                0x0000000000401540       0x5a libbb/lib.a(get_last_path_component.o)
                0x0000000000401540                bb_get_last_path_component_strip
 *fill*         0x000000000040159a        0x6 
 .text.last_char_is
                0x00000000004015a0       0x1f libbb/lib.a(last_char_is.o)
                0x00000000004015a0                last_char_is
 *fill*         0x00000000004015bf        0x1 
 .text.xfunc_die
                0x00000000004015c0       0x1b libbb/lib.a(xfunc_die.o)
                0x00000000004015c0                xfunc_die
 *fill*         0x00000000004015db        0x5 
 .text.ndelay_on
                0x00000000004015e0       0x32 libbb/lib.a(xfuncs.o)
                0x00000000004015e0                ndelay_on
 *fill*         0x0000000000401612        0xe 
 .text.ndelay_off
                0x0000000000401620       0x32 libbb/lib.a(xfuncs.o)
                0x0000000000401620                ndelay_off
 *fill*         0x0000000000401652        0xe 
 .text.close_on_exec_on
                0x0000000000401660       0x11 libbb/lib.a(xfuncs.o)
                0x0000000000401660                close_on_exec_on
 *fill*         0x0000000000401671        0xf 
 .text.strncpy_IFNAMSIZ
                0x0000000000401680        0xa libbb/lib.a(xfuncs.o)
                0x0000000000401680                strncpy_IFNAMSIZ
 *fill*         0x000000000040168a        0x6 
 .text.utoa_to_buf
                0x0000000000401690      0x331 libbb/lib.a(xfuncs.o)
                0x0000000000401690                utoa_to_buf
 *fill*         0x00000000004019c1        0xf 
 .text.utoa     0x00000000004019d0       0x1d libbb/lib.a(xfuncs.o)
                0x00000000004019d0                utoa
 *fill*         0x00000000004019ed        0x3 
 .text.itoa     0x00000000004019f0       0x39 libbb/lib.a(xfuncs.o)
                0x00000000004019f0                itoa
 *fill*         0x0000000000401a29        0x7 
 .text.bb_putchar_stderr
                0x0000000000401a30       0x1c libbb/lib.a(xfuncs.o)
                0x0000000000401a30                bb_putchar_stderr
 *fill*         0x0000000000401a4c        0x4 
 .text.full_write2_str
                0x0000000000401a50       0x1a libbb/lib.a(xfuncs.o)
                0x0000000000401a50                full_write2_str
 *fill*         0x0000000000401a6a        0x6 
 .text.get_terminal_width_height
                0x0000000000401a70      0x130 libbb/lib.a(xfuncs.o)
                0x0000000000401a70                get_terminal_width_height
 .text.get_terminal_width
                0x0000000000401ba0       0x13 libbb/lib.a(xfuncs.o)
                0x0000000000401ba0                get_terminal_width
 *fill*         0x0000000000401bb3        0xd 
 .text.is_TERM_dumb
                0x0000000000401bc0       0x30 libbb/lib.a(xfuncs.o)
                0x0000000000401bc0                is_TERM_dumb
 .text.tcsetattr_stdin_TCSANOW
                0x0000000000401bf0        0xc libbb/lib.a(xfuncs.o)
                0x0000000000401bf0                tcsetattr_stdin_TCSANOW
 *fill*         0x0000000000401bfc        0x4 
 .text.get_termios_and_make_raw
                0x0000000000401c00       0x8c libbb/lib.a(xfuncs.o)
                0x0000000000401c00                get_termios_and_make_raw
 *fill*         0x0000000000401c8c        0x4 
 .text.set_termios_to_raw
                0x0000000000401c90       0xa5 libbb/lib.a(xfuncs.o)
                0x0000000000401c90                set_termios_to_raw
 *fill*         0x0000000000401d35        0xb 
 .text.safe_waitpid
                0x0000000000401d40       0x37 libbb/lib.a(xfuncs.o)
                0x0000000000401d40                safe_waitpid
 *fill*         0x0000000000401d77        0x9 
 .text.wait_any_nohang
                0x0000000000401d80       0x33 libbb/lib.a(xfuncs.o)
                0x0000000000401d80                wait_any_nohang
 *fill*         0x0000000000401db3        0xd 
 .text.wait4pid
                0x0000000000401dc0       0x69 libbb/lib.a(xfuncs.o)
                0x0000000000401dc0                wait4pid
 *fill*         0x0000000000401e29        0x7 
 .text.exit_SUCCESS
                0x0000000000401e30        0x8 libbb/lib.a(xfuncs.o)
                0x0000000000401e30                exit_SUCCESS
 *fill*         0x0000000000401e38        0x8 
 .text._exit_SUCCESS
                0x0000000000401e40        0x8 libbb/lib.a(xfuncs.o)
                0x0000000000401e40                _exit_SUCCESS
 *fill*         0x0000000000401e48        0x8 
 .text.full_write
                0x0000000000401e50       0x4e libbb/lib.a(full_write.o)
                0x0000000000401e50                full_write
 *fill*         0x0000000000401e9e        0x2 
 .text.safe_write
                0x0000000000401ea0       0x4c libbb/lib.a(safe_write.o)
                0x0000000000401ea0                safe_write
 *fill*         0x0000000000401eec        0x4 
 .text.less_main
                0x0000000000401ef0      0xb69 miscutils/lib.a(less.o)
                0x0000000000401ef0                less_main
 *fill*         0x0000000000402a59        0x7 
 .text.sig_catcher
                0x0000000000402a60        0xf miscutils/lib.a(less.o)
 *fill*         0x0000000000402a6f        0x1 
 .text.reinitialize
                0x0000000000402a70       0xe2 miscutils/lib.a(less.o)
 *fill*         0x0000000000402b52        0xe 
 .text.restore_tty
                0x0000000000402b60       0x41 miscutils/lib.a(less.o)
 *fill*         0x0000000000402ba1        0xf 
 .text.read_lines
                0x0000000000402bb0      0x301 miscutils/lib.a(less.o)
 *fill*         0x0000000000402eb1        0xf 
 .text.buffer_print
                0x0000000000402ec0       0xc0 miscutils/lib.a(less.o)
 .text.print_found
                0x0000000000402f80      0x1b0 miscutils/lib.a(less.o)
 .text.print_ascii
                0x0000000000403130      0x172 miscutils/lib.a(less.o)
 *fill*         0x00000000004032a2        0xe 
 .text.less_exit
                0x00000000004032b0        0xb miscutils/lib.a(less.o)
 *fill*         0x00000000004032bb        0x5 
 .text.status_print
                0x00000000004032c0       0x73 miscutils/lib.a(less.o)
 *fill*         0x0000000000403333        0xd 
 .text.getch_nowait
                0x0000000000403340      0x15a miscutils/lib.a(less.o)
 *fill*         0x000000000040349a        0x6 
 .text.examine_file
                0x00000000004034a0       0xd2 miscutils/lib.a(less.o)
 *fill*         0x0000000000403572        0xe 
 .text.regex_process
                0x0000000000403580      0x22c miscutils/lib.a(less.o)
 *fill*         0x00000000004037ac        0x4 
 .text.goto_match
                0x00000000004037b0      0x11e miscutils/lib.a(less.o)
 *fill*         0x00000000004038ce        0x2 
 .text.less_gets
                0x00000000004038d0      0x103 miscutils/lib.a(less.o)
 *fill*         0x00000000004039d3        0xd 
 .text.change_file
                0x00000000004039e0       0xa7 miscutils/lib.a(less.o)
 *fill*         0x0000000000403a87        0x9 
 .text.hostname_main
                0x0000000000403a90      0x1b0 networking/lib.a(hostname.o)
                0x0000000000403a90                hostname_main
 .text.ifconfig_main
                0x0000000000403c40      0x456 networking/lib.a(ifconfig.o)
                0x0000000000403c40                ifconfig_main
 *fill*         0x0000000000404096        0xa 
 .text.ping_main
                0x00000000004040a0      0x15d networking/lib.a(ping.o)
                0x00000000004040a0                ping_main
 *fill*         0x00000000004041fd        0x3 
 .text.noresp   0x0000000000404200       0x23 networking/lib.a(ping.o)
 *fill*         0x0000000000404223        0xd 
 .text.wget_main
                0x0000000000404230      0x8c4 networking/lib.a(wget.o)
                0x0000000000404230                wget_main
 *fill*         0x0000000000404af4        0xc 
 .text.parse_url
                0x0000000000404b00      0x17a networking/lib.a(wget.o)
 *fill*         0x0000000000404c7a        0x6 
 .text.fgets_trim_sanitize
                0x0000000000404c80       0xa3 networking/lib.a(wget.o)
 *fill*         0x0000000000404d23        0xd 
 .text.get_sanitized_hdr
                0x0000000000404d30       0x9f networking/lib.a(wget.o)
 *fill*         0x0000000000404dcf        0x1 
 .text.retrieve_file_data
                0x0000000000404dd0      0x2c2 networking/lib.a(wget.o)
 *fill*         0x0000000000405092        0xe 
 .text.new_tls_state
                0x00000000004050a0        0xa networking/lib.a(wget.o)
 *fill*         0x00000000004050aa        0x6 
 .text.tls_get_random
                0x00000000004050b0       0x24 networking/lib.a(tls.o)
                0x00000000004050b0                tls_get_random
 *fill*         0x00000000004050d4        0xc 
 .text.xorbuf   0x00000000004050e0      0x10e networking/lib.a(tls.o)
                0x00000000004050e0                xorbuf
 *fill*         0x00000000004051ee        0x2 
 .text.xorbuf_aligned_AES_BLOCK_SIZE
                0x00000000004051f0        0xf networking/lib.a(tls.o)
                0x00000000004051f0                xorbuf_aligned_AES_BLOCK_SIZE
 *fill*         0x00000000004051ff        0x1 
 .text.tls_handshake
                0x0000000000405200     0x1347 networking/lib.a(tls.o)
                0x0000000000405200                tls_handshake
 *fill*         0x0000000000406547        0x9 
 .text.tls_xread_handshake_block
                0x0000000000406550       0xac networking/lib.a(tls.o)
 *fill*         0x00000000004065fc        0x4 
 .text.tls_xread_record
                0x0000000000406600      0x44e networking/lib.a(tls.o)
 *fill*         0x0000000000406a4e        0x2 
 .text.tls_run_copy_loop
                0x0000000000406a50      0x20c networking/lib.a(tls.o)
                0x0000000000406a50                tls_run_copy_loop
 *fill*         0x0000000000406c5c        0x4 
 .text.xwrite_encrypted
                0x0000000000406c60      0x3ce networking/lib.a(tls.o)
 *fill*         0x000000000040702e        0x2 
 .text.hmac     0x0000000000407030      0x1b9 networking/lib.a(tls.o)
 *fill*         0x00000000004071e9        0x7 
 .text.der_binary_to_pstm
                0x00000000004071f0       0x87 networking/lib.a(tls.o)
 *fill*         0x0000000000407277        0x9 
 .text.prf_hmac_sha256
                0x0000000000407280      0x28d networking/lib.a(tls.o)
 *fill*         0x000000000040750d        0x3 
 .text.hmac_sha_precomputed
                0x0000000000407510      0x131 networking/lib.a(tls.o)
 *fill*         0x0000000000407641        0xf 
 .text.alert_text
                0x0000000000407650       0x57 networking/lib.a(tls.o)
 *fill*         0x00000000004076a7        0x9 
 .text.aes_setkey
                0x00000000004076b0      0x232 networking/lib.a(tls_aes.o)
                0x00000000004076b0                aes_setkey
 *fill*         0x00000000004078e2        0xe 
 .text.aes_encrypt_one_block
                0x00000000004078f0       0x9f networking/lib.a(tls_aes.o)
                0x00000000004078f0                aes_encrypt_one_block
 *fill*         0x000000000040798f        0x1 
 .text.aes_encrypt_1
                0x0000000000407990      0x2aa networking/lib.a(tls_aes.o)
 *fill*         0x0000000000407c3a        0x6 
 .text.aes_cbc_encrypt
                0x0000000000407c40      0x13c networking/lib.a(tls_aes.o)
                0x0000000000407c40                aes_cbc_encrypt
 *fill*         0x0000000000407d7c        0x4 
 .text.aes_cbc_decrypt
                0x0000000000407d80      0x730 networking/lib.a(tls_aes.o)
                0x0000000000407d80                aes_cbc_decrypt
 .text.AddRoundKey
                0x00000000004084b0       0xe3 networking/lib.a(tls_aes.o)
 *fill*         0x0000000000408593        0xd 
 .text.aesgcm_GHASH
                0x00000000004085a0      0x2f7 networking/lib.a(tls_aesgcm.o)
                0x00000000004085a0                aesgcm_GHASH
 *fill*         0x0000000000408897        0x9 
 .text.curve_x25519_compute_pubkey_and_premaster
                0x00000000004088a0       0x5c networking/lib.a(tls_fe.o)
                0x00000000004088a0                curve_x25519_compute_pubkey_and_premaster
 *fill*         0x00000000004088fc        0x4 
 .text.curve25519
                0x0000000000408900     0x2893 networking/lib.a(tls_fe.o)
 *fill*         0x000000000040b193        0xd 
 .text.xc_diffadd
                0x000000000040b1a0     0x1302 networking/lib.a(tls_fe.o)
 *fill*         0x000000000040c4a2        0xe 
 .text.pstm_grow
                0x000000000040c4b0       0x4e networking/lib.a(tls_pstm.o)
                0x000000000040c4b0                pstm_grow
 *fill*         0x000000000040c4fe        0x2 
 .text.pstm_copy
                0x000000000040c500       0xac networking/lib.a(tls_pstm.o)
                0x000000000040c500                pstm_copy
 *fill*         0x000000000040c5ac        0x4 
 .text.pstm_clamp
                0x000000000040c5b0       0x2c networking/lib.a(tls_pstm.o)
                0x000000000040c5b0                pstm_clamp
 *fill*         0x000000000040c5dc        0x4 
 .text.pstm_clear
                0x000000000040c5e0       0x48 networking/lib.a(tls_pstm.o)
                0x000000000040c5e0                pstm_clear
 *fill*         0x000000000040c628        0x8 
 .text.pstm_cmp_mag
                0x000000000040c630       0x38 networking/lib.a(tls_pstm.o)
                0x000000000040c630                pstm_cmp_mag
 *fill*         0x000000000040c668        0x8 
 .text.pstm_cmp
                0x000000000040c670       0x86 networking/lib.a(tls_pstm.o)
                0x000000000040c670                pstm_cmp
 *fill*         0x000000000040c6f6        0xa 
 .text.pstm_init_for_read_unsigned_bin
                0x000000000040c700       0x37 networking/lib.a(tls_pstm.o)
                0x000000000040c700                pstm_init_for_read_unsigned_bin
 *fill*         0x000000000040c737        0x9 
 .text.pstm_read_unsigned_bin
                0x000000000040c740      0x23a networking/lib.a(tls_pstm.o)
                0x000000000040c740                pstm_read_unsigned_bin
 *fill*         0x000000000040c97a        0x6 
 .text.pstm_unsigned_bin_size
                0x000000000040c980       0x41 networking/lib.a(tls_pstm.o)
                0x000000000040c980                pstm_unsigned_bin_size
 *fill*         0x000000000040c9c1        0xf 
 .text.s_pstm_sub
                0x000000000040c9d0      0x18f networking/lib.a(tls_pstm.o)
                0x000000000040c9d0                s_pstm_sub
 *fill*         0x000000000040cb5f        0x1 
 .text.pstm_sub
                0x000000000040cb60       0x67 networking/lib.a(tls_pstm.o)
                0x000000000040cb60                pstm_sub
 *fill*         0x000000000040cbc7        0x9 
 .text.s_pstm_add
                0x000000000040cbd0      0x182 networking/lib.a(tls_pstm.o)
 *fill*         0x000000000040cd52        0xe 
 .text.pstm_mulmod
                0x000000000040cd60       0xe9 networking/lib.a(tls_pstm.o)
                0x000000000040cd60                pstm_mulmod
 *fill*         0x000000000040ce49        0x7 
 .text.pstm_mod
                0x000000000040ce50      0xff0 networking/lib.a(tls_pstm.o)
 .text.pstm_exptmod
                0x000000000040de40      0xa9a networking/lib.a(tls_pstm.o)
                0x000000000040de40                pstm_exptmod
 *fill*         0x000000000040e8da        0x6 
 .text.pstm_init_copy
                0x000000000040e8e0       0xe0 networking/lib.a(tls_pstm.o)
 .text.pstm_add
                0x000000000040e9c0       0x66 networking/lib.a(tls_pstm.o)
                0x000000000040e9c0                pstm_add
 *fill*         0x000000000040ea26        0xa 
 .text.pstm_to_unsigned_bin
                0x000000000040ea30      0x1e6 networking/lib.a(tls_pstm.o)
                0x000000000040ea30                pstm_to_unsigned_bin
 *fill*         0x000000000040ec16        0xa 
 .text.pstm_div_2d
                0x000000000040ec20      0x2fb networking/lib.a(tls_pstm.o)
 *fill*         0x000000000040ef1b        0x5 
 .text.pstm_mul_2d
                0x000000000040ef20      0x315 networking/lib.a(tls_pstm.o)
 *fill*         0x000000000040f235        0xb 
 .text.pstm_mul_d
                0x000000000040f240      0x117 networking/lib.a(tls_pstm.o)
 *fill*         0x000000000040f357        0x9 
 .text.pstm_montgomery_reduce
                0x000000000040f360      0x3b0 networking/lib.a(tls_pstm_montgomery_reduce.o)
                0x000000000040f360                pstm_montgomery_reduce
 .text.pstm_mul_comba
                0x000000000040f710      0x344 networking/lib.a(tls_pstm_mul_comba.o)
                0x000000000040f710                pstm_mul_comba
 *fill*         0x000000000040fa54        0xc 
 .text.pstm_sqr_comba
                0x000000000040fa60      0x349 networking/lib.a(tls_pstm_sqr_comba.o)
                0x000000000040fa60                pstm_sqr_comba
 *fill*         0x000000000040fda9        0x7 
 .text.psRsaEncryptPub
                0x000000000040fdb0      0x44f networking/lib.a(tls_rsa.o)
                0x000000000040fdb0                psRsaEncryptPub
 *fill*         0x00000000004101ff        0x1 
 .text.curve_P256_compute_pubkey_and_premaster
                0x0000000000410200      0x250 networking/lib.a(tls_sp_c32.o)
                0x0000000000410200                curve_P256_compute_pubkey_and_premaster
 .text.sp_256_ecc_mulmod_8
                0x0000000000410450      0x633 networking/lib.a(tls_sp_c32.o)
 *fill*         0x0000000000410a83        0xd 
 .text.sp_256_mod_mul_norm_8
                0x0000000000410a90      0x149 networking/lib.a(tls_sp_c32.o)
 *fill*         0x0000000000410bd9        0x7 
 .text.sp_256_proj_point_add_8
                0x0000000000410be0     0x1307 networking/lib.a(tls_sp_c32.o)
 *fill*         0x0000000000411ee7        0x9 
 .text.sp_256_proj_point_dbl_8
                0x0000000000411ef0      0xc21 networking/lib.a(tls_sp_c32.o)
 *fill*         0x0000000000412b11        0xf 
 .text.sp_512to256_mont_reduce_8
                0x0000000000412b20       0xe5 networking/lib.a(tls_sp_c32.o)
 *fill*         0x0000000000412c05        0xb 
 .text.sp_256_mont_mul_and_reduce_8
                0x0000000000412c10      0x103 networking/lib.a(tls_sp_c32.o)
 *fill*         0x0000000000412d13        0xd 
 .text.kill_main
                0x0000000000412d20      0x34c procps/lib.a(kill.o)
                0x0000000000412d20                kill_main
 *fill*         0x000000000041306c        0x4 
 .text.ps_main  0x0000000000413070      0x130 procps/lib.a(ps.o)
                0x0000000000413070                ps_main
 .text.sysctl_main
                0x00000000004131a0      0x177 procps/lib.a(sysctl.o)
                0x00000000004131a0                sysctl_main
 *fill*         0x0000000000413317        0x9 
 .text.sysctl_act_recursive
                0x0000000000413320       0xf5 procps/lib.a(sysctl.o)
 *fill*         0x0000000000413415        0xb 
 .text.sysctl_dots_to_slashes
                0x0000000000413420      0x14a procps/lib.a(sysctl.o)
 *fill*         0x000000000041356a        0x6 
 .text.sysctl_act_on_setting
                0x0000000000413570      0x22a procps/lib.a(sysctl.o)
 *fill*         0x000000000041379a        0x6 
 .text.ash_main
                0x00000000004137a0      0x769 shell/lib.a(ash.o)
                0x00000000004137a0                ash_main
 *fill*         0x0000000000413f09        0x7 
 .text.exitreset
                0x0000000000413f10       0xae shell/lib.a(ash.o)
 *fill*         0x0000000000413fbe        0x2 
 .text.exitshell
                0x0000000000413fc0       0x8b shell/lib.a(ash.o)
 *fill*         0x000000000041404b        0x5 
 .text.init     0x0000000000414050      0x24d shell/lib.a(ash.o)
 *fill*         0x000000000041429d        0x3 
 .text.lookupvar
                0x00000000004142a0      0x149 shell/lib.a(ash.o)
 *fill*         0x00000000004143e9        0x7 
 .text.evalstring
                0x00000000004143f0      0x29c shell/lib.a(ash.o)
 *fill*         0x000000000041468c        0x4 
 .text.cmdloop  0x0000000000414690      0x24f shell/lib.a(ash.o)
 *fill*         0x00000000004148df        0x1 
 .text.changepath
                0x00000000004148e0       0x64 shell/lib.a(ash.o)
 *fill*         0x0000000000414944        0xc 
 .text.getoptsreset
                0x0000000000414950       0x6c shell/lib.a(ash.o)
 *fill*         0x00000000004149bc        0x4 
 .text.change_seconds
                0x00000000004149c0       0x5b shell/lib.a(ash.o)
 *fill*         0x0000000000414a1b        0x5 
 .text.change_realtime
                0x0000000000414a20       0x5b shell/lib.a(ash.o)
 *fill*         0x0000000000414a7b        0x5 
 .text.prefix   0x0000000000414a80       0x1b shell/lib.a(ash.o)
 *fill*         0x0000000000414a9b        0x5 
 .text.clearcmdentry
                0x0000000000414aa0       0x92 shell/lib.a(ash.o)
 *fill*         0x0000000000414b32        0xe 
 .text.int_on   0x0000000000414b40       0x1c shell/lib.a(ash.o)
 *fill*         0x0000000000414b5c        0x4 
 .text.raise_interrupt
                0x0000000000414b60       0x45 shell/lib.a(ash.o)
 *fill*         0x0000000000414ba5        0xb 
 .text.raise_exception
                0x0000000000414bb0       0x20 shell/lib.a(ash.o)
 .text.number   0x0000000000414bd0       0x34 shell/lib.a(ash.o)
 *fill*         0x0000000000414c04        0xc 
 .text.ash_msg_and_raise_error
                0x0000000000414c10       0xa0 shell/lib.a(ash.o)
 .text.ash_vmsg_and_raise
                0x0000000000414cb0       0x1a shell/lib.a(ash.o)
 *fill*         0x0000000000414cca        0x6 
 .text.ash_vmsg
                0x0000000000414cd0       0xd4 shell/lib.a(ash.o)
 *fill*         0x0000000000414da4        0xc 
 .text.flush_stdout_stderr
                0x0000000000414db0       0x25 shell/lib.a(ash.o)
 *fill*         0x0000000000414dd5        0xb 
 .text.setvar   0x0000000000414de0       0xe4 shell/lib.a(ash.o)
 *fill*         0x0000000000414ec4        0xc 
 .text.setvareq
                0x0000000000414ed0      0x222 shell/lib.a(ash.o)
 *fill*         0x00000000004150f2        0xe 
 .text.ifsfree  0x0000000000415100       0x5b shell/lib.a(ash.o)
 *fill*         0x000000000041515b        0x5 
 .text.popredir
                0x0000000000415160       0xc7 shell/lib.a(ash.o)
 *fill*         0x0000000000415227        0x9 
 .text.dup2_or_raise
                0x0000000000415230       0x26 shell/lib.a(ash.o)
 *fill*         0x0000000000415256        0xa 
 .text.setjobctl
                0x0000000000415260      0x1cd shell/lib.a(ash.o)
 *fill*         0x000000000041542d        0x3 
 .text.ash_msg  0x0000000000415430       0x90 shell/lib.a(ash.o)
 .text.setsignal
                0x00000000004154c0      0x15f shell/lib.a(ash.o)
 *fill*         0x000000000041561f        0x1 
 .text.signal_handler
                0x0000000000415620       0x5d shell/lib.a(ash.o)
 *fill*         0x000000000041567d        0x3 
 .text.unwindlocalvars
                0x0000000000415680      0x11a shell/lib.a(ash.o)
 *fill*         0x000000000041579a        0x6 
 .text.popfile  0x00000000004157a0       0x94 shell/lib.a(ash.o)
 *fill*         0x0000000000415834        0xc 
 .text.freestrings
                0x0000000000415840       0x87 shell/lib.a(ash.o)
 *fill*         0x00000000004158c7        0x9 
 .text.popstring
                0x00000000004158d0       0x9f shell/lib.a(ash.o)
 *fill*         0x000000000041596f        0x1 
 .text.unalias  0x0000000000415970       0xdc shell/lib.a(ash.o)
 *fill*         0x0000000000415a4c        0x4 
 .text.optschanged
                0x0000000000415a50       0x84 shell/lib.a(ash.o)
 *fill*         0x0000000000415ad4        0xc 
 .text.out1fmt  0x0000000000415ae0       0xaf shell/lib.a(ash.o)
 *fill*         0x0000000000415b8f        0x1 
 .text.setvar0  0x0000000000415b90        0x7 shell/lib.a(ash.o)
 *fill*         0x0000000000415b97        0x9 
 .text.setpwd   0x0000000000415ba0       0xd9 shell/lib.a(ash.o)
 *fill*         0x0000000000415c79        0x7 
 .text.stalloc  0x0000000000415c80       0xaf shell/lib.a(ash.o)
 *fill*         0x0000000000415d2f        0x1 
 .text.options  0x0000000000415d30      0x496 shell/lib.a(ash.o)
 *fill*         0x00000000004161c6        0xa 
 .text.setinputfile
                0x00000000004161d0      0x11c shell/lib.a(ash.o)
 *fill*         0x00000000004162ec        0x4 
 .text.setparam
                0x00000000004162f0       0xc3 shell/lib.a(ash.o)
 *fill*         0x00000000004163b3        0xd 
 .text.expandstr
                0x00000000004163c0      0x253 shell/lib.a(ash.o)
 *fill*         0x0000000000416613        0xd 
 .text.readtoken1
                0x0000000000416620     0x1bcb shell/lib.a(ash.o)
 *fill*         0x00000000004181eb        0x5 
 .text.pgetc_eatbnl
                0x00000000004181f0       0x8e shell/lib.a(ash.o)
 *fill*         0x000000000041827e        0x2 
 .text.expandarg
                0x0000000000418280      0x7cb shell/lib.a(ash.o)
 *fill*         0x0000000000418a4b        0x5 
 .text.raise_error_syntax
                0x0000000000418a50       0x29 shell/lib.a(ash.o)
 *fill*         0x0000000000418a79        0x7 
 .text.pushstring
                0x0000000000418a80       0xd5 shell/lib.a(ash.o)
 *fill*         0x0000000000418b55        0xb 
 .text.setprompt_if
                0x0000000000418b60       0xe4 shell/lib.a(ash.o)
 *fill*         0x0000000000418c44        0xc 
 .text.list     0x0000000000418c50      0x2f9 shell/lib.a(ash.o)
 *fill*         0x0000000000418f49        0x7 
 .text.readtoken
                0x0000000000418f50      0x168 shell/lib.a(ash.o)
 *fill*         0x00000000004190b8        0x8 
 .text.raise_error_unexpected_syntax
                0x00000000004190c0       0xae shell/lib.a(ash.o)
 *fill*         0x000000000041916e        0x2 
 .text.parseheredoc
                0x0000000000419170      0x1d5 shell/lib.a(ash.o)
 *fill*         0x0000000000419345        0xb 
 .text.__pgetc  0x0000000000419350      0x169 shell/lib.a(ash.o)
 *fill*         0x00000000004194b9        0x7 
 .text.out2str  0x00000000004194c0       0x42 shell/lib.a(ash.o)
 *fill*         0x0000000000419502        0xe 
 .text.growstackblock
                0x0000000000419510       0xe1 shell/lib.a(ash.o)
 *fill*         0x00000000004195f1        0xf 
 .text.pipeline
                0x0000000000419600      0x281 shell/lib.a(ash.o)
 *fill*         0x0000000000419881        0xf 
 .text.parse_command
                0x0000000000419890      0xe39 shell/lib.a(ash.o)
 *fill*         0x000000000041a6c9        0x7 
 .text.parsefname
                0x000000000041a6d0      0x255 shell/lib.a(ash.o)
 *fill*         0x000000000041a925        0xb 
 .text.pstrcmp1
                0x000000000041a930        0xb shell/lib.a(ash.o)
 *fill*         0x000000000041a93b        0x5 
 .text.dotcmd   0x000000000041a940      0x1c7 shell/lib.a(ash.o)
 *fill*         0x000000000041ab07        0x9 
 .text.truecmd  0x000000000041ab10        0x3 shell/lib.a(ash.o)
 *fill*         0x000000000041ab13        0xd 
 .text.testcmd  0x000000000041ab20        0x5 shell/lib.a(ash.o)
 *fill*         0x000000000041ab25        0xb 
 .text.aliascmd
                0x000000000041ab30      0x28f shell/lib.a(ash.o)
 *fill*         0x000000000041adbf        0x1 
 .text.fg_bgcmd
                0x000000000041adc0      0x2be shell/lib.a(ash.o)
 *fill*         0x000000000041b07e        0x2 
 .text.breakcmd
                0x000000000041b080       0x7c shell/lib.a(ash.o)
 *fill*         0x000000000041b0fc        0x4 
 .text.cdcmd    0x000000000041b100      0x4d6 shell/lib.a(ash.o)
 *fill*         0x000000000041b5d6        0xa 
 .text.commandcmd
                0x000000000041b5e0       0x71 shell/lib.a(ash.o)
 *fill*         0x000000000041b651        0xf 
 .text.echocmd  0x000000000041b660        0x5 shell/lib.a(ash.o)
 *fill*         0x000000000041b665        0xb 
 .text.execcmd  0x000000000041b670       0x8e shell/lib.a(ash.o)
 *fill*         0x000000000041b6fe        0x2 
 .text.exitcmd  0x000000000041b700       0x58 shell/lib.a(ash.o)
 *fill*         0x000000000041b758        0x8 
 .text.exportcmd
                0x000000000041b760      0x19b shell/lib.a(ash.o)
 *fill*         0x000000000041b8fb        0x5 
 .text.falsecmd
                0x000000000041b900        0x6 shell/lib.a(ash.o)
 *fill*         0x000000000041b906        0xa 
 .text.getoptscmd
                0x000000000041b910      0x341 shell/lib.a(ash.o)
 *fill*         0x000000000041bc51        0xf 
 .text.hashcmd  0x000000000041bc60      0x27b shell/lib.a(ash.o)
 *fill*         0x000000000041bedb        0x5 
 .text.helpcmd  0x000000000041bee0       0xce shell/lib.a(ash.o)
 *fill*         0x000000000041bfae        0x2 
 .text.jobscmd  0x000000000041bfb0       0x94 shell/lib.a(ash.o)
 *fill*         0x000000000041c044        0xc 
 .text.killcmd  0x000000000041c050      0x124 shell/lib.a(ash.o)
 *fill*         0x000000000041c174        0xc 
 .text.letcmd   0x000000000041c180       0x9d shell/lib.a(ash.o)
 *fill*         0x000000000041c21d        0x3 
 .text.localcmd
                0x000000000041c220       0x43 shell/lib.a(ash.o)
 *fill*         0x000000000041c263        0xd 
 .text.printfcmd
                0x000000000041c270        0x5 shell/lib.a(ash.o)
 *fill*         0x000000000041c275        0xb 
 .text.pwdcmd   0x000000000041c280       0x8d shell/lib.a(ash.o)
 *fill*         0x000000000041c30d        0x3 
 .text.readcmd  0x000000000041c310      0x17f shell/lib.a(ash.o)
 *fill*         0x000000000041c48f        0x1 
 .text.returncmd
                0x000000000041c490       0x54 shell/lib.a(ash.o)
 *fill*         0x000000000041c4e4        0xc 
 .text.setcmd   0x000000000041c4f0       0x69 shell/lib.a(ash.o)
 *fill*         0x000000000041c559        0x7 
 .text.shiftcmd
                0x000000000041c560       0xe2 shell/lib.a(ash.o)
 *fill*         0x000000000041c642        0xe 
 .text.sleepcmd
                0x000000000041c650        0x5 shell/lib.a(ash.o)
 *fill*         0x000000000041c655        0xb 
 .text.timescmd
                0x000000000041c660      0x16d shell/lib.a(ash.o)
 *fill*         0x000000000041c7cd        0x3 
 .text.trapcmd  0x000000000041c7d0      0x1c7 shell/lib.a(ash.o)
 *fill*         0x000000000041c997        0x9 
 .text.typecmd  0x000000000041c9a0       0x52 shell/lib.a(ash.o)
 *fill*         0x000000000041c9f2        0xe 
 .text.ulimitcmd
                0x000000000041ca00        0x8 shell/lib.a(ash.o)
 *fill*         0x000000000041ca08        0x8 
 .text.umaskcmd
                0x000000000041ca10      0x1a2 shell/lib.a(ash.o)
 *fill*         0x000000000041cbb2        0xe 
 .text.unaliascmd
                0x000000000041cbc0      0x12b shell/lib.a(ash.o)
 *fill*         0x000000000041cceb        0x5 
 .text.unsetcmd
                0x000000000041ccf0      0x153 shell/lib.a(ash.o)
 *fill*         0x000000000041ce43        0xd 
 .text.waitcmd  0x000000000041ce50      0x202 shell/lib.a(ash.o)
 *fill*         0x000000000041d052        0xe 
 .text.nextopt  0x000000000041d060       0xed shell/lib.a(ash.o)
 *fill*         0x000000000041d14d        0x3 
 .text.padvance
                0x000000000041d150      0x1da shell/lib.a(ash.o)
 *fill*         0x000000000041d32a        0x6 
 .text.single_quote
                0x000000000041d330      0x17c shell/lib.a(ash.o)
 *fill*         0x000000000041d4ac        0x4 
 .text.getjob   0x000000000041d4b0      0x186 shell/lib.a(ash.o)
 *fill*         0x000000000041d636        0xa 
 .text.out1str  0x000000000041d640       0x2f shell/lib.a(ash.o)
 *fill*         0x000000000041d66f        0x1 
 .text.waitforjob
                0x000000000041d670       0xf6 shell/lib.a(ash.o)
 *fill*         0x000000000041d766        0xa 
 .text.dowait   0x000000000041d770      0x396 shell/lib.a(ash.o)
 *fill*         0x000000000041db06        0xa 
 .text.freejob  0x000000000041db10       0x97 shell/lib.a(ash.o)
 *fill*         0x000000000041dba7        0x9 
 .text.fmtstr   0x000000000041dbb0       0xb4 shell/lib.a(ash.o)
 *fill*         0x000000000041dc64        0xc 
 .text.describe_command
                0x000000000041dc70      0x30e shell/lib.a(ash.o)
 *fill*         0x000000000041df7e        0x2 
 .text.find_command
                0x000000000041df80      0x558 shell/lib.a(ash.o)
 *fill*         0x000000000041e4d8        0x8 
 .text.pstrcmp  0x000000000041e4e0        0x8 shell/lib.a(ash.o)
 *fill*         0x000000000041e4e8        0x8 
 .text.cmdlookup
                0x000000000041e4f0       0xb4 shell/lib.a(ash.o)
 *fill*         0x000000000041e5a4        0xc 
 .text.delete_cmd_entry
                0x000000000041e5b0       0x66 shell/lib.a(ash.o)
 *fill*         0x000000000041e616        0xa 
 .text.errmsg   0x000000000041e620       0x12 shell/lib.a(ash.o)
 *fill*         0x000000000041e632        0xe 
 .text.shellexec
                0x000000000041e640      0x260 shell/lib.a(ash.o)
 .text.ash_msg_and_raise
                0x000000000041e8a0       0x8f shell/lib.a(ash.o)
 *fill*         0x000000000041e92f        0x1 
 .text.showvars
                0x000000000041e930      0x164 shell/lib.a(ash.o)
 *fill*         0x000000000041ea94        0xc 
 .text.vpcmp    0x000000000041eaa0       0x54 shell/lib.a(ash.o)
 *fill*         0x000000000041eaf4        0xc 
 .text.showjob  0x000000000041eb00      0x34e shell/lib.a(ash.o)
 *fill*         0x000000000041ee4e        0x2 
 .text.mklocal  0x000000000041ee50      0x242 shell/lib.a(ash.o)
 *fill*         0x000000000041f092        0xe 
 .text.rmescapes
                0x000000000041f0a0      0x1db shell/lib.a(ash.o)
 *fill*         0x000000000041f27b        0x5 
 .text.xxreadtoken
                0x000000000041f280      0x24b shell/lib.a(ash.o)
 *fill*         0x000000000041f4cb        0x5 
 .text.argstr   0x000000000041f4d0      0xbed shell/lib.a(ash.o)
 *fill*         0x00000000004200bd        0x3 
 .text.evalvar  0x00000000004200c0      0x2b4 shell/lib.a(ash.o)
 *fill*         0x0000000000420374        0xc 
 .text.strtodest
                0x0000000000420380       0xe3 shell/lib.a(ash.o)
 *fill*         0x0000000000420463        0xd 
 .text.varvalue
                0x0000000000420470      0x3c6 shell/lib.a(ash.o)
 *fill*         0x0000000000420836        0xa 
 .text.subevalvar
                0x0000000000420840      0xc8c shell/lib.a(ash.o)
 *fill*         0x00000000004214cc        0x4 
 .text.varunset
                0x00000000004214d0       0x67 shell/lib.a(ash.o)
 *fill*         0x0000000000421537        0x9 
 .text.cvtnum   0x0000000000421540       0xfc shell/lib.a(ash.o)
 *fill*         0x000000000042163c        0x4 
 .text.scanright
                0x0000000000421640      0x135 shell/lib.a(ash.o)
 *fill*         0x0000000000421775        0xb 
 .text.scanleft
                0x0000000000421780       0x78 shell/lib.a(ash.o)
 *fill*         0x00000000004217f8        0x8 
 .text.removerecordregions
                0x0000000000421800      0x119 shell/lib.a(ash.o)
 *fill*         0x0000000000421919        0x7 
 .text.makejob  0x0000000000421920      0x213 shell/lib.a(ash.o)
 *fill*         0x0000000000421b33        0xd 
 .text.forkshell
                0x0000000000421b40      0x177 shell/lib.a(ash.o)
 *fill*         0x0000000000421cb7        0x9 
 .text.forkchild
                0x0000000000421cc0      0x315 shell/lib.a(ash.o)
 *fill*         0x0000000000421fd5        0xb 
 .text.ignoresig
                0x0000000000421fe0       0x36 shell/lib.a(ash.o)
 *fill*         0x0000000000422016        0xa 
 .text.cmdtxt   0x0000000000422020      0x36f shell/lib.a(ash.o)
 *fill*         0x000000000042238f        0x1 
 .text.cmdputs  0x0000000000422390      0x194 shell/lib.a(ash.o)
 *fill*         0x0000000000422524        0xc 
 .text.evaltree
                0x0000000000422530      0x64b shell/lib.a(ash.o)
 *fill*         0x0000000000422b7b        0x5 
 .text.dotrap   0x0000000000422b80      0x143 shell/lib.a(ash.o)
 *fill*         0x0000000000422cc3        0xd 
 .text.expredir
                0x0000000000422cd0      0x185 shell/lib.a(ash.o)
 *fill*         0x0000000000422e55        0xb 
 .text.redirectsafe
                0x0000000000422e60       0xa8 shell/lib.a(ash.o)
 *fill*         0x0000000000422f08        0x8 
 .text.evalcommand
                0x0000000000422f10      0xae8 shell/lib.a(ash.o)
 *fill*         0x00000000004239f8        0x8 
 .text.evalfor  0x0000000000423a00      0x101 shell/lib.a(ash.o)
 *fill*         0x0000000000423b01        0xf 
 .text.evalloop
                0x0000000000423b10       0xad shell/lib.a(ash.o)
 *fill*         0x0000000000423bbd        0x3 
 .text.evalsubshell
                0x0000000000423bc0       0xe7 shell/lib.a(ash.o)
 *fill*         0x0000000000423ca7        0x9 
 .text.evalpipe
                0x0000000000423cb0      0x1bd shell/lib.a(ash.o)
 *fill*         0x0000000000423e6d        0x3 
 .text.evalcase
                0x0000000000423e70      0x2d3 shell/lib.a(ash.o)
 *fill*         0x0000000000424143        0xd 
 .text.redirect
                0x0000000000424150      0x6a3 shell/lib.a(ash.o)
 *fill*         0x00000000004247f3        0xd 
 .text.bltincmd
                0x0000000000424800        0xf shell/lib.a(ash.o)
 *fill*         0x000000000042480f        0x1 
 .text.evalbltin
                0x0000000000424810      0x213 shell/lib.a(ash.o)
 *fill*         0x0000000000424a23        0xd 
 .text.evalfun  0x0000000000424a30      0x1fd shell/lib.a(ash.o)
 *fill*         0x0000000000424c2d        0x3 
 .text.calcsize
                0x0000000000424c30      0x12a shell/lib.a(ash.o)
 *fill*         0x0000000000424d5a        0x6 
 .text.copynode
                0x0000000000424d60      0x245 shell/lib.a(ash.o)
 *fill*         0x0000000000424fa5        0xb 
 .text.arith    0x0000000000424fb0       0x14 shell/lib.a(math.o)
                0x0000000000424fb0                arith
 *fill*         0x0000000000424fc4        0xc 
 .text.evaluate_string
                0x0000000000424fd0      0x54b shell/lib.a(math.o)
 *fill*         0x000000000042551b        0x5 
 .text.arith_lookup_val
                0x0000000000425520       0x9e shell/lib.a(math.o)
 *fill*         0x00000000004255be        0x2 
 .text.arith_apply
                0x00000000004255c0      0x4da shell/lib.a(math.o)
 *fill*         0x0000000000425a9a        0x6 
 .text.shell_builtin_read
                0x0000000000425aa0      0x5dd shell/lib.a(shell_common.o)
                0x0000000000425aa0                shell_builtin_read
 *fill*         0x000000000042607d        0x3 
 .text.shell_builtin_ulimit
                0x0000000000426080      0x39d shell/lib.a(shell_common.o)
                0x0000000000426080                shell_builtin_ulimit
 *fill*         0x000000000042641d        0x3 
 .text.dmesg_main
                0x0000000000426420       0xe3 util-linux/lib.a(dmesg.o)
                0x0000000000426420                dmesg_main
 *fill*         0x0000000000426503        0xd 
 .text.append_ext
                0x0000000000426510       0x14 archival/lib.a(bbunzip.o)
                0x0000000000426510                append_ext
 *fill*         0x0000000000426524        0xc 
 .text.bbunpack
                0x0000000000426530      0x2d4 archival/lib.a(bbunzip.o)
                0x0000000000426530                bbunpack
 *fill*         0x0000000000426804        0xc 
 .text.gunzip_main
                0x0000000000426810       0x50 archival/lib.a(bbunzip.o)
                0x0000000000426810                gunzip_main
 .text.make_new_name_gunzip
                0x0000000000426860       0x75 archival/lib.a(bbunzip.o)
 *fill*         0x00000000004268d5        0xb 
 .text.bunzip2_main
                0x00000000004268e0       0x52 archival/lib.a(bbunzip.o)
                0x00000000004268e0                bunzip2_main
 *fill*         0x0000000000426932        0xe 
 .text.make_new_name_generic
                0x0000000000426940       0x3e archival/lib.a(bbunzip.o)
 *fill*         0x000000000042697e        0x2 
 .text.unxz_main
                0x0000000000426980       0x55 archival/lib.a(bbunzip.o)
                0x0000000000426980                unxz_main
 *fill*         0x00000000004269d5        0xb 
 .text.bzip2_main
                0x00000000004269e0       0x5b archival/lib.a(bzip2.o)
                0x00000000004269e0                bzip2_main
 *fill*         0x0000000000426a3b        0x5 
 .text.compressStream
                0x0000000000426a40      0x2fc archival/lib.a(bzip2.o)
 *fill*         0x0000000000426d3c        0x4 
 .text.handle_compress
                0x0000000000426d40      0x216 archival/lib.a(bzip2.o)
 *fill*         0x0000000000426f56        0xa 
 .text.BZ2_compressBlock
                0x0000000000426f60      0x44c archival/lib.a(bzip2.o)
 *fill*         0x00000000004273ac        0x4 
 .text.add_pair_to_block
                0x00000000004273b0      0x16f archival/lib.a(bzip2.o)
 *fill*         0x000000000042751f        0x1 
 .text.BZ2_blockSort
                0x0000000000427520      0x470 archival/lib.a(bzip2.o)
 .text.generateMTFValues
                0x0000000000427990      0x24a archival/lib.a(bzip2.o)
 *fill*         0x0000000000427bda        0x6 
 .text.sendMTFValues
                0x0000000000427be0     0x2232 archival/lib.a(bzip2.o)
 *fill*         0x0000000000429e12        0xe 
 .text.bsFinishWrite
                0x0000000000429e20       0x32 archival/lib.a(bzip2.o)
 *fill*         0x0000000000429e52        0xe 
 .text.mainSort
                0x0000000000429e60      0x8f3 archival/lib.a(bzip2.o)
 *fill*         0x000000000042a753        0xd 
 .text.mainQSort3
                0x000000000042a760      0x80b archival/lib.a(bzip2.o)
 *fill*         0x000000000042af6b        0x5 
 .text.mainGtU  0x000000000042af70      0x27d archival/lib.a(bzip2.o)
 *fill*         0x000000000042b1ed        0x3 
 .text.fallbackQSort3
                0x000000000042b1f0      0x5ab archival/lib.a(bzip2.o)
 *fill*         0x000000000042b79b        0x5 
 .text.gzip_main
                0x000000000042b7a0       0xc9 archival/lib.a(gzip.o)
                0x000000000042b7a0                gzip_main
 *fill*         0x000000000042b869        0x7 
 .text.pack_gzip
                0x000000000042b870      0x75a archival/lib.a(gzip.o)
 *fill*         0x000000000042bfca        0x6 
 .text.put_32bit
                0x000000000042bfd0       0xfa archival/lib.a(gzip.o)
 *fill*         0x000000000042c0ca        0x6 
 .text.deflate  0x000000000042c0d0      0x42c archival/lib.a(gzip.o)
 *fill*         0x000000000042c4fc        0x4 
 .text.gen_codes
                0x000000000042c500      0x10e archival/lib.a(gzip.o)
 *fill*         0x000000000042c60e        0x2 
 .text.init_block
                0x000000000042c610      0x215 archival/lib.a(gzip.o)
 *fill*         0x000000000042c825        0xb 
 .text.fill_window_if_needed
                0x000000000042c830      0x179 archival/lib.a(gzip.o)
 *fill*         0x000000000042c9a9        0x7 
 .text.ct_tally
                0x000000000042c9b0      0x2cc archival/lib.a(gzip.o)
 *fill*         0x000000000042cc7c        0x4 
 .text.flush_block
                0x000000000042cc80      0x72b archival/lib.a(gzip.o)
 *fill*         0x000000000042d3ab        0x5 
 .text.build_tree
                0x000000000042d3b0      0x5ac archival/lib.a(gzip.o)
 *fill*         0x000000000042d95c        0x4 
 .text.compress_block
                0x000000000042d960      0x288 archival/lib.a(gzip.o)
 *fill*         0x000000000042dbe8        0x8 
 .text.send_tree
                0x000000000042dbf0      0x2d3 archival/lib.a(gzip.o)
 *fill*         0x000000000042dec3        0xd 
 .text.tar_main
                0x000000000042ded0      0x29c archival/lib.a(tar.o)
                0x000000000042ded0                tar_main
 *fill*         0x000000000042e16c        0x4 
 .text.data_extract_all
                0x000000000042e170      0x305 archival/libarchive/lib.a(data_extract_all.o)
                0x000000000042e170                data_extract_all
 *fill*         0x000000000042e475        0xb 
 .text.data_extract_to_stdout
                0x000000000042e480       0x17 archival/libarchive/lib.a(data_extract_to_stdout.o)
                0x000000000042e480                data_extract_to_stdout
 *fill*         0x000000000042e497        0x9 
 .text.data_skip
                0x000000000042e4a0       0x13 archival/libarchive/lib.a(data_skip.o)
                0x000000000042e4a0                data_skip
 *fill*         0x000000000042e4b3        0xd 
 .text.unpack_bz2_stream
                0x000000000042e4c0      0x1e8 archival/libarchive/lib.a(decompress_bunzip2.o)
                0x000000000042e4c0                unpack_bz2_stream
 *fill*         0x000000000042e6a8        0x8 
 .text.start_bunzip
                0x000000000042e6b0       0xd8 archival/libarchive/lib.a(decompress_bunzip2.o)
 *fill*         0x000000000042e788        0x8 
 .text.read_bunzip
                0x000000000042e790      0xf8d archival/libarchive/lib.a(decompress_bunzip2.o)
 *fill*         0x000000000042f71d        0x3 
 .text.get_bits
                0x000000000042f720       0xbe archival/libarchive/lib.a(decompress_bunzip2.o)
 *fill*         0x000000000042f7de        0x2 
 .text.inflate_unzip_internal
                0x000000000042f7e0     0x1477 archival/libarchive/lib.a(decompress_gunzip.o)
 *fill*         0x0000000000430c57        0x9 
 .text.unpack_gz_stream
                0x0000000000430c60      0x47f archival/libarchive/lib.a(decompress_gunzip.o)
                0x0000000000430c60                unpack_gz_stream
 *fill*         0x00000000004310df        0x1 
 .text.inflate_codes
                0x00000000004310e0      0x6a9 archival/libarchive/lib.a(decompress_gunzip.o)
 *fill*         0x0000000000431789        0x7 
 .text.abort_unzip
                0x0000000000431790       0x1d archival/libarchive/lib.a(decompress_gunzip.o)
 *fill*         0x00000000004317ad        0x3 
 .text.huft_build
                0x00000000004317b0      0x7b7 archival/libarchive/lib.a(decompress_gunzip.o)
 *fill*         0x0000000000431f67        0x9 
 .text.huft_free_all
                0x0000000000431f70       0x57 archival/libarchive/lib.a(decompress_gunzip.o)
 *fill*         0x0000000000431fc7        0x9 
 .text.unpack_xz_stream
                0x0000000000431fd0      0x2f1 archival/libarchive/lib.a(decompress_unxz.o)
                0x0000000000431fd0                unpack_xz_stream
 *fill*         0x00000000004322c1        0xf 
 .text.dec_main
                0x00000000004322d0      0x8bf archival/libarchive/lib.a(decompress_unxz.o)
 *fill*         0x0000000000432b8f        0x1 
 .text.fill_temp
                0x0000000000432b90       0x6b archival/libarchive/lib.a(decompress_unxz.o)
 *fill*         0x0000000000432bfb        0x5 
 .text.crc32_validate
                0x0000000000432c00       0x5d archival/libarchive/lib.a(decompress_unxz.o)
 *fill*         0x0000000000432c5d        0x3 
 .text.dec_index
                0x0000000000432c60      0x172 archival/libarchive/lib.a(decompress_unxz.o)
 *fill*         0x0000000000432dd2        0xe 
 .text.index_update
                0x0000000000432de0       0x34 archival/libarchive/lib.a(decompress_unxz.o)
 *fill*         0x0000000000432e14        0xc 
 .text.dec_stream_footer
                0x0000000000432e20       0x87 archival/libarchive/lib.a(decompress_unxz.o)
 *fill*         0x0000000000432ea7        0x9 
 .text.xz_dec_lzma2_reset
                0x0000000000432eb0       0x90 archival/libarchive/lib.a(decompress_unxz.o)
 .text.xz_dec_lzma2_run
                0x0000000000432f40      0x7a4 archival/libarchive/lib.a(decompress_unxz.o)
 *fill*         0x00000000004336e4        0xc 
 .text.lzma_main
                0x00000000004336f0      0xc39 archival/libarchive/lib.a(decompress_unxz.o)
 *fill*         0x0000000000434329        0x7 
 .text.lzma_len
                0x0000000000434330      0x1e5 archival/libarchive/lib.a(decompress_unxz.o)
 *fill*         0x0000000000434515        0xb 
 .text.filter_accept_reject_list
                0x0000000000434520       0x42 archival/libarchive/lib.a(filter_accept_reject_list.o)
                0x0000000000434520                filter_accept_reject_list
 *fill*         0x0000000000434562        0xe 
 .text.find_list_entry
                0x0000000000434570       0x36 archival/libarchive/lib.a(find_list_entry.o)
                0x0000000000434570                find_list_entry
 *fill*         0x00000000004345a6        0xa 
 .text.find_list_entry2
                0x00000000004345b0       0xb9 archival/libarchive/lib.a(find_list_entry.o)
                0x00000000004345b0                find_list_entry2
 *fill*         0x0000000000434669        0x7 
 .text.get_header_tar
                0x0000000000434670      0xa58 archival/libarchive/lib.a(get_header_tar.o)
                0x0000000000434670                get_header_tar
 *fill*         0x00000000004350c8        0x8 
 .text.header_list
                0x00000000004350d0        0x8 archival/libarchive/lib.a(header_list.o)
                0x00000000004350d0                header_list
 *fill*         0x00000000004350d8        0x8 
 .text.header_verbose_list
                0x00000000004350e0       0xa5 archival/libarchive/lib.a(header_verbose_list.o)
                0x00000000004350e0                header_verbose_list
 *fill*         0x0000000000435185        0xb 
 .text.init_handle
                0x0000000000435190       0x4d archival/libarchive/lib.a(init_handle.o)
                0x0000000000435190                init_handle
 *fill*         0x00000000004351dd        0x3 
 .text.init_transformer_state
                0x00000000004351e0       0x1f archival/libarchive/lib.a(open_transformer.o)
                0x00000000004351e0                init_transformer_state
 *fill*         0x00000000004351ff        0x1 
 .text.check_signature16
                0x0000000000435200       0x50 archival/libarchive/lib.a(open_transformer.o)
                0x0000000000435200                check_signature16
 .text.transformer_write
                0x0000000000435250       0xae archival/libarchive/lib.a(open_transformer.o)
                0x0000000000435250                transformer_write
 *fill*         0x00000000004352fe        0x2 
 .text.xtransformer_write
                0x0000000000435300       0x18 archival/libarchive/lib.a(open_transformer.o)
                0x0000000000435300                xtransformer_write
 *fill*         0x0000000000435318        0x8 
 .text.check_errors_in_children
                0x0000000000435320       0x31 archival/libarchive/lib.a(open_transformer.o)
                0x0000000000435320                check_errors_in_children
 *fill*         0x0000000000435351        0xf 
 .text.fork_transformer
                0x0000000000435360       0x90 archival/libarchive/lib.a(open_transformer.o)
                0x0000000000435360                fork_transformer
 .text.setup_unzip_on_fd
                0x00000000004353f0       0xc4 archival/libarchive/lib.a(open_transformer.o)
                0x00000000004353f0                setup_unzip_on_fd
 *fill*         0x00000000004354b4        0xc 
 .text.open_zipped
                0x00000000004354c0       0x57 archival/libarchive/lib.a(open_transformer.o)
                0x00000000004354c0                open_zipped
 *fill*         0x0000000000435517        0x9 
 .text.open_transformer
                0x0000000000435520       0xb1 archival/libarchive/lib.a(open_transformer.o)
 *fill*         0x00000000004355d1        0xf 
 .text.seek_by_jump
                0x00000000004355e0       0x4c archival/libarchive/lib.a(seek_by_jump.o)
                0x00000000004355e0                seek_by_jump
 *fill*         0x000000000043562c        0x4 
 .text.seek_by_read
                0x0000000000435630       0x13 archival/libarchive/lib.a(seek_by_read.o)
                0x0000000000435630                seek_by_read
 *fill*         0x0000000000435643        0xd 
 .text.strip_unsafe_prefix
                0x0000000000435650       0x93 archival/libarchive/lib.a(unsafe_prefix.o)
                0x0000000000435650                strip_unsafe_prefix
 *fill*         0x00000000004356e3        0xd 
 .text.create_or_remember_link
                0x00000000004356f0       0x93 archival/libarchive/lib.a(unsafe_symlink_target.o)
                0x00000000004356f0                create_or_remember_link
 *fill*         0x0000000000435783        0xd 
 .text.create_links_from_list
                0x0000000000435790       0x8e archival/libarchive/lib.a(unsafe_symlink_target.o)
                0x0000000000435790                create_links_from_list
 *fill*         0x000000000043581e        0x2 
 .text.data_align
                0x0000000000435820       0x53 archival/libarchive/lib.a(data_align.o)
                0x0000000000435820                data_align
 *fill*         0x0000000000435873        0xd 
 .text.filter_accept_all
                0x0000000000435880        0xc archival/libarchive/lib.a(filter_accept_all.o)
                0x0000000000435880                filter_accept_all
 *fill*         0x000000000043588c        0x4 
 .text.header_skip
                0x0000000000435890        0x1 archival/libarchive/lib.a(header_skip.o)
                0x0000000000435890                header_skip
 *fill*         0x0000000000435891        0xf 
 .text.basename_main
                0x00000000004358a0       0xfb coreutils/lib.a(basename.o)
                0x00000000004358a0                basename_main
 *fill*         0x000000000043599b        0x5 
 .text.cat_main
                0x00000000004359a0       0x45 coreutils/lib.a(cat.o)
                0x00000000004359a0                cat_main
 *fill*         0x00000000004359e5        0xb 
 .text.comm_main
                0x00000000004359f0      0x1db coreutils/lib.a(comm.o)
                0x00000000004359f0                comm_main
 *fill*         0x0000000000435bcb        0x5 
 .text.cp_main  0x0000000000435bd0      0x198 coreutils/lib.a(cp.o)
                0x0000000000435bd0                cp_main
 *fill*         0x0000000000435d68        0x8 
 .text.cut_main
                0x0000000000435d70      0x4d6 coreutils/lib.a(cut.o)
                0x0000000000435d70                cut_main
 *fill*         0x0000000000436246        0xa 
 .text.cmpfunc  0x0000000000436250        0x5 coreutils/lib.a(cut.o)
 *fill*         0x0000000000436255        0xb 
 .text.date_main
                0x0000000000436260      0x1a9 coreutils/lib.a(date.o)
                0x0000000000436260                date_main
 *fill*         0x0000000000436409        0x7 
 .text.dd_main  0x0000000000436410      0x3e9 coreutils/lib.a(dd.o)
                0x0000000000436410                dd_main
 *fill*         0x00000000004367f9        0x7 
 .text.df_main  0x0000000000436800      0x317 coreutils/lib.a(df.o)
                0x0000000000436800                df_main
 *fill*         0x0000000000436b17        0x9 
 .text.dirname_main
                0x0000000000436b20       0x1f coreutils/lib.a(dirname.o)
                0x0000000000436b20                dirname_main
 *fill*         0x0000000000436b3f        0x1 
 .text.du_main  0x0000000000436b40      0x109 coreutils/lib.a(du.o)
                0x0000000000436b40                du_main
 *fill*         0x0000000000436c49        0x7 
 .text.du       0x0000000000436c50      0x220 coreutils/lib.a(du.o)
 .text.echo_main
                0x0000000000436e70      0x1a3 coreutils/lib.a(echo.o)
                0x0000000000436e70                echo_main
 *fill*         0x0000000000437013        0xd 
 .text.env_main
                0x0000000000437020      0x11f coreutils/lib.a(env.o)
                0x0000000000437020                env_main
 *fill*         0x000000000043713f        0x1 
 .text.expr_main
                0x0000000000437140       0x7a coreutils/lib.a(expr.o)
                0x0000000000437140                expr_main
 *fill*         0x00000000004371ba        0x6 
 .text.eval     0x00000000004371c0       0xc2 coreutils/lib.a(expr.o)
 *fill*         0x0000000000437282        0xe 
 .text.null     0x0000000000437290       0x33 coreutils/lib.a(expr.o)
 *fill*         0x00000000004372c3        0xd 
 .text.eval1    0x00000000004372d0      0x120 coreutils/lib.a(expr.o)
 .text.eval2    0x00000000004373f0      0x2fb coreutils/lib.a(expr.o)
 *fill*         0x00000000004376eb        0x5 
 .text.eval3    0x00000000004376f0       0xe7 coreutils/lib.a(expr.o)
 *fill*         0x00000000004377d7        0x9 
 .text.eval4    0x00000000004377e0      0x222 coreutils/lib.a(expr.o)
 *fill*         0x0000000000437a02        0xe 
 .text.arithmetic_common
                0x0000000000437a10      0x10c coreutils/lib.a(expr.o)
 *fill*         0x0000000000437b1c        0x4 
 .text.eval6    0x0000000000437b20      0x453 coreutils/lib.a(expr.o)
 *fill*         0x0000000000437f73        0xd 
 .text.docolon  0x0000000000437f80      0x17c coreutils/lib.a(expr.o)
 *fill*         0x00000000004380fc        0x4 
 .text.false_main
                0x0000000000438100        0x6 coreutils/lib.a(false.o)
                0x0000000000438100                false_main
 *fill*         0x0000000000438106        0xa 
 .text.head_main
                0x0000000000438110      0x14c coreutils/lib.a(head.o)
                0x0000000000438110                head_main
 *fill*         0x000000000043825c        0x4 
 .text.id_main  0x0000000000438260      0x624 coreutils/lib.a(id.o)
                0x0000000000438260                id_main
 *fill*         0x0000000000438884        0xc 
 .text.print_user
                0x0000000000438890       0x90 coreutils/lib.a(id.o)
 .text.print_group
                0x0000000000438920       0x90 coreutils/lib.a(id.o)
 .text.ln_main  0x00000000004389b0      0x23d coreutils/lib.a(ln.o)
                0x00000000004389b0                ln_main
 *fill*         0x0000000000438bed        0x3 
 .text.ls_main  0x0000000000438bf0      0x4d4 coreutils/lib.a(ls.o)
                0x0000000000438bf0                ls_main
 *fill*         0x00000000004390c4        0xc 
 .text.my_stat  0x00000000004390d0      0x11a coreutils/lib.a(ls.o)
 *fill*         0x00000000004391ea        0x6 
 .text.sort_and_display_files
                0x00000000004391f0      0x1d3 coreutils/lib.a(ls.o)
 *fill*         0x00000000004393c3        0xd 
 .text.display_single
                0x00000000004393d0      0x4b5 coreutils/lib.a(ls.o)
 *fill*         0x0000000000439885        0xb 
 .text.print_name
                0x0000000000439890       0x82 coreutils/lib.a(ls.o)
 *fill*         0x0000000000439912        0xe 
 .text.sortcmp  0x0000000000439920       0xf0 coreutils/lib.a(ls.o)
 .text.mkdir_main
                0x0000000000439a10       0xbc coreutils/lib.a(mkdir.o)
                0x0000000000439a10                mkdir_main
 *fill*         0x0000000000439acc        0x4 
 .text.mktemp_main
                0x0000000000439ad0       0xda coreutils/lib.a(mktemp.o)
                0x0000000000439ad0                mktemp_main
 *fill*         0x0000000000439baa        0x6 
 .text.mv_main  0x0000000000439bb0      0x2bd coreutils/lib.a(mv.o)
                0x0000000000439bb0                mv_main
 *fill*         0x0000000000439e6d        0x3 
 .text.paste_main
                0x0000000000439e70      0x257 coreutils/lib.a(paste.o)
                0x0000000000439e70                paste_main
 *fill*         0x000000000043a0c7        0x9 
 .text.printenv_main
                0x000000000043a0d0       0x72 coreutils/lib.a(printenv.o)
                0x000000000043a0d0                printenv_main
 *fill*         0x000000000043a142        0xe 
 .text.printf_main
                0x000000000043a150      0x777 coreutils/lib.a(printf.o)
                0x000000000043a150                printf_main
 *fill*         0x000000000043a8c7        0x9 
 .text.readlink_main
                0x000000000043a8d0       0x48 coreutils/lib.a(readlink.o)
                0x000000000043a8d0                readlink_main
 *fill*         0x000000000043a918        0x8 
 .text.realpath_main
                0x000000000043a920       0x5d coreutils/lib.a(realpath.o)
                0x000000000043a920                realpath_main
 *fill*         0x000000000043a97d        0x3 
 .text.rm_main  0x000000000043a980       0xb4 coreutils/lib.a(rm.o)
                0x000000000043a980                rm_main
 *fill*         0x000000000043aa34        0xc 
 .text.rmdir_main
                0x000000000043aa40       0xd1 coreutils/lib.a(rmdir.o)
                0x000000000043aa40                rmdir_main
 *fill*         0x000000000043ab11        0xf 
 .text.seq_main
                0x000000000043ab20      0x222 coreutils/lib.a(seq.o)
                0x000000000043ab20                seq_main
 *fill*         0x000000000043ad42        0xe 
 .text.sleep_main
                0x000000000043ad50       0x66 coreutils/lib.a(sleep.o)
                0x000000000043ad50                sleep_main
 *fill*         0x000000000043adb6        0xa 
 .text.sort_main
                0x000000000043adc0      0x4c1 coreutils/lib.a(sort.o)
                0x000000000043adc0                sort_main
 *fill*         0x000000000043b281        0xf 
 .text.compare_keys
                0x000000000043b290      0x410 coreutils/lib.a(sort.o)
 .text.get_key  0x000000000043b6a0      0x3a1 coreutils/lib.a(sort.o)
 *fill*         0x000000000043ba41        0xf 
 .text.stat_main
                0x000000000043ba50      0x4d2 coreutils/lib.a(stat.o)
                0x000000000043ba50                stat_main
 *fill*         0x000000000043bf22        0xe 
 .text.sync_main
                0x000000000043bf30        0xa coreutils/lib.a(sync.o)
                0x000000000043bf30                sync_main
 *fill*         0x000000000043bf3a        0x6 
 .text.tail_main
                0x000000000043bf40      0x73e coreutils/lib.a(tail.o)
                0x000000000043bf40                tail_main
 *fill*         0x000000000043c67e        0x2 
 .text.tee_main
                0x000000000043c680      0x204 coreutils/lib.a(tee.o)
                0x000000000043c680                tee_main
 *fill*         0x000000000043c884        0xc 
 .text.test_main
                0x000000000043c890      0x2cf coreutils/lib.a(test.o)
                0x000000000043c890                test_main
 *fill*         0x000000000043cb5f        0x1 
 .text.binop    0x000000000043cb60      0x386 coreutils/lib.a(test.o)
 *fill*         0x000000000043cee6        0xa 
 .text.oexpr    0x000000000043cef0      0x127 coreutils/lib.a(test.o)
 *fill*         0x000000000043d017        0x9 
 .text.syntax   0x000000000043d020       0x4a coreutils/lib.a(test.o)
 *fill*         0x000000000043d06a        0x6 
 .text.getn     0x000000000043d070       0x71 coreutils/lib.a(test.o)
 *fill*         0x000000000043d0e1        0xf 
 .text.aexpr    0x000000000043d0f0      0x12d coreutils/lib.a(test.o)
 *fill*         0x000000000043d21d        0x3 
 .text.nexpr    0x000000000043d220      0x354 coreutils/lib.a(test.o)
 *fill*         0x000000000043d574        0xc 
 .text.filstat  0x000000000043d580      0x1db coreutils/lib.a(test.o)
 *fill*         0x000000000043d75b        0x5 
 .text.touch_main
                0x000000000043d760       0xbb coreutils/lib.a(touch.o)
                0x000000000043d760                touch_main
 *fill*         0x000000000043d81b        0x5 
 .text.tr_main  0x000000000043d820      0x421 coreutils/lib.a(tr.o)
                0x000000000043d820                tr_main
 *fill*         0x000000000043dc41        0xf 
 .text.expand   0x000000000043dc50      0x1db coreutils/lib.a(tr.o)
 *fill*         0x000000000043de2b        0x5 
 .text.true_main
                0x000000000043de30        0x3 coreutils/lib.a(true.o)
                0x000000000043de30                true_main
 *fill*         0x000000000043de33        0xd 
 .text.uname_main
                0x000000000043de40       0xf2 coreutils/lib.a(uname.o)
                0x000000000043de40                uname_main
 *fill*         0x000000000043df32        0xe 
 .text.uniq_main
                0x000000000043df40      0x252 coreutils/lib.a(uniq.o)
                0x000000000043df40                uniq_main
 *fill*         0x000000000043e192        0xe 
 .text.wc_main  0x000000000043e1a0      0x3aa coreutils/lib.a(wc.o)
                0x000000000043e1a0                wc_main
 *fill*         0x000000000043e54a        0x6 
 .text.whoami_main
                0x000000000043e550       0x27 coreutils/lib.a(whoami.o)
                0x000000000043e550                whoami_main
 *fill*         0x000000000043e577        0x9 
 .text.yes_main
                0x000000000043e580       0x67 coreutils/lib.a(yes.o)
                0x000000000043e580                yes_main
 *fill*         0x000000000043e5e7        0x9 
 .text.cp_mv_stat2
                0x000000000043e5f0       0x58 coreutils/libcoreutils/lib.a(cp_mv_stat.o)
                0x000000000043e5f0                cp_mv_stat2
 *fill*         0x000000000043e648        0x8 
 .text.cp_mv_stat
                0x000000000043e650       0x5b coreutils/libcoreutils/lib.a(cp_mv_stat.o)
                0x000000000043e650                cp_mv_stat
 *fill*         0x000000000043e6ab        0x5 
 .text.awk_main
                0x000000000043e6b0      0x695 editors/lib.a(awk.o)
                0x000000000043e6b0                awk_main
 *fill*         0x000000000043ed45        0xb 
 .text.hash_find
                0x000000000043ed50      0x15e editors/lib.a(awk.o)
 *fill*         0x000000000043eeae        0x2 
 .text.setvar_i
                0x000000000043eeb0       0x52 editors/lib.a(awk.o)
 *fill*         0x000000000043ef02        0xe 
 .text.handle_special
                0x000000000043ef10      0x52c editors/lib.a(awk.o)
 *fill*         0x000000000043f43c        0x4 
 .text.is_assignment
                0x000000000043f440      0x137 editors/lib.a(awk.o)
 *fill*         0x000000000043f577        0x9 
 .text.parse_program
                0x000000000043f580      0x2ee editors/lib.a(awk.o)
 *fill*         0x000000000043f86e        0x2 
 .text.setari_u
                0x000000000043f870       0xc0 editors/lib.a(awk.o)
 .text.evaluate
                0x000000000043f930     0x20bc editors/lib.a(awk.o)
 *fill*         0x00000000004419ec        0x4 
 .text.awk_exit
                0x00000000004419f0       0x83 editors/lib.a(awk.o)
 *fill*         0x0000000000441a73        0xd 
 .text.next_input_file
                0x0000000000441a80      0x2e1 editors/lib.a(awk.o)
 *fill*         0x0000000000441d61        0xf 
 .text.awk_getline
                0x0000000000441d70      0x412 editors/lib.a(awk.o)
 *fill*         0x0000000000442182        0xe 
 .text.incvar   0x0000000000442190       0xfa editors/lib.a(awk.o)
 *fill*         0x000000000044228a        0x6 
 .text.syntax_error
                0x0000000000442290       0x20 editors/lib.a(awk.o)
 .text.hash_search3
                0x00000000004422b0       0x41 editors/lib.a(awk.o)
 *fill*         0x00000000004422f1        0xf 
 .text.fsrealloc
                0x0000000000442300      0x12b editors/lib.a(awk.o)
 *fill*         0x000000000044242b        0x5 
 .text.getvar_s
                0x0000000000442430       0x66 editors/lib.a(awk.o)
 *fill*         0x0000000000442496        0xa 
 .text.split_f0
                0x00000000004424a0      0x13a editors/lib.a(awk.o)
 *fill*         0x00000000004425da        0x6 
 .text.mk_splitter
                0x00000000004425e0       0x82 editors/lib.a(awk.o)
 *fill*         0x0000000000442662        0xe 
 .text.fmt_num  0x0000000000442670       0xe4 editors/lib.a(awk.o)
 *fill*         0x0000000000442754        0xc 
 .text.awk_split
                0x0000000000442760      0x2c7 editors/lib.a(awk.o)
 *fill*         0x0000000000442a27        0x9 
 .text.is_numeric
                0x0000000000442a30       0xb0 editors/lib.a(awk.o)
 .text.next_token
                0x0000000000442ae0      0x513 editors/lib.a(awk.o)
 *fill*         0x0000000000442ff3        0xd 
 .text.chain_node
                0x0000000000443000       0x91 editors/lib.a(awk.o)
 *fill*         0x0000000000443091        0xf 
 .text.parse_expr
                0x00000000004430a0      0x4e3 editors/lib.a(awk.o)
 *fill*         0x0000000000443583        0xd 
 .text.chain_group
                0x0000000000443590      0x464 editors/lib.a(awk.o)
 *fill*         0x00000000004439f4        0xc 
 .text.chain_loop
                0x0000000000443a00       0xa8 editors/lib.a(awk.o)
 *fill*         0x0000000000443aa8        0x8 
 .text.awk_printf
                0x0000000000443ab0      0x464 editors/lib.a(awk.o)
 *fill*         0x0000000000443f14        0xc 
 .text.hash_remove
                0x0000000000443f20       0xbd editors/lib.a(awk.o)
 *fill*         0x0000000000443fdd        0x3 
 .text.nvfree   0x0000000000443fe0      0x148 editors/lib.a(awk.o)
 *fill*         0x0000000000444128        0x8 
 .text.exec_builtin
                0x0000000000444130      0xa52 editors/lib.a(awk.o)
 *fill*         0x0000000000444b82        0xe 
 .text.getvar_i_int
                0x0000000000444b90      0x111 editors/lib.a(awk.o)
 *fill*         0x0000000000444ca1        0xf 
 .text.do_mktime
                0x0000000000444cb0       0x8b editors/lib.a(awk.o)
 *fill*         0x0000000000444d3b        0x5 
 .text.do_match
                0x0000000000444d40      0x1b4 editors/lib.a(awk.o)
 *fill*         0x0000000000444ef4        0xc 
 .text.awk_sub  0x0000000000444f00      0x3df editors/lib.a(awk.o)
 *fill*         0x00000000004452df        0x1 
 .text.diff_main
                0x00000000004452e0      0xcfd editors/lib.a(diff.o)
                0x00000000004452e0                diff_main
 *fill*         0x0000000000445fdd        0x3 
 .text.create_J
                0x0000000000445fe0      0xbea editors/lib.a(diff.o)
 *fill*         0x0000000000446bca        0x6 
 .text.fetch    0x0000000000446bd0       0xe7 editors/lib.a(diff.o)
 *fill*         0x0000000000446cb7        0x9 
 .text.read_token
                0x0000000000446cc0      0x10d editors/lib.a(diff.o)
 *fill*         0x0000000000446dcd        0x3 
 .text.line_compar
                0x0000000000446dd0        0xe editors/lib.a(diff.o)
 *fill*         0x0000000000446dde        0x2 
 .text.patch_main
                0x0000000000446de0      0xbd5 editors/lib.a(patch.o)
                0x0000000000446de0                patch_main
 *fill*         0x00000000004479b5        0xb 
 .text.fail_hunk
                0x00000000004479c0      0x106 editors/lib.a(patch.o)
 *fill*         0x0000000000447ac6        0xa 
 .text.finish_oldfile
                0x0000000000447ad0       0x89 editors/lib.a(patch.o)
 *fill*         0x0000000000447b59        0x7 
 .text.sed_main
                0x0000000000447b60      0x3d3 editors/lib.a(sed.o)
                0x0000000000447b60                sed_main
 *fill*         0x0000000000447f33        0xd 
 .text.cleanup_outname
                0x0000000000447f40       0x15 editors/lib.a(sed.o)
 *fill*         0x0000000000447f55        0xb 
 .text.add_cmd  0x0000000000447f60      0x830 editors/lib.a(sed.o)
 .text.process_files
                0x0000000000448790      0xf59 editors/lib.a(sed.o)
 *fill*         0x00000000004496e9        0x7 
 .text.get_address
                0x00000000004496f0      0x1a9 editors/lib.a(sed.o)
 *fill*         0x0000000000449899        0x7 
 .text.copy_parsing_escapes
                0x00000000004498a0      0x1b8 editors/lib.a(sed.o)
 *fill*         0x0000000000449a58        0x8 
 .text.parse_regex_delim
                0x0000000000449a60      0x17a editors/lib.a(sed.o)
 *fill*         0x0000000000449bda        0x6 
 .text.get_next_line
                0x0000000000449be0      0x122 editors/lib.a(sed.o)
 *fill*         0x0000000000449d02        0xe 
 .text.puts_maybe_newline
                0x0000000000449d10       0x98 editors/lib.a(sed.o)
 *fill*         0x0000000000449da8        0x8 
 .text.flush_append
                0x0000000000449db0       0xa9 editors/lib.a(sed.o)
 *fill*         0x0000000000449e59        0x7 
 .text.vi_main  0x0000000000449e60      0x513 editors/lib.a(vi.o)
                0x0000000000449e60                vi_main
 *fill*         0x000000000044a373        0xd 
 .text.status_line_bold
                0x000000000044a380       0xe0 editors/lib.a(vi.o)
 .text.init_text_buffer
                0x000000000044a460       0x8f editors/lib.a(vi.o)
 *fill*         0x000000000044a4ef        0x1 
 .text.update_filename
                0x000000000044a4f0       0x30 editors/lib.a(vi.o)
 .text.file_insert
                0x000000000044a520      0x2ba editors/lib.a(vi.o)
 *fill*         0x000000000044a7da        0x6 
 .text.char_insert
                0x000000000044a7e0      0x4b4 editors/lib.a(vi.o)
 *fill*         0x000000000044ac94        0xc 
 .text.begin_line
                0x000000000044aca0       0x35 editors/lib.a(vi.o)
 *fill*         0x000000000044acd5        0xb 
 .text.refresh  0x000000000044ace0      0x83d editors/lib.a(vi.o)
 *fill*         0x000000000044b51d        0x3 
 .text.readit   0x000000000044b520       0x54 editors/lib.a(vi.o)
 *fill*         0x000000000044b574        0xc 
 .text.count_lines
                0x000000000044b580       0xa2 editors/lib.a(vi.o)
 *fill*         0x000000000044b622        0xe 
 .text.end_screen
                0x000000000044b630       0x91 editors/lib.a(vi.o)
 *fill*         0x000000000044b6c1        0xf 
 .text.next_line
                0x000000000044b6d0       0x4e editors/lib.a(vi.o)
 *fill*         0x000000000044b71e        0x2 
 .text.end_line
                0x000000000044b720       0x37 editors/lib.a(vi.o)
 *fill*         0x000000000044b757        0x9 
 .text.go_bottom_and_clear_to_eol
                0x000000000044b760       0x5a editors/lib.a(vi.o)
 *fill*         0x000000000044b7ba        0x6 
 .text.cookmode
                0x000000000044b7c0       0x18 editors/lib.a(vi.o)
 *fill*         0x000000000044b7d8        0x8 
 .text.colon    0x000000000044b7e0     0x15ef editors/lib.a(vi.o)
 *fill*         0x000000000044cdcf        0x1 
 .text.find_line
                0x000000000044cdd0       0x63 editors/lib.a(vi.o)
 *fill*         0x000000000044ce33        0xd 
 .text.dot_skip_over_ws
                0x000000000044ce40       0x6c editors/lib.a(vi.o)
 *fill*         0x000000000044ceac        0x4 
 .text.status_line
                0x000000000044ceb0       0xb2 editors/lib.a(vi.o)
 *fill*         0x000000000044cf62        0xe 
 .text.yank_delete
                0x000000000044cf70       0x98 editors/lib.a(vi.o)
 *fill*         0x000000000044d008        0x8 
 .text.Hit_Return
                0x000000000044d010       0xb9 editors/lib.a(vi.o)
 *fill*         0x000000000044d0c9        0x7 
 .text.char_search
                0x000000000044d0d0      0x157 editors/lib.a(vi.o)
 *fill*         0x000000000044d227        0x9 
 .text.file_write
                0x000000000044d230       0x85 editors/lib.a(vi.o)
 *fill*         0x000000000044d2b5        0xb 
 .text.not_implemented
                0x000000000044d2c0       0x94 editors/lib.a(vi.o)
 *fill*         0x000000000044d354        0xc 
 .text.show_status_line
                0x000000000044d360      0x3c2 editors/lib.a(vi.o)
 *fill*         0x000000000044d722        0xe 
 .text.do_cmd   0x000000000044d730     0x1957 editors/lib.a(vi.o)
 *fill*         0x000000000044f087        0x9 
 .text.dot_scroll
                0x000000000044f090      0x1f1 editors/lib.a(vi.o)
 *fill*         0x000000000044f281        0xf 
 .text.move_to_col
                0x000000000044f290       0x89 editors/lib.a(vi.o)
 *fill*         0x000000000044f319        0x7 
 .text.find_pair
                0x000000000044f320       0x8e editors/lib.a(vi.o)
 *fill*         0x000000000044f3ae        0x2 
 .text.get_input_line
                0x000000000044f3b0      0x1be editors/lib.a(vi.o)
 *fill*         0x000000000044f56e        0x2 
 .text.dot_begin
                0x000000000044f570       0x3e editors/lib.a(vi.o)
 *fill*         0x000000000044f5ae        0x2 
 .text.find_range
                0x000000000044f5b0      0x44c editors/lib.a(vi.o)
 *fill*         0x000000000044f9fc        0x4 
 .text.dot_end  0x000000000044fa00       0x45 editors/lib.a(vi.o)
 *fill*         0x000000000044fa45        0xb 
 .text.dot_prev
                0x000000000044fa50       0x7b editors/lib.a(vi.o)
 *fill*         0x000000000044facb        0x5 
 .text.find_main
                0x000000000044fad0      0x5e0 findutils/lib.a(find.o)
                0x000000000044fad0                find_main
 .text.fileAction
                0x00000000004500b0       0xb4 findutils/lib.a(find.o)
 *fill*         0x0000000000450164        0xc 
 .text.func_print
                0x0000000000450170        0xd findutils/lib.a(find.o)
 *fill*         0x000000000045017d        0x3 
 .text.func_exec
                0x0000000000450180        0xb findutils/lib.a(find.o)
 *fill*         0x000000000045018b        0x5 
 .text.func_name
                0x0000000000450190       0x9c findutils/lib.a(find.o)
 *fill*         0x000000000045022c        0x4 
 .text.func_type
                0x0000000000450230       0x11 findutils/lib.a(find.o)
 *fill*         0x0000000000450241        0xf 
 .text.func_size
                0x0000000000450250       0x34 findutils/lib.a(find.o)
 *fill*         0x0000000000450284        0xc 
 .text.do_exec  0x0000000000450290       0xc2 findutils/lib.a(find.o)
 *fill*         0x0000000000450352        0xe 
 .text.grep_main
                0x0000000000450360      0x4a8 findutils/lib.a(grep.o)
                0x0000000000450360                grep_main
 *fill*         0x0000000000450808        0x8 
 .text.grep_file
                0x0000000000450810      0x5eb findutils/lib.a(grep.o)
 *fill*         0x0000000000450dfb        0x5 
 .text.file_action_grep
                0x0000000000450e00       0xbc findutils/lib.a(grep.o)
 *fill*         0x0000000000450ebc        0x4 
 .text.print_line
                0x0000000000450ec0       0xbb findutils/lib.a(grep.o)
 *fill*         0x0000000000450f7b        0x5 
 .text.xargs_main
                0x0000000000450f80      0x4bc findutils/lib.a(xargs.o)
                0x0000000000450f80                xargs_main
 *fill*         0x000000000045143c        0x4 
 .text.bb_ask_y_confirmation
                0x0000000000451440       0x4f libbb/lib.a(ask_confirmation.o)
                0x0000000000451440                bb_ask_y_confirmation
 *fill*         0x000000000045148f        0x1 
 .text.bb_cat   0x0000000000451490       0x6b libbb/lib.a(bb_cat.o)
                0x0000000000451490                bb_cat
 *fill*         0x00000000004514fb        0x5 
 .text.bb_getgroups
                0x0000000000451500       0xb1 libbb/lib.a(bb_getgroups.o)
                0x0000000000451500                bb_getgroups
 *fill*         0x00000000004515b1        0xf 
 .text.xgetpwnam
                0x00000000004515c0       0x21 libbb/lib.a(bb_pwd.o)
                0x00000000004515c0                xgetpwnam
 *fill*         0x00000000004515e1        0xf 
 .text.xuid2uname
                0x00000000004515f0       0x22 libbb/lib.a(bb_pwd.o)
                0x00000000004515f0                xuid2uname
 *fill*         0x0000000000451612        0xe 
 .text.uid2uname
                0x0000000000451620       0x14 libbb/lib.a(bb_pwd.o)
                0x0000000000451620                uid2uname
 *fill*         0x0000000000451634        0xc 
 .text.gid2group
                0x0000000000451640       0x14 libbb/lib.a(bb_pwd.o)
                0x0000000000451640                gid2group
 *fill*         0x0000000000451654        0xc 
 .text.uid2uname_utoa
                0x0000000000451660       0x1f libbb/lib.a(bb_pwd.o)
                0x0000000000451660                uid2uname_utoa
 *fill*         0x000000000045167f        0x1 
 .text.gid2group_utoa
                0x0000000000451680       0x1f libbb/lib.a(bb_pwd.o)
                0x0000000000451680                gid2group_utoa
 *fill*         0x000000000045169f        0x1 
 .text.bb_strtoull
                0x00000000004516a0       0x98 libbb/lib.a(bb_strtonum.o)
                0x00000000004516a0                bb_strtoull
 *fill*         0x0000000000451738        0x8 
 .text.bb_strtoll
                0x0000000000451740       0xa0 libbb/lib.a(bb_strtonum.o)
                0x0000000000451740                bb_strtoll
 .text.bb_strtou
                0x00000000004517e0       0xa4 libbb/lib.a(bb_strtonum.o)
                0x00000000004517e0                bb_strtou
 *fill*         0x0000000000451884        0xc 
 .text.bb_strtoi
                0x0000000000451890       0xc0 libbb/lib.a(bb_strtonum.o)
                0x0000000000451890                bb_strtoi
 .text.concat_path_file
                0x0000000000451950       0x5e libbb/lib.a(concat_path_file.o)
                0x0000000000451950                concat_path_file
 *fill*         0x00000000004519ae        0x2 
 .text.concat_subpath_file
                0x00000000004519b0       0x30 libbb/lib.a(concat_subpath_file.o)
                0x00000000004519b0                concat_subpath_file
 .text.XZALLOC_CONST_PTR
                0x00000000004519e0       0x11 libbb/lib.a(const_hack.o)
                0x00000000004519e0                XZALLOC_CONST_PTR
 *fill*         0x00000000004519f1        0xf 
 .text.copy_file
                0x0000000000451a00      0x6dd libbb/lib.a(copy_file.o)
                0x0000000000451a00                copy_file
 *fill*         0x00000000004520dd        0x3 
 .text.ask_and_unlink
                0x00000000004520e0       0x7f libbb/lib.a(copy_file.o)
 *fill*         0x000000000045215f        0x1 
 .text.bb_copyfd_size
                0x0000000000452160        0xc libbb/lib.a(copyfd.o)
                0x0000000000452160                bb_copyfd_size
 *fill*         0x000000000045216c        0x4 
 .text.bb_full_fd_action
                0x0000000000452170       0xfc libbb/lib.a(copyfd.o)
 *fill*         0x000000000045226c        0x4 
 .text.bb_copyfd_exact_size
                0x0000000000452270       0x36 libbb/lib.a(copyfd.o)
                0x0000000000452270                bb_copyfd_exact_size
 *fill*         0x00000000004522a6        0xa 
 .text.bb_copyfd_eof
                0x00000000004522b0       0xa9 libbb/lib.a(copyfd.o)
                0x00000000004522b0                bb_copyfd_eof
 *fill*         0x0000000000452359        0x7 
 .text.crc32_filltable
                0x0000000000452360      0x311 libbb/lib.a(crc32.o)
                0x0000000000452360                crc32_filltable
 *fill*         0x0000000000452671        0xf 
 .text.crc32_new_table_le
                0x0000000000452680      0x17d libbb/lib.a(crc32.o)
                0x0000000000452680                crc32_new_table_le
 *fill*         0x00000000004527fd        0x3 
 .text.global_crc32_new_table_le
                0x0000000000452800        0xf libbb/lib.a(crc32.o)
                0x0000000000452800                global_crc32_new_table_le
 *fill*         0x000000000045280f        0x1 
 .text.crc32_block_endian0
                0x0000000000452810       0x8c libbb/lib.a(crc32.o)
                0x0000000000452810                crc32_block_endian0
 *fill*         0x000000000045289c        0x4 
 .text.endofname
                0x00000000004528a0       0x39 libbb/lib.a(endofname.o)
                0x00000000004528a0                endofname
 *fill*         0x00000000004528d9        0x7 
 .text.BB_EXECVP_or_die
                0x00000000004528e0       0x35 libbb/lib.a(executable.o)
                0x00000000004528e0                BB_EXECVP_or_die
 *fill*         0x0000000000452915        0xb 
 .text.fclose_if_not_stdin
                0x0000000000452920       0x38 libbb/lib.a(fclose_nonstdin.o)
                0x0000000000452920                fclose_if_not_stdin
 *fill*         0x0000000000452958        0x8 
 .text.fflush_stdout_and_exit
                0x0000000000452960       0x2d libbb/lib.a(fflush_stdout_and_exit.o)
                0x0000000000452960                fflush_stdout_and_exit
 *fill*         0x000000000045298d        0x3 
 .text.fflush_stdout_and_exit_SUCCESS
                0x0000000000452990        0x8 libbb/lib.a(fflush_stdout_and_exit.o)
                0x0000000000452990                fflush_stdout_and_exit_SUCCESS
 *fill*         0x0000000000452998        0x8 
 .text.find_mount_point
                0x00000000004529a0      0x14c libbb/lib.a(find_mount_point.o)
                0x00000000004529a0                find_mount_point
 *fill*         0x0000000000452aec        0x4 
 .text.find_pid_by_name
                0x0000000000452af0      0x130 libbb/lib.a(find_pid_by_name.o)
                0x0000000000452af0                find_pid_by_name
 .text.bb_get_chunk_from_file
                0x0000000000452c20       0xae libbb/lib.a(get_line_from_file.o)
                0x0000000000452c20                bb_get_chunk_from_file
 *fill*         0x0000000000452cce        0x2 