Archive member included to satisfy reference by file (symbol)

libbb/lib.a(appletlib.o)      /home/bruns/Documents/EpinAnonymOS/deps/musl/install/lib/Scrt1.o (main)
libbb/lib.a(compare_string_array.o)
                              libbb/lib.a(appletlib.o) (is_prefixed_with)
libbb/lib.a(concat_path_file.o)
                              libbb/lib.a(appletlib.o) (concat_path_file)
libbb/lib.a(default_error_retval.o)
                              libbb/lib.a(appletlib.o) (xfunc_error_retval)
libbb/lib.a(get_last_path_component.o)
                              libbb/lib.a(appletlib.o) (bb_basename)
libbb/lib.a(last_char_is.o)   libbb/lib.a(concat_path_file.o) (last_char_is)
libbb/lib.a(llist.o)          libbb/lib.a(appletlib.o) (llist_free)
libbb/lib.a(messages.o)       libbb/lib.a(appletlib.o) (bb_banner)
libbb/lib.a(perror_msg.o)     libbb/lib.a(appletlib.o) (bb_simple_perror_msg)
libbb/lib.a(ptr_to_globals.o)
                              libbb/lib.a(appletlib.o) (bb_errno)
libbb/lib.a(skip_whitespace.o)
                              libbb/lib.a(appletlib.o) (skip_whitespace)
libbb/lib.a(verror_msg.o)     libbb/lib.a(perror_msg.o) (bb_verror_msg)
libbb/lib.a(vfork_daemon_rexec.o)
                              libbb/lib.a(appletlib.o) (re_execed_comm)
libbb/lib.a(wfopen.o)         libbb/lib.a(appletlib.o) (fopen_for_read)
libbb/lib.a(xfunc_die.o)      libbb/lib.a(appletlib.o) (xfunc_die)
libbb/lib.a(xfuncs.o)         libbb/lib.a(appletlib.o) (full_write1_str)
libbb/lib.a(xfuncs_printf.o)  libbb/lib.a(wfopen.o) (bb_die_memory_exhausted)
libbb/lib.a(xreadlink.o)      libbb/lib.a(appletlib.o) (xmalloc_readlink)
libbb/lib.a(copyfd.o)         libbb/lib.a(xfuncs_printf.o) (bb_copyfd_eof)
libbb/lib.a(executable.o)     libbb/lib.a(vfork_daemon_rexec.o) (BB_EXECVP)
libbb/lib.a(full_write.o)     libbb/lib.a(verror_msg.o) (full_write)
libbb/lib.a(getopt32.o)       libbb/lib.a(vfork_daemon_rexec.o) (option_mask32)
libbb/lib.a(read.o)           libbb/lib.a(copyfd.o) (safe_read)
libbb/lib.a(safe_strncpy.o)   libbb/lib.a(getopt32.o) (overlapping_strcpy)
libbb/lib.a(safe_write.o)     libbb/lib.a(full_write.o) (safe_write)
libbb/lib.a(signals.o)        libbb/lib.a(xfuncs_printf.o) (kill_myself_with_sig)
libbb/lib.a(time.o)           libbb/lib.a(xfuncs_printf.o) (monotonic_us)
libbb/lib.a(xatonum.o)        libbb/lib.a(getopt32.o) (xatoi_positive)
libbb/lib.a(xgetcwd.o)        libbb/lib.a(xreadlink.o) (xrealloc_getcwd_or_warn)
libbb/lib.a(bb_strtonum.o)    libbb/lib.a(time.o) (bb_strtoll)
libpwdgrp/lib.a(pwd_grp.o)    libbb/lib.a(appletlib.o) (bb_internal_getpwnam)
libpwdgrp/lib.a(uidgid_get.o)
                              libbb/lib.a(appletlib.o) (get_uidgid)
loginutils/lib.a(add-remove-shell.o)
                              libbb/lib.a(appletlib.o) (add_remove_shell_main)
loginutils/lib.a(addgroup.o)  libbb/lib.a(appletlib.o) (addgroup_main)
loginutils/lib.a(adduser.o)   libbb/lib.a(appletlib.o) (adduser_main)
loginutils/lib.a(chpasswd.o)  libbb/lib.a(appletlib.o) (chpasswd_main)
loginutils/lib.a(cryptpw.o)   libbb/lib.a(appletlib.o) (cryptpw_main)
loginutils/lib.a(deluser.o)   libbb/lib.a(appletlib.o) (deluser_main)
loginutils/lib.a(getty.o)     libbb/lib.a(appletlib.o) (getty_main)
loginutils/lib.a(login.o)     libbb/lib.a(appletlib.o) (login_main)
loginutils/lib.a(passwd.o)    libbb/lib.a(appletlib.o) (passwd_main)
loginutils/lib.a(su.o)        libbb/lib.a(appletlib.o) (su_main)
loginutils/lib.a(sulogin.o)   libbb/lib.a(appletlib.o) (sulogin_main)
loginutils/lib.a(vlock.o)     libbb/lib.a(appletlib.o) (vlock_main)
mailutils/lib.a(makemime.o)   libbb/lib.a(appletlib.o) (makemime_main)
mailutils/lib.a(popmaildir.o)
                              libbb/lib.a(appletlib.o) (popmaildir_main)
mailutils/lib.a(reformime.o)  libbb/lib.a(appletlib.o) (reformime_main)
mailutils/lib.a(sendmail.o)   libbb/lib.a(appletlib.o) (sendmail_main)
mailutils/lib.a(mail.o)       mailutils/lib.a(popmaildir.o) (launch_helper)
miscutils/lib.a(adjtimex.o)   libbb/lib.a(appletlib.o) (adjtimex_main)
miscutils/lib.a(ascii.o)      libbb/lib.a(appletlib.o) (ascii_main)
miscutils/lib.a(bc.o)         libbb/lib.a(appletlib.o) (bc_main)
miscutils/lib.a(beep.o)       libbb/lib.a(appletlib.o) (beep_main)
miscutils/lib.a(chat.o)       libbb/lib.a(appletlib.o) (chat_main)
miscutils/lib.a(conspy.o)     libbb/lib.a(appletlib.o) (conspy_main)
miscutils/lib.a(crond.o)      libbb/lib.a(appletlib.o) (crond_main)
miscutils/lib.a(crontab.o)    libbb/lib.a(appletlib.o) (crontab_main)
miscutils/lib.a(devmem.o)     libbb/lib.a(appletlib.o) (devmem_main)
miscutils/lib.a(fbsplash.o)   libbb/lib.a(appletlib.o) (fbsplash_main)
miscutils/lib.a(hdparm.o)     libbb/lib.a(appletlib.o) (hdparm_main)
miscutils/lib.a(hexedit.o)    libbb/lib.a(appletlib.o) (hexedit_main)
miscutils/lib.a(i2c_tools.o)  libbb/lib.a(appletlib.o) (i2cget_main)
miscutils/lib.a(less.o)       libbb/lib.a(appletlib.o) (less_main)
miscutils/lib.a(lsscsi.o)     libbb/lib.a(appletlib.o) (lsscsi_main)
[...]
Memory Configuration

Name             Origin             Length             Attributes
*default*        0x0000000000000000 0xffffffffffffffff

Linker script and memory map

LOAD /home/bruns/Documents/EpinAnonymOS/deps/musl/install/lib/Scrt1.o
LOAD /home/bruns/Documents/EpinAnonymOS/deps/musl/install/lib/crti.o
LOAD /usr/bin/../lib/gcc/x86_64-linux-gnu/13/crtbeginS.o
START GROUP
LOAD applets/built-in.o
LOAD archival/lib.a
LOAD archival/libarchive/lib.a
LOAD console-tools/lib.a
LOAD coreutils/lib.a
LOAD coreutils/libcoreutils/lib.a
LOAD debianutils/lib.a
LOAD klibc-utils/lib.a
LOAD e2fsprogs/lib.a
LOAD editors/lib.a
LOAD findutils/lib.a
LOAD init/lib.a
LOAD libbb/lib.a
LOAD libpwdgrp/lib.a
LOAD loginutils/lib.a
LOAD mailutils/lib.a
LOAD miscutils/lib.a
LOAD modutils/lib.a
LOAD networking/lib.a
LOAD networking/libiproute/lib.a
LOAD networking/udhcp/lib.a
LOAD printutils/lib.a
LOAD procps/lib.a
LOAD runit/lib.a
LOAD selinux/lib.a
LOAD shell/lib.a
LOAD sysklogd/lib.a
LOAD util-linux/lib.a
LOAD util-linux/volume_id/lib.a
LOAD archival/built-in.o
LOAD archival/libarchive/built-in.o
LOAD console-tools/built-in.o
LOAD coreutils/built-in.o
LOAD coreutils/libcoreutils/built-in.o
LOAD debianutils/built-in.o
LOAD klibc-utils/built-in.o
LOAD e2fsprogs/built-in.o
LOAD editors/built-in.o
LOAD findutils/built-in.o
LOAD init/built-in.o
LOAD libbb/built-in.o
LOAD libpwdgrp/built-in.o
LOAD loginutils/built-in.o
LOAD mailutils/built-in.o
LOAD miscutils/built-in.o
LOAD modutils/built-in.o
LOAD networking/built-in.o
LOAD networking/libiproute/built-in.o
LOAD networking/udhcp/built-in.o
LOAD printutils/built-in.o
LOAD procps/built-in.o
LOAD runit/built-in.o
LOAD selinux/built-in.o
LOAD shell/built-in.o
LOAD sysklogd/built-in.o
LOAD util-linux/built-in.o
LOAD util-linux/volume_id/built-in.o
END GROUP
LOAD /usr/bin/../lib/gcc/x86_64-linux-gnu/13/libgcc.a
LOAD /usr/bin/../lib/gcc/x86_64-linux-gnu/13/libgcc_eh.a
LOAD /usr/bin/../lib/gcc/x86_64-linux-gnu/13/libgcc.a
LOAD /usr/bin/../lib/gcc/x86_64-linux-gnu/13/libgcc_eh.a
LOAD /usr/bin/../lib/gcc/x86_64-linux-gnu/13/crtendS.o
LOAD /home/bruns/Documents/EpinAnonymOS/deps/musl/install/lib/crtn.o
LOAD /home/bruns/Documents/EpinAnonymOS/deps/musl/install/lib/libc.so
                [!provide]                        PROVIDE (__executable_start = SEGMENT_START ("text-segment", 0x0))
                0x0000000000000270                . = (SEGMENT_START ("text-segment", 0x0) + SIZEOF_HEADERS)

.interp         0x0000000000000270       0x4d
 *(SORT_BY_ALIGNMENT(.interp))
 .interp        0x0000000000000270       0x4d /home/bruns/Documents/EpinAnonymOS/deps/musl/install/lib/Scrt1.o

.note.gnu.build-id
                0x00000000000002c0       0x24
 *(SORT_BY_ALIGNMENT(.note.gnu.build-id))
 .note.gnu.build-id
                0x00000000000002c0       0x24 /home/bruns/Documents/EpinAnonymOS/deps/musl/install/lib/Scrt1.o

.hash
 *(SORT_BY_ALIGNMENT(.hash))

.gnu.hash       0x00000000000002e8       0x60
 *(SORT_BY_ALIGNMENT(.gnu.hash))
 .gnu.hash      0x00000000000002e8       0x60 /home/bruns/Documents/EpinAnonymOS/deps/musl/install/lib/Scrt1.o

.dynsym         0x0000000000000348     0x24d8
 *(SORT_BY_ALIGNMENT(.dynsym))
 .dynsym        0x0000000000000348     0x24d8 /home/bruns/Documents/EpinAnonymOS/deps/musl/install/lib/Scrt1.o

.dynstr         0x0000000000002820      0xc6c
 *(SORT_BY_ALIGNMENT(.dynstr))
 .dynstr        0x0000000000002820      0xc6c /home/bruns/Documents/EpinAnonymOS/deps/musl/install/lib/Scrt1.o

.gnu.version    0x000000000000348c        0x0
 *(SORT_BY_ALIGNMENT(.gnu.version))
 .gnu.version   0x000000000000348c        0x0 /home/bruns/Documents/EpinAnonymOS/deps/musl/install/lib/Scrt1.o

.gnu.version_d  0x0000000000003490        0x0
 *(SORT_BY_ALIGNMENT(.gnu.version_d))
 .gnu.version_d
                0x0000000000003490        0x0 /home/bruns/Documents/EpinAnonymOS/deps/musl/install/lib/Scrt1.o

.gnu.version_r  0x0000000000003490        0x0
 *(SORT_BY_ALIGNMENT(.gnu.version_r))
 .gnu.version_r
                0x0000000000003490        0x0 /home/bruns/Documents/EpinAnonymOS/deps/musl/install/lib/Scrt1.o

.rela.dyn       0x0000000000003490     0x6750
 *(SORT_BY_ALIGNMENT(.rela.init))
 *(SORT_BY_ALIGNMENT(.rela.text) SORT_BY_ALIGNMENT(.rela.text.*) SORT_BY_ALIGNMENT(.rela.gnu.linkonce.t.*))
 *(SORT_BY_ALIGNMENT(.rela.fini))
 *(SORT_BY_ALIGNMENT(.rela.rodata) SORT_BY_ALIGNMENT(.rela.rodata.*) SORT_BY_ALIGNMENT(.rela.gnu.linkonce.r.*))
 *(SORT_BY_ALIGNMENT(.rela.data) SORT_BY_ALIGNMENT(.rela.data.*) SORT_BY_ALIGNMENT(.rela.gnu.linkonce.d.*))
 .rela.data.rel.ro
                0x0000000000003490        0x0 /home/bruns/Documents/EpinAnonymOS/deps/musl/install/lib/Scrt1.o
 .rela.data.rel.local
                0x0000000000003490       0x18 /home/bruns/Documents/EpinAnonymOS/deps/musl/install/lib/Scrt1.o
 .rela.data.rel.ro.applet_main
                0x00000000000034a8     0x23d0 /home/bruns/Documents/EpinAnonymOS/deps/musl/install/lib/Scrt1.o
 .rela.data.rel.ro.install_dir
                0x0000000000005878       0x78 /home/bruns/Documents/EpinAnonymOS/deps/musl/install/lib/Scrt1.o
 .rela.data.msg_eol
                0x00000000000058f0       0x18 /home/bruns/Documents/EpinAnonymOS/deps/musl/install/lib/Scrt1.o
 .rela.data.rel.ro.bb_argv_dash
                0x0000000000005908       0x18 /home/bruns/Documents/EpinAnonymOS/deps/musl/install/lib/Scrt1.o
 .rela.data.rel.ro.const_pw_db
                0x0000000000005920       0x18 /home/bruns/Documents/EpinAnonymOS/deps/musl/install/lib/Scrt1.o
 .rela.data.rel.ro.const_gr_db
                0x0000000000005938       0x18 /home/bruns/Documents/EpinAnonymOS/deps/musl/install/lib/Scrt1.o
 .rela.data.rel.ro.const_sp_db
                0x0000000000005950       0x18 /home/bruns/Documents/EpinAnonymOS/deps/musl/install/lib/Scrt1.o
 .rela.data.rel.ro.zxc_program_ops
                0x0000000000005968       0x90 /home/bruns/Documents/EpinAnonymOS/deps/musl/install/lib/Scrt1.o
 .rela.data.rel.ro.load_crontab.SpecAry
                0x00000000000059f8       0xc0 /home/bruns/Documents/EpinAnonymOS/deps/musl/install/lib/Scrt1.o
 .rela.data.rel.ro.dump_identity.pio_modes
                0x0000000000005ab8       0x18 /home/bruns/Documents/EpinAnonymOS/deps/musl/install/lib/Scrt1.o
 .rela.data.rel.ro.dump_identity.ultra_modes1
                0x0000000000005ad0       0x18 /home/bruns/Documents/EpinAnonymOS/deps/musl/install/lib/Scrt1.o
 .rela.data.rel.ro.dump_identity.ultra_modes2
                0x0000000000005ae8       0x18 /home/bruns/Documents/EpinAnonymOS/deps/musl/install/lib/Scrt1.o
 .rela.data.rel.ro.i2c_funcs_tab
                0x0000000000005b00      0x168 /home/bruns/Documents/EpinAnonymOS/deps/musl/install/lib/Scrt1.o
 .rela.data.rel.ro.adap_descs
                0x0000000000005c68       0xc0 /home/bruns/Documents/EpinAnonymOS/deps/musl/install/lib/Scrt1.o
 .rela.data.rel.ro.man_main.mpl
                0x0000000000005d28       0x30 /home/bruns/Documents/EpinAnonymOS/deps/musl/install/lib/Scrt1.o
 .rela.data.rel.ro.http_response
                0x0000000000005d58      0x1e0 /home/bruns/Documents/EpinAnonymOS/deps/musl/install/lib/Scrt1.o
 .rela.data.rel.ro.Arg1Opt
                0x0000000000005f38      0x180 /home/bruns/Documents/EpinAnonymOS/deps/musl/install/lib/Scrt1.o
 .rela.data.rel.ro.OptArray
                0x00000000000060b8      0x228 /home/bruns/Documents/EpinAnonymOS/deps/musl/install/lib/Scrt1.o
 .rela.data.rel.ro.method_table
                0x00000000000062e0       0xf0 /home/bruns/Documents/EpinAnonymOS/deps/musl/install/lib/Scrt1.o
 .rela.data.rel.ro.addr_inet
                0x00000000000063d0       0x30 /home/bruns/Documents/EpinAnonymOS/deps/musl/install/lib/Scrt1.o
 .rela.data.rel.ro.addr_inet6
                0x0000000000006400       0x30 /home/bruns/Documents/EpinAnonymOS/deps/musl/install/lib/Scrt1.o
 .rela.data.rel.ro.addr_link
                0x0000000000006430       0x30 /home/bruns/Documents/EpinAnonymOS/deps/musl/install/lib/Scrt1.o
 .rela.data.rel.ro.methods
                0x0000000000006460      0x1f8 /home/bruns/Documents/EpinAnonymOS/deps/musl/install/lib/Scrt1.o
 .rela.data.rel.ro.methods6
                0x0000000000006658      0x120 /home/bruns/Documents/EpinAnonymOS/deps/musl/install/lib/Scrt1.o
 .rela.data.rel.ro.link_methods
                0x0000000000006778       0x48 /home/bruns/Documents/EpinAnonymOS/deps/musl/install/lib/Scrt1.o
 .rela.data.rel.ro.builtins
                0x00000000000067c0       0xf0 /home/bruns/Documents/EpinAnonymOS/deps/musl/install/lib/Scrt1.o
 .rela.data.rel.ro.ib_hwtype
                0x00000000000068b0       0x60 /home/bruns/Documents/EpinAnonymOS/deps/musl/install/lib/Scrt1.o
 .rela.data.rel.ro.inet_aftype
                0x0000000000006910       0x60 /home/bruns/Documents/EpinAnonymOS/deps/musl/install/lib/Scrt1.o
 .rela.data.rel.ro.inet6_aftype
                0x0000000000006970       0x60 /home/bruns/Documents/EpinAnonymOS/deps/musl/install/lib/Scrt1.o
 .rela.data.rel.ro.unspec_aftype
                0x00000000000069d0       0x60 /home/bruns/Documents/EpinAnonymOS/deps/musl/install/lib/Scrt1.o
 .rela.data.rel.ro.loop_hwtype
                0x0000000000006a30       0x30 /home/bruns/Documents/EpinAnonymOS/deps/musl/install/lib/Scrt1.o
 .rela.data.rel.ro.ether_hwtype
                0x0000000000006a60       0x60 /home/bruns/Documents/EpinAnonymOS/deps/musl/install/lib/Scrt1.o
 .rela.data.rel.ro.ppp_hwtype
                0x0000000000006ac0       0x30 /home/bruns/Documents/EpinAnonymOS/deps/musl/install/lib/Scrt1.o
 .rela.data.rel.ro.unspec_hwtype
                0x0000000000006af0       0x48 /home/bruns/Documents/EpinAnonymOS/deps/musl/install/lib/Scrt1.o
 .rela.data.rel.ro.sit_hwtype
                0x0000000000006b38       0x48 /home/bruns/Documents/EpinAnonymOS/deps/musl/install/lib/Scrt1.o
 .rela.data.rel.ro.if_port_text
                0x0000000000006b80       0xa8 /home/bruns/Documents/EpinAnonymOS/deps/musl/install/lib/Scrt1.o
 .rela.data.rel.ro.ip_main.ip_func_ptrs
                0x0000000000006c28       0xd8 /home/bruns/Documents/EpinAnonymOS/deps/musl/install/lib/Scrt1.o
 .rela.data.rel.ro.nbdclient_main.long_options
                0x0000000000006d00       0x60 /home/bruns/Documents/EpinAnonymOS/deps/musl/install/lib/Scrt1.o
 .rela.data.rel.ro.pr_type.ttab
                0x0000000000006d60      0x1c8 /home/bruns/Documents/EpinAnonymOS/deps/musl/install/lib/Scrt1.o
 .rela.data.rel.ro.pr_type.ttab6
                0x0000000000006f28      0x168 /home/bruns/Documents/EpinAnonymOS/deps/musl/install/lib/Scrt1.o
 .rela.data.rel.ro.rtnl_rtprot_initialize.init_tab
                0x0000000000007090       0xf0 /home/bruns/Documents/EpinAnonymOS/deps/musl/install/lib/Scrt1.o
 .rela.data.rel.ro.keywords
                0x0000000000007180      0x4c8 /home/bruns/Documents/EpinAnonymOS/deps/musl/install/lib/Scrt1.o
 .rela.data.rel.ro.init_functions
                0x0000000000007648      0x120 /home/bruns/Documents/EpinAnonymOS/deps/musl/install/lib/Scrt1.o
 .rela.data.rel.ro.proc_name
                0x0000000000007768       0x90 /home/bruns/Documents/EpinAnonymOS/deps/musl/install/lib/Scrt1.o
 .rela.data.rel.ro.out_spec
                0x00000000000077f8      0x330 /home/bruns/Documents/EpinAnonymOS/deps/musl/install/lib/Scrt1.o
 .rela.data.rel.ro.varinit_data
                0x0000000000007b28      0x1c8 /home/bruns/Documents/EpinAnonymOS/deps/musl/install/lib/Scrt1.o
 .rela.data.g_parsefile
                0x0000000000007cf0       0x18 /home/bruns/Documents/EpinAnonymOS/deps/musl/install/lib/Scrt1.o
 .rela.data.rel.ro.builtintab
                0x0000000000007d08      0x858 /home/bruns/Documents/EpinAnonymOS/deps/musl/install/lib/Scrt1.o
 .rela.data.rel.ro.tokname_array
                0x0000000000008560      0x2d0 /home/bruns/Documents/EpinAnonymOS/deps/musl/install/lib/Scrt1.o
 .rela.data.rel.ro.optletters_optnames
                0x0000000000008830      0x198 /home/bruns/Documents/EpinAnonymOS/deps/musl/install/lib/Scrt1.o
 .rela.data.rel.ro.evalcommand.null_bltin
                0x00000000000089c8       0x30 /home/bruns/Documents/EpinAnonymOS/deps/musl/install/lib/Scrt1.o
 .rela.data.rel.ro.init_data
                0x00000000000089f8       0x18 /home/bruns/Documents/EpinAnonymOS/deps/musl/install/lib/Scrt1.o
 .rela.data.rel.ro..compoundliteral
                0x0000000000008a10      0x120 /home/bruns/Documents/EpinAnonymOS/deps/musl/install/lib/Scrt1.o
 .rela.data.rel.ro..compoundliteral.41
                0x0000000000008b30      0x210 /home/bruns/Documents/EpinAnonymOS/deps/musl/install/lib/Scrt1.o
 .rela.data.rel.ro.f_act_tab
                0x0000000000008d40       0x60 /home/bruns/Documents/EpinAnonymOS/deps/musl/install/lib/Scrt1.o
 .rela.data.rel.ro.f_evt_tab
                0x0000000000008da0       0xd8 /home/bruns/Documents/EpinAnonymOS/deps/musl/install/lib/Scrt1.o
 .rela.data.rel.ro.i386_sys_types
                0x0000000000008e78      0x4b0 /home/bruns/Documents/EpinAnonymOS/deps/musl/install/lib/Scrt1.o
 .rela.data.rel.ro.fs2
                0x0000000000009328      0x198 /home/bruns/Documents/EpinAnonymOS/deps/musl/install/lib/Scrt1.o
 .rela.data.rel.ro.tar_var
                0x00000000000094c0       0xc0 /home/bruns/Documents/EpinAnonymOS/deps/musl/install/lib/Scrt1.o
 .rela.data.rel.ro.reset_main.args
                0x0000000000009580       0x30 /home/bruns/Documents/EpinAnonymOS/deps/musl/install/lib/Scrt1.o
 .rela.data.rel.ro.capabilities
                0x00000000000095b0      0x390 /home/bruns/Documents/EpinAnonymOS/deps/musl/install/lib/Scrt1.o
 *(SORT_BY_ALIGNMENT(.rela.tdata) SORT_BY_ALIGNMENT(.rela.tdata.*) SORT_BY_ALIGNMENT(.rela.gnu.linkonce.td.*))
 *(SORT_BY_ALIGNMENT(.rela.tbss) SORT_BY_ALIGNMENT(.rela.tbss.*) SORT_BY_ALIGNMENT(.rela.gnu.linkonce.tb.*))
 *(SORT_BY_ALIGNMENT(.rela.ctors))
 *(SORT_BY_ALIGNMENT(.rela.dtors))
 *(SORT_BY_ALIGNMENT(.rela.got))
 .rela.got      0x0000000000009940      0x270 /home/bruns/Documents/EpinAnonymOS/deps/musl/install/lib/Scrt1.o
 *(SORT_BY_ALIGNMENT(.rela.bss) SORT_BY_ALIGNMENT(.rela.bss.*) SORT_BY_ALIGNMENT(.rela.gnu.linkonce.b.*))
 .rela.bss      0x0000000000009bb0        0x0 /home/bruns/Documents/EpinAnonymOS/deps/musl/install/lib/Scrt1.o
 *(SORT_BY_ALIGNMENT(.rela.ldata) SORT_BY_ALIGNMENT(.rela.ldata.*) SORT_BY_ALIGNMENT(.rela.gnu.linkonce.l.*))
 *(SORT_BY_ALIGNMENT(.rela.lbss) SORT_BY_ALIGNMENT(.rela.lbss.*) SORT_BY_ALIGNMENT(.rela.gnu.linkonce.lb.*))
 *(SORT_BY_ALIGNMENT(.rela.lrodata) SORT_BY_ALIGNMENT(.rela.lrodata.*) SORT_BY_ALIGNMENT(.rela.gnu.linkonce.lr.*))
 *(SORT_BY_ALIGNMENT(.rela.ifunc))
 .rela.ifunc    0x0000000000009bb0        0x0 /home/bruns/Documents/EpinAnonymOS/deps/musl/install/lib/Scrt1.o
 .rela.fini_array
                0x0000000000009bb0       0x18 /home/bruns/Documents/EpinAnonymOS/deps/musl/install/lib/Scrt1.o
 .rela.init_array
                0x0000000000009bc8       0x18 /home/bruns/Documents/EpinAnonymOS/deps/musl/install/lib/Scrt1.o

.rela.plt       0x0000000000009be0     0x21f0
 *(SORT_BY_ALIGNMENT(.rela.plt))
 .rela.plt      0x0000000000009be0     0x21f0 /home/bruns/Documents/EpinAnonymOS/deps/musl/install/lib/Scrt1.o
 *(SORT_BY_ALIGNMENT(.rela.iplt))

.relr.dyn
 *(SORT_BY_ALIGNMENT(.relr.dyn))
                0x000000000000c000                . = ALIGN (CONSTANT (MAXPAGESIZE))

.init           0x000000000000c000        0x3
 *(SORT_NONE(.init))
 .init          0x000000000000c000        0x1 /home/bruns/Documents/EpinAnonymOS/deps/musl/install/lib/crti.o
                0x000000000000c000                _init
 .init          0x000000000000c001        0x2 /home/bruns/Documents/EpinAnonymOS/deps/musl/install/lib/crtn.o

.plt            0x000000000000c010     0x16b0
 *(SORT_BY_ALIGNMENT(.plt))
 .plt           0x000000000000c010     0x16b0 /home/bruns/Documents/EpinAnonymOS/deps/musl/install/lib/Scrt1.o
                0x000000000000c020                longjmp
                0x000000000000c030                putchar
                0x000000000000c040                stpcpy
                0x000000000000c050                clock_gettime
                0x000000000000c060                chroot
                0x000000000000c070                strcpy
                0x000000000000c080                sigsetjmp
                0x000000000000c090                unsetenv
                0x000000000000c0a0                log
                0x000000000000c0b0                bcmp
                0x000000000000c0c0                sqrt
                0x000000000000c0d0                setjmp
                0x000000000000c0e0                waitpid
                0x000000000000c0f0                getrlimit
                0x000000000000c100                pause
                0x000000000000c110                ioctl
                0x000000000000c120                pututxline
                0x000000000000c130                strtok_r
                0x000000000000c140                getgid
                0x000000000000c150                popen
                0x000000000000c160                sysconf
                0x000000000000c170                printf
                0x000000000000c180                cfgetospeed
                0x000000000000c190                putc_unlocked
                0x000000000000c1a0                recv
                0x000000000000c1b0                connect
                0x000000000000c1c0                ungetc
                0x000000000000c1d0                tcgetsid
                0x000000000000c1e0                sigemptyset
                0x000000000000c1f0                utimes
                0x000000000000c200                shmctl
                0x000000000000c210                strerror
                0x000000000000c220                strndup
                0x000000000000c230                geteuid
                0x000000000000c240                inet_pton
                0x000000000000c250                memmove
                0x000000000000c260                ns_initparse
                0x000000000000c270                pclose
                0x000000000000c280                getopt_long
                0x000000000000c290                snprintf
                0x000000000000c2a0                syscall
                0x000000000000c2b0                munmap
                0x000000000000c2c0                fileno_unlocked
                0x000000000000c2d0                mknod
                0x000000000000c2e0                getc_unlocked
                0x000000000000c2f0                times
                0x000000000000c300                getenv
                0x000000000000c310                fchmod
                0x000000000000c320                getegid
                0x000000000000c330                setutxent
                0x000000000000c340                setpriority
                0x000000000000c350                getpriority
                0x000000000000c360                personality
                0x000000000000c370                unshare
                0x000000000000c380                getresuid
                0x000000000000c390                bsearch
                0x000000000000c3a0                usleep
                0x000000000000c3b0                execve
                0x000000000000c3c0                __libc_current_sigrtmax
                0x000000000000c3d0                utimensat
                0x000000000000c3e0                semget
                0x000000000000c3f0                getpid
                0x000000000000c400                updwtmpx
                0x000000000000c410                qsort
                0x000000000000c420                fchown
                0x000000000000c430                fscanf
                0x000000000000c440                dirname
                0x000000000000c450                prctl
                0x000000000000c460                fchdir
                0x000000000000c470                res_mkquery
                0x000000000000c480                shmat
                0x000000000000c490                ns_name_uncompress
                0x000000000000c4a0                memcpy
                0x000000000000c4b0                setitimer
                0x000000000000c4c0                setvbuf
                0x000000000000c4d0                execl
                0x000000000000c4e0                creat
                0x000000000000c4f0                readlink
                0x000000000000c500                puts
                0x000000000000c510                clock_settime
                0x000000000000c520                dup2
                0x000000000000c530                __libc_current_sigrtmin
                0x000000000000c540                tcflush
                0x000000000000c550                execle
                0x000000000000c560                getuid
                0x000000000000c570                tcsendbreak
                0x000000000000c580                semctl
                0x000000000000c590                system
                0x000000000000c5a0                hasmntopt
                0x000000000000c5b0                malloc
                0x000000000000c5c0                isatty
                0x000000000000c5d0                cfgetispeed
                0x000000000000c5e0                siglongjmp
                0x000000000000c5f0                sleep
                0x000000000000c600                sysinfo
                0x000000000000c610                strtoll
                0x000000000000c620                vsnprintf
                0x000000000000c630                recvfrom
                0x000000000000c640                tcdrain
                0x000000000000c650                strtoumax
                0x000000000000c660                statfs
                0x000000000000c670                pivot_root
                0x000000000000c680                strtoul
                0x000000000000c690                endutxent
                0x000000000000c6a0                mktemp
                0x000000000000c6b0                gethostbyaddr
                0x000000000000c6c0                settimeofday
                0x000000000000c6d0                rmdir
                0x000000000000c6e0                socket
                0x000000000000c6f0                select
                0x000000000000c700                readdir
                0x000000000000c710                ns_parserr
                0x000000000000c720                setgroups
                0x000000000000c730                fflush
                0x000000000000c740                ftruncate
                0x000000000000c750                realpath
                0x000000000000c760                ns_get32
                0x000000000000c770                putenv
                0x000000000000c780                lseek
                0x000000000000c790                sigaddset
                0x000000000000c7a0                clearenv
                0x000000000000c7b0                mmap
                0x000000000000c7c0                strncasecmp
                0x000000000000c7d0                setpgid
                0x000000000000c7e0                send
                0x000000000000c7f0                freeaddrinfo
                0x000000000000c800                abort
                0x000000000000c810                utmpxname
                0x000000000000c820                gmtime_r
                0x000000000000c830                chmod
                0x000000000000c840                getnameinfo
                0x000000000000c850                alarm
                0x000000000000c860                mlock
                0x000000000000c870                acct
                0x000000000000c880                strtol
                0x000000000000c890                pipe
                0x000000000000c8a0                ether_hostton
                0x000000000000c8b0                getpgrp
                0x000000000000c8c0                strnlen
                0x000000000000c8d0                capget
                0x000000000000c8e0                uname
                0x000000000000c8f0                accept
                0x000000000000c900                cfsetispeed
                0x000000000000c910                rename
                0x000000000000c920                strrchr
                0x000000000000c930                nanosleep
                0x000000000000c940                setrlimit
                0x000000000000c950                strtod
                0x000000000000c960                sendfile
                0x000000000000c970                write
                0x000000000000c980                atof
                0x000000000000c990                fdatasync
                0x000000000000c9a0                fstat
                0x000000000000c9b0                fprintf
                0x000000000000c9c0                kill
                0x000000000000c9d0                fputs_unlocked
                0x000000000000c9e0                ctime
                0x000000000000c9f0                strcat
                0x000000000000ca00                bind
                0x000000000000ca10                getmntent_r
                0x000000000000ca20                ntohl
                0x000000000000ca30                vprintf
                0x000000000000ca40                readahead
                0x000000000000ca50                umount2
                0x000000000000ca60                mkfifo
                0x000000000000ca70                if_nametoindex
                0x000000000000ca80                reboot
                0x000000000000ca90                chdir
                0x000000000000caa0                fseeko
                0x000000000000cab0                shmdt
                0x000000000000cac0                setsockopt
                0x000000000000cad0                wait3
                0x000000000000cae0                shmget
                0x000000000000caf0                cfsetospeed
                0x000000000000cb00                cos
                0x000000000000cb10                swapoff
                0x000000000000cb20                wait
                0x000000000000cb30                scandir
                0x000000000000cb40                umask
                0x000000000000cb50                dprintf
                0x000000000000cb60                mktime
                0x000000000000cb70                strcasestr
                0x000000000000cb80                unlockpt
                0x000000000000cb90                sin
                0x000000000000cba0                getutxent
                0x000000000000cbb0                rand
                0x000000000000cbc0                ftello
                0x000000000000cbd0                flock
                0x000000000000cbe0                setgid
                0x000000000000cbf0                atan2
                0x000000000000cc00                signal
                0x000000000000cc10                read
                0x000000000000cc20                openlog
                0x000000000000cc30                sendmsg
                0x000000000000cc40                closelog
                0x000000000000cc50                strncmp
                0x000000000000cc60                getusershell
                0x000000000000cc70                sethostname
                0x000000000000cc80                setpgrp
                0x000000000000cc90                pow
                0x000000000000cca0                strncpy
                0x000000000000ccb0                unlink
                0x000000000000ccc0                sync
                0x000000000000ccd0                setenv
                0x000000000000cce0                strcasecmp
                0x000000000000ccf0                htonl
                0x000000000000cd00                sendto
                0x000000000000cd10                sched_get_priority_max
                0x000000000000cd20                realloc
                0x000000000000cd30                sigfillset
                0x000000000000cd40                listen
                0x000000000000cd50                sched_get_priority_min
                0x000000000000cd60                posix_fallocate
                0x000000000000cd70                fdopen
                0x000000000000cd80                fork
                0x000000000000cd90                sscanf
                0x000000000000cda0                execv
                0x000000000000cdb0                setmntent
                0x000000000000cdc0                statvfs
                0x000000000000cdd0                setresuid
                0x000000000000cde0                execlp
                0x000000000000cdf0                sigaction
                0x000000000000ce00                endmntent
                0x000000000000ce10                killpg
                0x000000000000ce20                fread
                0x000000000000ce30                ttyname_r
                0x000000000000ce40                getlogin_r
                0x000000000000ce50                strdup
                0x000000000000ce60                inet_aton
                0x000000000000ce70                strtoull
                0x000000000000ce80                regcomp
                0x000000000000ce90                gettimeofday
                0x000000000000cea0                fopen
                0x000000000000ceb0                getopt
                0x000000000000cec0                localtime
                0x000000000000ced0                memset
                0x000000000000cee0                fnmatch
                0x000000000000cef0                cfmakeraw
                0x000000000000cf00                getsid
                0x000000000000cf10                srand
                0x000000000000cf20                clearerr
                0x000000000000cf30                fclose
                0x000000000000cf40                grantpt
                0x000000000000cf50                ntohs
                0x000000000000cf60                inet_ntoa
                0x000000000000cf70                getppid
                0x000000000000cf80                tcgetattr
                0x000000000000cf90                getservbyport
                0x000000000000cfa0                regexec
                0x000000000000cfb0                time
                0x000000000000cfc0                opendir
                0x000000000000cfd0                getgroups
                0x000000000000cfe0                msgctl
                0x000000000000cff0                poll
                0x000000000000d000                setns
                0x000000000000d010                syslog
                0x000000000000d020                seteuid
                0x000000000000d030                exp
                0x000000000000d040                getopt_long_only
                0x000000000000d050                mount
                0x000000000000d060                nice
                0x000000000000d070                strcmp
                0x000000000000d080                shutdown
                0x000000000000d090                __h_errno_location
                0x000000000000d0a0                dup
                0x000000000000d0b0                swapon
                0x000000000000d0c0                getcwd
                0x000000000000d0d0                gethostbyname
                0x000000000000d0e0                strsignal
                0x000000000000d0f0                futimens
                0x000000000000d100                getservbyname
                0x000000000000d110                sprintf
                0x000000000000d120                ether_aton_r
                0x000000000000d130                asprintf
                0x000000000000d140                strcspn
                0x000000000000d150                getpeername
                0x000000000000d160                cfsetspeed
                0x000000000000d170                scanf
                0x000000000000d180                regerror
                0x000000000000d190                mkstemp
                0x000000000000d1a0                vfork
                0x000000000000d1b0                sched_getaffinity
                0x000000000000d1c0                strsep
                0x000000000000d1d0                getifaddrs
                0x000000000000d1e0                putchar_unlocked
                0x000000000000d1f0                fsync
                0x000000000000d200                fputc
                0x000000000000d210                feof_unlocked
                0x000000000000d220                timegm
                0x000000000000d230                getchar_unlocked
                0x000000000000d240                sched_setaffinity
                0x000000000000d250                getsockopt
                0x000000000000d260                hstrerror
                0x000000000000d270                freeifaddrs
                0x000000000000d280                localtime_r
                0x000000000000d290                getaddrinfo
                0x000000000000d2a0                socketpair
                0x000000000000d2b0                setresgid
                0x000000000000d2c0                strftime
                0x000000000000d2d0                syncfs
                0x000000000000d2e0                mkdtemp
                0x000000000000d2f0                stpncpy
                0x000000000000d300                getmntent
                0x000000000000d310                fwrite
                0x000000000000d320                ns_get16
                0x000000000000d330                access
                0x000000000000d340                htons
                0x000000000000d350                strptime
                0x000000000000d360                rewind
                0x000000000000d370                freopen
                0x000000000000d380                tcgetpgrp
                0x000000000000d390                __errno_location
                0x000000000000d3a0                semop
                0x000000000000d3b0                exit
                0x000000000000d3c0                klogctl
                0x000000000000d3d0                setbuf
                0x000000000000d3e0                inet_ntop
                0x000000000000d3f0                getresgid
                0x000000000000d400                getrandom
                0x000000000000d410                atoi
                0x000000000000d420                ferror_unlocked
                0x000000000000d430                fgets_unlocked
                0x000000000000d440                getline
                0x000000000000d450                _exit
                0x000000000000d460                strverscmp
                0x000000000000d470                gmtime
                0x000000000000d480                strspn
                0x000000000000d490                munlock
                0x000000000000d4a0                daemon
                0x000000000000d4b0                __libc_start_main
                0x000000000000d4c0                strlen
                0x000000000000d4d0                open
                0x000000000000d4e0                ptsname_r
                0x000000000000d4f0                regfree
                0x000000000000d500                div
                0x000000000000d510                strchr
                0x000000000000d520                fputs
                0x000000000000d530                adjtimex
                0x000000000000d540                execvp
                0x000000000000d550                setsid
                0x000000000000d560                setegid
                0x000000000000d570                capset
                0x000000000000d580                closedir
                0x000000000000d590                vasprintf
                0x000000000000d5a0                recvmsg
                0x000000000000d5b0                strchrnul
                0x000000000000d5c0                fcntl
                0x000000000000d5d0                tzset
                0x000000000000d5e0                sched_yield
                0x000000000000d5f0                setuid
                0x000000000000d600                gethostid
                0x000000000000d610                tcsetattr
                0x000000000000d620                mkdir
                0x000000000000d630                msgget
                0x000000000000d640                close
                0x000000000000d650                vfprintf
                0x000000000000d660                strpbrk
                0x000000000000d670                tcsetpgrp
                0x000000000000d680                sigsuspend
                0x000000000000d690                raise
                0x000000000000d6a0                sigprocmask
                0x000000000000d6b0                getsockname
 *(SORT_BY_ALIGNMENT(.iplt))

.plt.got        0x000000000000d6c0       0x58
 *(SORT_BY_ALIGNMENT(.plt.got))
 .plt.got       0x000000000000d6c0       0x58 /home/bruns/Documents/EpinAnonymOS/deps/musl/install/lib/Scrt1.o
                0x000000000000d6c0                memrchr
                0x000000000000d6c8                __cxa_finalize
                0x000000000000d6d0                lchown
                0x000000000000d6d8                chown
                0x000000000000d6e0                memchr
                0x000000000000d6e8                lstat
                0x000000000000d6f0                strstr
                0x000000000000d6f8                symlink
                0x000000000000d700                stat
                0x000000000000d708                link
                0x000000000000d710                free

.plt.sec
 *(SORT_BY_ALIGNMENT(.plt.sec))

.text           0x000000000000d720   0x1092ea
 *(SORT_BY_ALIGNMENT(.text.unlikely) SORT_BY_ALIGNMENT(.text.*_unlikely) SORT_BY_ALIGNMENT(.text.unlikely.*))
 *(SORT_BY_ALIGNMENT(.text.exit) SORT_BY_ALIGNMENT(.text.exit.*))
 *(SORT_BY_ALIGNMENT(.text.startup) SORT_BY_ALIGNMENT(.text.startup.*))
 *(SORT_BY_ALIGNMENT(.text.hot) SORT_BY_ALIGNMENT(.text.hot.*))
 *(SORT_BY_NAME(SORT_BY_ALIGNMENT(.text.sorted.*)))
 *(SORT_BY_ALIGNMENT(.text) SORT_BY_ALIGNMENT(.stub) SORT_BY_ALIGNMENT(.text.*) SORT_BY_ALIGNMENT(.gnu.linkonce.t.*))
 .text._start_c
                0x000000000000d720       0x23 /home/bruns/Documents/EpinAnonymOS/deps/musl/install/lib/Scrt1.o
                0x000000000000d720                _start_c
 *fill*         0x000000000000d743        0xd 
 .text          0x000000000000d750       0xb9 /usr/bin/../lib/gcc/x86_64-linux-gnu/13/crtbeginS.o
 *fill*         0x000000000000d809        0x7 
 .text.busybox_main
                0x000000000000d810      0x3f3 libbb/lib.a(appletlib.o)
                0x000000000000d810                busybox_main
 *fill*         0x000000000000dc03        0xd 
 .text.scripted_main
                0x000000000000dc10       0x48 libbb/lib.a(appletlib.o)
                0x000000000000dc10                scripted_main
 *fill*         0x000000000000dc58        0x8 
 .text.string_array_len
                0x000000000000dc60       0x12 libbb/lib.a(appletlib.o)
                0x000000000000dc60                string_array_len
 *fill*         0x000000000000dc72        0xe 
 .text.bb_show_usage
                0x000000000000dc80      0x101 libbb/lib.a(appletlib.o)
                0x000000000000dc80                bb_show_usage
 *fill*         0x000000000000dd81        0xf 
 .text.find_applet_by_name
                0x000000000000dd90      0x139 libbb/lib.a(appletlib.o)
                0x000000000000dd90                find_applet_by_name
 *fill*         0x000000000000dec9        0x7 
 .text.get_script_content
                0x000000000000ded0       0x77 libbb/lib.a(appletlib.o)
                0x000000000000ded0                get_script_content
 *fill*         0x000000000000df47        0x9 
 .text.run_applet_and_exit
                0x000000000000df50       0x65 libbb/lib.a(appletlib.o)
 *fill*         0x000000000000dfb5        0xb 
 .text.show_usage_if_dash_dash_help
                0x000000000000dfc0       0x54 libbb/lib.a(appletlib.o)
                0x000000000000dfc0                show_usage_if_dash_dash_help
 *fill*         0x000000000000e014        0xc 
 .text.run_applet_no_and_exit
                0x000000000000e020       0x48 libbb/lib.a(appletlib.o)
                0x000000000000e020                run_applet_no_and_exit
 *fill*         0x000000000000e068        0x8 
 .text.check_suid
                0x000000000000e070      0x192 libbb/lib.a(appletlib.o)
 *fill*         0x000000000000e202        0xe 
 .text.main     0x000000000000e210       0x6f libbb/lib.a(appletlib.o)
                0x000000000000e210                main
 *fill*         0x000000000000e27f        0x1 
 .text.parse_config_file
                0x000000000000e280      0x457 libbb/lib.a(appletlib.o)
 *fill*         0x000000000000e6d7        0x9 
 .text.is_prefixed_with
                0x000000000000e6e0       0x22 libbb/lib.a(compare_string_array.o)
                0x000000000000e6e0                is_prefixed_with
 *fill*         0x000000000000e702        0xe 
 .text.is_suffixed_with
                0x000000000000e710       0x40 libbb/lib.a(compare_string_array.o)
                0x000000000000e710                is_suffixed_with
 .text.index_in_strings
                0x000000000000e750       0x52 libbb/lib.a(compare_string_array.o)
                0x000000000000e750                index_in_strings
 *fill*         0x000000000000e7a2        0xe 
 .text.index_in_substrings
                0x000000000000e7b0       0x7a libbb/lib.a(compare_string_array.o)
                0x000000000000e7b0                index_in_substrings
 *fill*         0x000000000000e82a        0x6 
 .text.nth_string
                0x000000000000e830       0x2a libbb/lib.a(compare_string_array.o)
                0x000000000000e830                nth_string
 *fill*         0x000000000000e85a        0x6 
 .text.concat_path_file
                0x000000000000e860       0x5e libbb/lib.a(concat_path_file.o)
                0x000000000000e860                concat_path_file
 *fill*         0x000000000000e8be        0x2 
 .text.bb_basename
                0x000000000000e8c0       0x1e libbb/lib.a(get_last_path_component.o)
                0x000000000000e8c0                bb_basename
 *fill*         0x000000000000e8de        0x2 
 .text.bb_get_last_path_component_nostrip
                0x000000000000e8e0       0x29 libbb/lib.a(get_last_path_component.o)
                0x000000000000e8e0                bb_get_last_path_component_nostrip
 *fill*         0x000000000000e909        0x7 
 .text.bb_get_last_path_component_strip
                0x000000000000e910       0x5a libbb/lib.a(get_last_path_component.o)
                0x000000000000e910                bb_get_last_path_component_strip
 *fill*         0x000000000000e96a        0x6 
 .text.last_char_is
                0x000000000000e970       0x1f libbb/lib.a(last_char_is.o)
                0x000000000000e970                last_char_is
 *fill*         0x000000000000e98f        0x1 
 .text.llist_add_to
                0x000000000000e990       0x29 libbb/lib.a(llist.o)
                0x000000000000e990                llist_add_to
 *fill*         0x000000000000e9b9        0x7 
 .text.llist_add_to_end
                0x000000000000e9c0       0x2b libbb/lib.a(llist.o)
                0x000000000000e9c0                llist_add_to_end
 *fill*         0x000000000000e9eb        0x5 
 .text.llist_pop
                0x000000000000e9f0       0x24 libbb/lib.a(llist.o)
                0x000000000000e9f0                llist_pop
 *fill*         0x000000000000ea14        0xc 
 .text.llist_unlink
                0x000000000000ea20       0x1c libbb/lib.a(llist.o)
                0x000000000000ea20                llist_unlink
 *fill*         0x000000000000ea3c        0x4 
 .text.llist_free
                0x000000000000ea40       0x38 libbb/lib.a(llist.o)
                0x000000000000ea40                llist_free
 *fill*         0x000000000000ea78        0x8 
 .text.llist_rev
                0x000000000000ea80       0x1c libbb/lib.a(llist.o)
                0x000000000000ea80                llist_rev
 *fill*         0x000000000000ea9c        0x4 
 .text.llist_find_str
                0x000000000000eaa0       0x34 libbb/lib.a(llist.o)
                0x000000000000eaa0                llist_find_str
 *fill*         0x000000000000ead4        0xc 
 .text.bb_perror_msg
                0x000000000000eae0       0xb3 libbb/lib.a(perror_msg.o)
                0x000000000000eae0                bb_perror_msg
 *fill*         0x000000000000eb93        0xd 
 .text.bb_perror_msg_and_die
                0x000000000000eba0       0xaf libbb/lib.a(perror_msg.o)
                0x000000000000eba0                bb_perror_msg_and_die
 *fill*         0x000000000000ec4f        0x1 
 .text.bb_simple_perror_msg
                0x000000000000ec50       0x11 libbb/lib.a(perror_msg.o)
                0x000000000000ec50                bb_simple_perror_msg
 *fill*         0x000000000000ec61        0xf 
 .text.bb_simple_perror_msg_and_die
                0x000000000000ec70       0x12 libbb/lib.a(perror_msg.o)
                0x000000000000ec70                bb_simple_perror_msg_and_die
 *fill*         0x000000000000ec82        0xe 
 .text.skip_whitespace
                0x000000000000ec90       0x19 libbb/lib.a(skip_whitespace.o)
                0x000000000000ec90                skip_whitespace
 *fill*         0x000000000000eca9        0x7 
 .text.skip_non_whitespace
                0x000000000000ecb0       0x19 libbb/lib.a(skip_whitespace.o)
                0x000000000000ecb0                skip_non_whitespace
 *fill*         0x000000000000ecc9        0x7 
 .text.skip_dev_pfx
                0x000000000000ecd0       0x19 libbb/lib.a(skip_whitespace.o)
                0x000000000000ecd0                skip_dev_pfx
 *fill*         0x000000000000ece9        0x7 
 .text.bb_verror_msg
                0x000000000000ecf0      0x259 libbb/lib.a(verror_msg.o)
                0x000000000000ecf0                bb_verror_msg
 *fill*         0x000000000000ef49        0x7 
 .text.bb_error_msg_and_die
                0x000000000000ef50       0x8f libbb/lib.a(verror_msg.o)
                0x000000000000ef50                bb_error_msg_and_die
 *fill*         0x000000000000efdf        0x1 
 .text.bb_error_msg
                0x000000000000efe0       0x92 libbb/lib.a(verror_msg.o)
                0x000000000000efe0                bb_error_msg
 *fill*         0x000000000000f072        0xe 
 .text.bb_vinfo_msg
                0x000000000000f080       0x18 libbb/lib.a(verror_msg.o)
                0x000000000000f080                bb_vinfo_msg
 *fill*         0x000000000000f098        0x8 
 .text.bb_info_msg
                0x000000000000f0a0       0xa0 libbb/lib.a(verror_msg.o)
                0x000000000000f0a0                bb_info_msg
 .text.bb_simple_info_msg
                0x000000000000f140       0x11 libbb/lib.a(verror_msg.o)
                0x000000000000f140                bb_simple_info_msg
 *fill*         0x000000000000f151        0xf 
 .text.bb_simple_error_msg
                0x000000000000f160       0x11 libbb/lib.a(verror_msg.o)
                0x000000000000f160                bb_simple_error_msg
 *fill*         0x000000000000f171        0xf 
 .text.bb_simple_error_msg_and_die
                0x000000000000f180       0x12 libbb/lib.a(verror_msg.o)
                0x000000000000f180                bb_simple_error_msg_and_die
 *fill*         0x000000000000f192        0xe 
 .text.re_execed_comm
                0x000000000000f1a0       0x3c libbb/lib.a(vfork_daemon_rexec.o)
                0x000000000000f1a0                re_execed_comm
 *fill*         0x000000000000f1dc        0x4 
 .text.set_task_comm
                0x000000000000f1e0       0x16 libbb/lib.a(vfork_daemon_rexec.o)
                0x000000000000f1e0                set_task_comm
 *fill*         0x000000000000f1f6        0xa 
 .text.run_nofork_applet
                0x000000000000f200      0x19b libbb/lib.a(vfork_daemon_rexec.o)
                0x000000000000f200                run_nofork_applet
 *fill*         0x000000000000f39b        0x5 
 .text.jump     0x000000000000f3a0       0x1a libbb/lib.a(vfork_daemon_rexec.o)
 *fill*         0x000000000000f3ba        0x6 
 .text.run_noexec_applet_and_exit
                0x000000000000f3c0       0x47 libbb/lib.a(vfork_daemon_rexec.o)
                0x000000000000f3c0                run_noexec_applet_and_exit
 *fill*         0x000000000000f407        0x9 
 .text.spawn    0x000000000000f410       0x72 libbb/lib.a(vfork_daemon_rexec.o)
                0x000000000000f410                spawn
 *fill*         0x000000000000f482        0xe 
 .text.spawn_and_wait
                0x000000000000f490       0x7b libbb/lib.a(vfork_daemon_rexec.o)
                0x000000000000f490                spawn_and_wait
 *fill*         0x000000000000f50b        0x5 
 .text.bb_daemonize_or_rexec
                0x000000000000f510       0xe8 libbb/lib.a(vfork_daemon_rexec.o)
                0x000000000000f510                bb_daemonize_or_rexec
 *fill*         0x000000000000f5f8        0x8 
 .text.bb_sanitize_stdio
                0x000000000000f600       0x4d libbb/lib.a(vfork_daemon_rexec.o)
                0x000000000000f600                bb_sanitize_stdio
 *fill*         0x000000000000f64d        0x3 
 .text.fopen_or_warn
                0x000000000000f650       0x20 libbb/lib.a(wfopen.o)
                0x000000000000f650                fopen_or_warn
 .text.fopen_for_read
                0x000000000000f670        0xc libbb/lib.a(wfopen.o)
                0x000000000000f670                fopen_for_read
 *fill*         0x000000000000f67c        0x4 
 .text.xfopen_for_read
                0x000000000000f680        0xc libbb/lib.a(wfopen.o)
                0x000000000000f680                xfopen_for_read
 *fill*         0x000000000000f68c        0x4 
 .text.fopen_for_write
                0x000000000000f690        0xc libbb/lib.a(wfopen.o)
                0x000000000000f690                fopen_for_write
 *fill*         0x000000000000f69c        0x4 
 .text.xfopen_for_write
                0x000000000000f6a0        0xc libbb/lib.a(wfopen.o)
                0x000000000000f6a0                xfopen_for_write
 *fill*         0x000000000000f6ac        0x4 
 .text.xfdopen_for_read
                0x000000000000f6b0       0x1f libbb/lib.a(wfopen.o)
                0x000000000000f6b0                xfdopen_for_read
 *fill*         0x000000000000f6cf        0x1 
 .text.xfdopen_for_write
                0x000000000000f6d0       0x1f libbb/lib.a(wfopen.o)
                0x000000000000f6d0                xfdopen_for_write
 *fill*         0x000000000000f6ef        0x1 
 .text.xfunc_die
                0x000000000000f6f0       0x1b libbb/lib.a(xfunc_die.o)
                0x000000000000f6f0                xfunc_die
 *fill*         0x000000000000f70b        0x5 
 .text.ndelay_on
                0x000000000000f710       0x32 libbb/lib.a(xfuncs.o)
                0x000000000000f710                ndelay_on
 *fill*         0x000000000000f742        0xe 
 .text.ndelay_off
                0x000000000000f750       0x32 libbb/lib.a(xfuncs.o)
                0x000000000000f750                ndelay_off
 *fill*         0x000000000000f782        0xe 
 .text.close_on_exec_on
                0x000000000000f790       0x11 libbb/lib.a(xfuncs.o)
                0x000000000000f790                close_on_exec_on
 *fill*         0x000000000000f7a1        0xf 
 .text.strncpy_IFNAMSIZ
                0x000000000000f7b0        0xa libbb/lib.a(xfuncs.o)
                0x000000000000f7b0                strncpy_IFNAMSIZ
 *fill*         0x000000000000f7ba        0x6 
 .text.utoa_to_buf
                0x000000000000f7c0      0x331 libbb/lib.a(xfuncs.o)
                0x000000000000f7c0                utoa_to_buf
 *fill*         0x000000000000faf1        0xf 
 .text.utoa     0x000000000000fb00       0x1d libbb/lib.a(xfuncs.o)
                0x000000000000fb00                utoa
 *fill*         0x000000000000fb1d        0x3 
 .text.itoa     0x000000000000fb20       0x39 libbb/lib.a(xfuncs.o)
                0x000000000000fb20                itoa
 *fill*         0x000000000000fb59        0x7 
 .text.bin2hex  0x000000000000fb60       0xc0 libbb/lib.a(xfuncs.o)
                0x000000000000fb60                bin2hex
 .text.hex2bin  0x000000000000fc20       0xff libbb/lib.a(xfuncs.o)
                0x000000000000fc20                hex2bin
 *fill*         0x000000000000fd1f        0x1 
 .text.bb_putchar_stderr
                0x000000000000fd20       0x1c libbb/lib.a(xfuncs.o)
                0x000000000000fd20                bb_putchar_stderr
 *fill*         0x000000000000fd3c        0x4 
 .text.full_write1_str
                0x000000000000fd40       0x1a libbb/lib.a(xfuncs.o)
                0x000000000000fd40                full_write1_str
 *fill*         0x000000000000fd5a        0x6 
 .text.full_write2_str
                0x000000000000fd60       0x1a libbb/lib.a(xfuncs.o)
                0x000000000000fd60                full_write2_str
 *fill*         0x000000000000fd7a        0x6 
 .text.get_terminal_width_height
                0x000000000000fd80      0x130 libbb/lib.a(xfuncs.o)
                0x000000000000fd80                get_terminal_width_height
 .text.get_terminal_width
                0x000000000000feb0       0x13 libbb/lib.a(xfuncs.o)
                0x000000000000feb0                get_terminal_width
 *fill*         0x000000000000fec3        0xd 
 .text.is_TERM_dumb
                0x000000000000fed0       0x30 libbb/lib.a(xfuncs.o)
                0x000000000000fed0                is_TERM_dumb
 .text.tcsetattr_stdin_TCSANOW
                0x000000000000ff00        0xc libbb/lib.a(xfuncs.o)
                0x000000000000ff00                tcsetattr_stdin_TCSANOW
 *fill*         0x000000000000ff0c        0x4 
 .text.get_termios_and_make_raw
                0x000000000000ff10       0x8c libbb/lib.a(xfuncs.o)
                0x000000000000ff10                get_termios_and_make_raw
 *fill*         0x000000000000ff9c        0x4 
 .text.set_termios_to_raw
                0x000000000000ffa0       0xa5 libbb/lib.a(xfuncs.o)
                0x000000000000ffa0                set_termios_to_raw
 *fill*         0x0000000000010045        0xb 
 .text.safe_waitpid
                0x0000000000010050       0x37 libbb/lib.a(xfuncs.o)
                0x0000000000010050                safe_waitpid
 *fill*         0x0000000000010087        0x9 
 .text.wait_any_nohang
                0x0000000000010090       0x33 libbb/lib.a(xfuncs.o)
                0x0000000000010090                wait_any_nohang
 *fill*         0x00000000000100c3        0xd 
 .text.wait4pid
                0x00000000000100d0       0x69 libbb/lib.a(xfuncs.o)
                0x00000000000100d0                wait4pid
 *fill*         0x0000000000010139        0x7 
 .text.exit_SUCCESS
                0x0000000000010140        0x8 libbb/lib.a(xfuncs.o)
                0x0000000000010140                exit_SUCCESS
 *fill*         0x0000000000010148        0x8 
 .text._exit_SUCCESS
                0x0000000000010150        0x8 libbb/lib.a(xfuncs.o)
                0x0000000000010150                _exit_SUCCESS
 *fill*         0x0000000000010158        0x8 
 .text.bb_die_memory_exhausted
                0x0000000000010160        0xd libbb/lib.a(xfuncs_printf.o)
                0x0000000000010160                bb_die_memory_exhausted
 *fill*         0x000000000001016d        0x3 
 .text.malloc_or_warn
                0x0000000000010170       0x27 libbb/lib.a(xfuncs_printf.o)
                0x0000000000010170                malloc_or_warn
 *fill*         0x0000000000010197        0x9 
 .text.xmalloc  0x00000000000101a0       0x1a libbb/lib.a(xfuncs_printf.o)
                0x00000000000101a0                xmalloc
 *fill*         0x00000000000101ba        0x6 
 .text.xrealloc
                0x00000000000101c0       0x1a libbb/lib.a(xfuncs_printf.o)
                0x00000000000101c0                xrealloc
 *fill*         0x00000000000101da        0x6 
 .text.xzalloc  0x00000000000101e0       0x26 libbb/lib.a(xfuncs_printf.o)
                0x00000000000101e0                xzalloc
 *fill*         0x0000000000010206        0xa 
 .text.xstrdup  0x0000000000010210       0x1b libbb/lib.a(xfuncs_printf.o)
                0x0000000000010210                xstrdup
 *fill*         0x000000000001022b        0x5 
 .text.xstrndup
                0x0000000000010230       0x12 libbb/lib.a(xfuncs_printf.o)
                0x0000000000010230                xstrndup
 *fill*         0x0000000000010242        0xe 
 .text.xmemdup  0x0000000000010250       0x36 libbb/lib.a(xfuncs_printf.o)
                0x0000000000010250                xmemdup
 *fill*         0x0000000000010286        0xa 
 .text.mmap_read
                0x0000000000010290       0x17 libbb/lib.a(xfuncs_printf.o)
                0x0000000000010290                mmap_read
 *fill*         0x00000000000102a7        0x9 
 .text.xmmap_anon
                0x00000000000102b0       0x2b libbb/lib.a(xfuncs_printf.o)
                0x00000000000102b0                xmmap_anon
 *fill*         0x00000000000102db        0x5 
 .text.xfopen   0x00000000000102e0       0x21 libbb/lib.a(xfuncs_printf.o)
                0x00000000000102e0                xfopen
 *fill*         0x0000000000010301        0xf 
 .text.xopen3   0x0000000000010310       0x22 libbb/lib.a(xfuncs_printf.o)
                0x0000000000010310                xopen3
 *fill*         0x0000000000010332        0xe 
 .text.xopen    0x0000000000010340       0x27 libbb/lib.a(xfuncs_printf.o)
                0x0000000000010340                xopen
 *fill*         0x0000000000010367        0x9 
 .text.open3_or_warn
                0x0000000000010370       0x28 libbb/lib.a(xfuncs_printf.o)
                0x0000000000010370                open3_or_warn
 *fill*         0x0000000000010398        0x8 
 .text.open_or_warn
                0x00000000000103a0       0x2d libbb/lib.a(xfuncs_printf.o)
                0x00000000000103a0                open_or_warn
 *fill*         0x00000000000103cd        0x3 
 .text.xopen_nonblocking
                0x00000000000103d0       0x2c libbb/lib.a(xfuncs_printf.o)
                0x00000000000103d0                xopen_nonblocking
 *fill*         0x00000000000103fc        0x4 
 .text.xopen_as_uid_gid
                0x0000000000010400       0xa9 libbb/lib.a(xfuncs_printf.o)
                0x0000000000010400                xopen_as_uid_gid
 *fill*         0x00000000000104a9        0x7 
 .text.xunlink  0x00000000000104b0       0x20 libbb/lib.a(xfuncs_printf.o)
                0x00000000000104b0                xunlink
 .text.xrename  0x00000000000104d0       0x2f libbb/lib.a(xfuncs_printf.o)
                0x00000000000104d0                xrename
 *fill*         0x00000000000104ff        0x1 
 .text.rename_or_warn
                0x0000000000010500       0x33 libbb/lib.a(xfuncs_printf.o)
                0x0000000000010500                rename_or_warn
 *fill*         0x0000000000010533        0xd 
 .text.xpipe    0x0000000000010540       0x18 libbb/lib.a(xfuncs_printf.o)
                0x0000000000010540                xpipe
 *fill*         0x0000000000010558        0x8 
 .text.xdup2    0x0000000000010560       0x1a libbb/lib.a(xfuncs_printf.o)
                0x0000000000010560                xdup2
 *fill*         0x000000000001057a        0x6 
 .text.xmove_fd
                0x0000000000010580       0x34 libbb/lib.a(xfuncs_printf.o)
                0x0000000000010580                xmove_fd
 *fill*         0x00000000000105b4        0xc 
 .text.xwrite   0x00000000000105c0       0x2f libbb/lib.a(xfuncs_printf.o)
                0x00000000000105c0                xwrite
 *fill*         0x00000000000105ef        0x1 
 .text.xwrite_str
                0x00000000000105f0       0x4b libbb/lib.a(xfuncs_printf.o)
                0x00000000000105f0                xwrite_str
 *fill*         0x000000000001063b        0x5 
 .text.xclose   0x0000000000010640       0x18 libbb/lib.a(xfuncs_printf.o)
                0x0000000000010640                xclose
 *fill*         0x0000000000010658        0x8 
 .text.xlseek   0x0000000000010660       0x2f libbb/lib.a(xfuncs_printf.o)
                0x0000000000010660                xlseek
 *fill*         0x000000000001068f        0x1 
 .text.xmkstemp
                0x0000000000010690       0x20 libbb/lib.a(xfuncs_printf.o)
                0x0000000000010690                xmkstemp
 .text.die_if_ferror
                0x00000000000106b0       0x20 libbb/lib.a(xfuncs_printf.o)
                0x00000000000106b0                die_if_ferror
 .text.die_if_ferror_stdout
                0x00000000000106d0       0x2b libbb/lib.a(xfuncs_printf.o)
                0x00000000000106d0                die_if_ferror_stdout
 *fill*         0x00000000000106fb        0x5 
 .text.fflush_all
                0x0000000000010700        0x7 libbb/lib.a(xfuncs_printf.o)
                0x0000000000010700                fflush_all
 *fill*         0x0000000000010707        0x9 
 .text.bb_putchar
                0x0000000000010710        0x5 libbb/lib.a(xfuncs_printf.o)
                0x0000000000010710                bb_putchar
 *fill*         0x0000000000010715        0xb 
 .text.fputs_stdout
                0x0000000000010720        0xf libbb/lib.a(xfuncs_printf.o)
                0x0000000000010720                fputs_stdout
 *fill*         0x000000000001072f        0x1 
 .text.xasprintf
                0x0000000000010730       0xaf libbb/lib.a(xfuncs_printf.o)
                0x0000000000010730                xasprintf
 *fill*         0x00000000000107df        0x1 
 .text.xsetenv  0x00000000000107e0       0x16 libbb/lib.a(xfuncs_printf.o)
                0x00000000000107e0                xsetenv
 *fill*         0x00000000000107f6        0xa 
 .text.bb_unsetenv
                0x0000000000010800       0x7b libbb/lib.a(xfuncs_printf.o)
                0x0000000000010800                bb_unsetenv
 *fill*         0x000000000001087b        0x5 
 .text.bb_unsetenv_and_free
                0x0000000000010880       0x84 libbb/lib.a(xfuncs_printf.o)
                0x0000000000010880                bb_unsetenv_and_free
 *fill*         0x0000000000010904        0xc 
 .text.xsetgid  0x0000000000010910       0x18 libbb/lib.a(xfuncs_printf.o)
                0x0000000000010910                xsetgid
 *fill*         0x0000000000010928        0x8 
 .text.xsetuid  0x0000000000010930       0x18 libbb/lib.a(xfuncs_printf.o)
                0x0000000000010930                xsetuid
 *fill*         0x0000000000010948        0x8 
 .text.chdir_or_warn
                0x0000000000010950       0x24 libbb/lib.a(xfuncs_printf.o)
                0x0000000000010950                chdir_or_warn
 *fill*         0x0000000000010974        0xc 
 .text.xchdir   0x0000000000010980       0x25 libbb/lib.a(xfuncs_printf.o)
                0x0000000000010980                xchdir
 *fill*         0x00000000000109a5        0xb 
 .text.xfchdir  0x00000000000109b0       0x18 libbb/lib.a(xfuncs_printf.o)
                0x00000000000109b0                xfchdir
 *fill*         0x00000000000109c8        0x8 
 .text.xchroot  0x00000000000109d0       0x4a libbb/lib.a(xfuncs_printf.o)
                0x00000000000109d0                xchroot
 *fill*         0x0000000000010a1a        0x6 
 .text.warn_opendir
                0x0000000000010a20       0x29 libbb/lib.a(xfuncs_printf.o)
                0x0000000000010a20                warn_opendir
 *fill*         0x0000000000010a49        0x7 
 .text.xopendir
                0x0000000000010a50       0x21 libbb/lib.a(xfuncs_printf.o)
                0x0000000000010a50                xopendir
 *fill*         0x0000000000010a71        0xf 
 .text.xsocket  0x0000000000010a80       0x18 libbb/lib.a(xfuncs_printf.o)
                0x0000000000010a80                xsocket
 *fill*         0x0000000000010a98        0x8 
 .text.xbind    0x0000000000010aa0       0x18 libbb/lib.a(xfuncs_printf.o)
                0x0000000000010aa0                xbind
 *fill*         0x0000000000010ab8        0x8 
 .text.xlisten  0x0000000000010ac0       0x18 libbb/lib.a(xfuncs_printf.o)
                0x0000000000010ac0                xlisten
 *fill*         0x0000000000010ad8        0x8 
 .text.xsendto  0x0000000000010ae0       0x21 libbb/lib.a(xfuncs_printf.o)
                0x0000000000010ae0                xsendto
 *fill*         0x0000000000010b01        0xf 
 .text.xstat    0x0000000000010b10       0x20 libbb/lib.a(xfuncs_printf.o)
                0x0000000000010b10                xstat
 .text.xfstat   0x0000000000010b30       0x17 libbb/lib.a(xfuncs_printf.o)
                0x0000000000010b30                xfstat
 *fill*         0x0000000000010b47        0x9 
 .text.ioctl_or_perror_and_die
                0x0000000000010b50       0xaa libbb/lib.a(xfuncs_printf.o)
                0x0000000000010b50                ioctl_or_perror_and_die
 *fill*         0x0000000000010bfa        0x6 
 .text.ioctl_or_perror
                0x0000000000010c00       0xab libbb/lib.a(xfuncs_printf.o)
                0x0000000000010c00                ioctl_or_perror
 *fill*         0x0000000000010cab        0x5 
 .text.bb_ioctl_or_warn
                0x0000000000010cb0       0x1f libbb/lib.a(xfuncs_printf.o)
                0x0000000000010cb0                bb_ioctl_or_warn
 *fill*         0x0000000000010ccf        0x1 
 .text.bb_xioctl
                0x0000000000010cd0       0x19 libbb/lib.a(xfuncs_printf.o)
                0x0000000000010cd0                bb_xioctl
 *fill*         0x0000000000010ce9        0x7 
 .text.xmalloc_ttyname
                0x0000000000010cf0       0x3c libbb/lib.a(xfuncs_printf.o)
                0x0000000000010cf0                xmalloc_ttyname
 *fill*         0x0000000000010d2c        0x4 
 .text.generate_uuid
                0x0000000000010d30      0x10d libbb/lib.a(xfuncs_printf.o)
                0x0000000000010d30                generate_uuid
 *fill*         0x0000000000010e3d        0x3 
 .text.xfork    0x0000000000010e40       0x18 libbb/lib.a(xfuncs_printf.o)
                0x0000000000010e40                xfork
 *fill*         0x0000000000010e58        0x8 
 .text.xvfork_parent_waits_and_exits
                0x0000000000010e60       0x4b libbb/lib.a(xfuncs_printf.o)
                0x0000000000010e60                xvfork_parent_waits_and_exits
 *fill*         0x0000000000010eab        0x5 
 .text.wait_for_exitstatus
                0x0000000000010eb0       0x23 libbb/lib.a(xfuncs_printf.o)
                0x0000000000010eb0                wait_for_exitstatus
 *fill*         0x0000000000010ed3        0xd 
 .text.xsettimeofday
                0x0000000000010ee0       0x1a libbb/lib.a(xfuncs_printf.o)
                0x0000000000010ee0                xsettimeofday
 *fill*         0x0000000000010efa        0x6 
 .text.xgettimeofday
                0x0000000000010f00        0x7 libbb/lib.a(xfuncs_printf.o)
                0x0000000000010f00                xgettimeofday
 *fill*         0x0000000000010f07        0x9 
 .text.xmalloc_readlink
                0x0000000000010f10       0x55 libbb/lib.a(xreadlink.o)
                0x0000000000010f10                xmalloc_readlink
 *fill*         0x0000000000010f65        0xb 
 .text.xmalloc_follow_symlinks
                0x0000000000010f70       0xe8 libbb/lib.a(xreadlink.o)
                0x0000000000010f70                xmalloc_follow_symlinks
 *fill*         0x0000000000011058        0x8 
 .text.xmalloc_readlink_or_warn
                0x0000000000011060       0x85 libbb/lib.a(xreadlink.o)
                0x0000000000011060                xmalloc_readlink_or_warn
 *fill*         0x00000000000110e5        0xb 
 .text.xmalloc_realpath
                0x00000000000110f0       0x1f libbb/lib.a(xreadlink.o)
                0x00000000000110f0                xmalloc_realpath
 *fill*         0x000000000001110f        0x1 
 .text.xmalloc_realpath_coreutils
                0x0000000000011110      0x1a9 libbb/lib.a(xreadlink.o)
                0x0000000000011110                xmalloc_realpath_coreutils
 *fill*         0x00000000000112b9        0x7 
 .text.bb_copyfd_size
                0x00000000000112c0        0xc libbb/lib.a(copyfd.o)
                0x00000000000112c0                bb_copyfd_size
 *fill*         0x00000000000112cc        0x4 
 .text.bb_full_fd_action
                0x00000000000112d0      0x12a libbb/lib.a(copyfd.o)
 *fill*         0x00000000000113fa        0x6 
 .text.bb_copyfd_exact_size
                0x0000000000011400       0x36 libbb/lib.a(copyfd.o)
                0x0000000000011400                bb_copyfd_exact_size
 *fill*         0x0000000000011436        0xa 
 .text.bb_copyfd_eof
                0x0000000000011440        0x7 libbb/lib.a(copyfd.o)
                0x0000000000011440                bb_copyfd_eof
 *fill*         0x0000000000011447        0x9 
 .text.file_is_executable
                0x0000000000011450       0x4e libbb/lib.a(executable.o)
                0x0000000000011450                file_is_executable
 *fill*         0x000000000001149e        0x2 
 .text.find_executable
                0x00000000000114a0       0xe9 libbb/lib.a(executable.o)
                0x00000000000114a0                find_executable
 *fill*         0x0000000000011589        0x7 
 .text.BB_EXECVP
                0x0000000000011590       0x34 libbb/lib.a(executable.o)
                0x0000000000011590                BB_EXECVP
 *fill*         0x00000000000115c4        0xc 
 .text.BB_EXECVP_or_die
                0x00000000000115d0       0x35 libbb/lib.a(executable.o)
                0x00000000000115d0                BB_EXECVP_or_die
 *fill*         0x0000000000011605        0xb 
 .text.full_write
                0x0000000000011610       0x4e libbb/lib.a(full_write.o)
                0x0000000000011610                full_write
 *fill*         0x000000000001165e        0x2 
 .text.getopt32
                0x0000000000011660       0x8d libbb/lib.a(getopt32.o)
                0x0000000000011660                getopt32
 *fill*         0x00000000000116ed        0x3 
 .text.vgetopt32
                0x00000000000116f0      0x6dc libbb/lib.a(getopt32.o)
 *fill*         0x0000000000011dcc        0x4 
 .text.getopt32long
                0x0000000000011dd0       0x86 libbb/lib.a(getopt32.o)
                0x0000000000011dd0                getopt32long
 *fill*         0x0000000000011e56        0xa 
 .text.safe_read
                0x0000000000011e60       0x4c libbb/lib.a(read.o)
                0x0000000000011e60                safe_read
 *fill*         0x0000000000011eac        0x4 
 .text.full_read
                0x0000000000011eb0       0x6a libbb/lib.a(read.o)
                0x0000000000011eb0                full_read
 *fill*         0x0000000000011f1a        0x6 
 .text.open_read_close
                0x0000000000011f20       0x87 libbb/lib.a(read.o)
                0x0000000000011f20                open_read_close
 *fill*         0x0000000000011fa7        0x9 
 .text.safe_strncpy
                0x0000000000011fb0       0x1e libbb/lib.a(safe_strncpy.o)
                0x0000000000011fb0                safe_strncpy
 *fill*         0x0000000000011fce        0x2 
 .text.overlapping_strcpy
                0x0000000000011fd0       0x22 libbb/lib.a(safe_strncpy.o)
                0x0000000000011fd0                overlapping_strcpy
 *fill*         0x0000000000011ff2        0xe 
 .text.safe_write
                0x0000000000012000       0x4c libbb/lib.a(safe_write.o)
                0x0000000000012000                safe_write
 *fill*         0x000000000001204c        0x4 
 .text.record_signo
                0x0000000000012050        0x8 libbb/lib.a(signals.o)
                0x0000000000012050                record_signo
 *fill*         0x0000000000012058        0x8 
 .text.sigaction_set
                0x0000000000012060        0x7 libbb/lib.a(signals.o)
                0x0000000000012060                sigaction_set
 *fill*         0x0000000000012067        0x9 
 .text.sigprocmask_allsigs
                0x0000000000012070       0x30 libbb/lib.a(signals.o)
                0x0000000000012070                sigprocmask_allsigs
 .text.sigprocmask2
                0x00000000000120a0        0x8 libbb/lib.a(signals.o)
                0x00000000000120a0                sigprocmask2
 *fill*         0x00000000000120a8        0x8 
 .text.bb_signals
                0x00000000000120b0       0x45 libbb/lib.a(signals.o)
                0x00000000000120b0                bb_signals
 *fill*         0x00000000000120f5        0xb 
 .text.bb_signals_norestart
                0x0000000000012100       0x83 libbb/lib.a(signals.o)
                0x0000000000012100                bb_signals_norestart
 *fill*         0x0000000000012183        0xd 
 .text.sig_block
                0x0000000000012190       0x3a libbb/lib.a(signals.o)
                0x0000000000012190                sig_block
 *fill*         0x00000000000121ca        0x6 
 .text.sig_unblock
                0x00000000000121d0       0x3d libbb/lib.a(signals.o)
                0x00000000000121d0                sig_unblock
 *fill*         0x000000000001220d        0x3 
 .text.wait_for_any_sig
                0x0000000000012210       0x24 libbb/lib.a(signals.o)
                0x0000000000012210                wait_for_any_sig
 *fill*         0x0000000000012234        0xc 
 .text.kill_myself_with_sig
                0x0000000000012240       0x25 libbb/lib.a(signals.o)
                0x0000000000012240                kill_myself_with_sig
 *fill*         0x0000000000012265        0xb 
 .text.signal_SA_RESTART_empty_mask
                0x0000000000012270       0x5b libbb/lib.a(signals.o)
                0x0000000000012270                signal_SA_RESTART_empty_mask
 *fill*         0x00000000000122cb        0x5 
 .text.signal_no_SA_RESTART_empty_mask
                0x00000000000122d0       0x50 libbb/lib.a(signals.o)
                0x00000000000122d0                signal_no_SA_RESTART_empty_mask
 .text.parse_datestr
                0x0000000000012320      0x3a4 libbb/lib.a(time.o)
                0x0000000000012320                parse_datestr
 *fill*         0x00000000000126c4        0xc 
 .text.validate_tm_time
                0x00000000000126d0       0x25 libbb/lib.a(time.o)
                0x00000000000126d0                validate_tm_time
 *fill*         0x00000000000126f5        0xb 
 .text.strftime_HHMMSS
                0x0000000000012700       0x4d libbb/lib.a(time.o)
                0x0000000000012700                strftime_HHMMSS
 *fill*         0x000000000001274d        0x3 
 .text.strftime_YYYYMMDDHHMMSS
                0x0000000000012750       0x4d libbb/lib.a(time.o)
                0x0000000000012750                strftime_YYYYMMDDHHMMSS
 *fill*         0x000000000001279d        0x3 
 .text.monotonic_us
                0x00000000000127a0       0x51 libbb/lib.a(time.o)
                0x00000000000127a0                monotonic_us
 *fill*         0x00000000000127f1        0xf 
 .text.monotonic_ms
                0x0000000000012800       0x51 libbb/lib.a(time.o)
                0x0000000000012800                monotonic_ms
 *fill*         0x0000000000012851        0xf 
 .text.monotonic_sec
                0x0000000000012860       0x2c libbb/lib.a(time.o)
                0x0000000000012860                monotonic_sec
 *fill*         0x000000000001288c        0x4 
 .text.xstrtoull_range_sfx
                0x0000000000012890      0x11e libbb/lib.a(xatonum.o)
                0x0000000000012890                xstrtoull_range_sfx
 *fill*         0x00000000000129ae        0x2 
 .text.xstrtoull_range
                0x00000000000129b0        0x8 libbb/lib.a(xatonum.o)
                0x00000000000129b0                xstrtoull_range
 *fill*         0x00000000000129b8        0x8 
 .text.xstrtoull_sfx
                0x00000000000129c0       0x11 libbb/lib.a(xatonum.o)
                0x00000000000129c0                xstrtoull_sfx
 *fill*         0x00000000000129d1        0xf 
 .text.xstrtoull
                0x00000000000129e0       0x11 libbb/lib.a(xatonum.o)
                0x00000000000129e0                xstrtoull
 *fill*         0x00000000000129f1        0xf 
 .text.xatoull_range_sfx
                0x0000000000012a00       0x13 libbb/lib.a(xatonum.o)
                0x0000000000012a00                xatoull_range_sfx
 *fill*         0x0000000000012a13        0xd 
 .text.xatoull_range
                0x0000000000012a20       0x13 libbb/lib.a(xatonum.o)
                0x0000000000012a20                xatoull_range
 *fill*         0x0000000000012a33        0xd 
 .text.xatoull_sfx
                0x0000000000012a40       0x16 libbb/lib.a(xatonum.o)
                0x0000000000012a40                xatoull_sfx
 *fill*         0x0000000000012a56        0xa 
 .text.xatoull  0x0000000000012a60       0x16 libbb/lib.a(xatonum.o)
                0x0000000000012a60                xatoull
 *fill*         0x0000000000012a76        0xa 
 .text.xstrtoll
                0x0000000000012a80       0x49 libbb/lib.a(xatonum.o)
                0x0000000000012a80                xstrtoll
 *fill*         0x0000000000012ac9        0x7 
 .text.xatoll_range
                0x0000000000012ad0       0x7f libbb/lib.a(xatonum.o)
                0x0000000000012ad0                xatoll_range
 *fill*         0x0000000000012b4f        0x1 
 .text.xatoll   0x0000000000012b50       0x4e libbb/lib.a(xatonum.o)
                0x0000000000012b50                xatoll
 *fill*         0x0000000000012b9e        0x2 
 .text.xstrtou_range_sfx
                0x0000000000012ba0      0x130 libbb/lib.a(xatonum.o)
                0x0000000000012ba0                xstrtou_range_sfx
 .text.xstrtou_range
                0x0000000000012cd0        0x8 libbb/lib.a(xatonum.o)
                0x0000000000012cd0                xstrtou_range
 *fill*         0x0000000000012cd8        0x8 
 .text.xstrtou_sfx
                0x0000000000012ce0        0xf libbb/lib.a(xatonum.o)
                0x0000000000012ce0                xstrtou_sfx
 *fill*         0x0000000000012cef        0x1 
 .text.xstrtou  0x0000000000012cf0        0xf libbb/lib.a(xatonum.o)
                0x0000000000012cf0                xstrtou
 *fill*         0x0000000000012cff        0x1 
 .text.xatou_range
                0x0000000000012d00       0x11 libbb/lib.a(xatonum.o)
                0x0000000000012d00                xatou_range
 *fill*         0x0000000000012d11        0xf 
 .text.xatou_sfx
                0x0000000000012d20       0x14 libbb/lib.a(xatonum.o)
                0x0000000000012d20                xatou_sfx
 *fill*         0x0000000000012d34        0xc 
 .text.xatou    0x0000000000012d40       0x14 libbb/lib.a(xatonum.o)
                0x0000000000012d40                xatou
 *fill*         0x0000000000012d54        0xc 
 .text.xatoi_range
                0x0000000000012d60       0x72 libbb/lib.a(xatonum.o)
                0x0000000000012d60                xatoi_range
 *fill*         0x0000000000012dd2        0xe 
 .text.xatoi    0x0000000000012de0       0x47 libbb/lib.a(xatonum.o)
                0x0000000000012de0                xatoi
 *fill*         0x0000000000012e27        0x9 
 .text.xatoi_positive
                0x0000000000012e30       0x14 libbb/lib.a(xatonum.o)
                0x0000000000012e30                xatoi_positive
 *fill*         0x0000000000012e44        0xc 
 .text.xatou16  0x0000000000012e50       0x17 libbb/lib.a(xatonum.o)
                0x0000000000012e50                xatou16
 *fill*         0x0000000000012e67        0x9 
 .text.xrealloc_getcwd_or_warn
                0x0000000000012e70       0x7f libbb/lib.a(xgetcwd.o)
                0x0000000000012e70                xrealloc_getcwd_or_warn
 *fill*         0x0000000000012eef        0x1 
 .text.bb_strtoull
                0x0000000000012ef0       0x98 libbb/lib.a(bb_strtonum.o)
                0x0000000000012ef0                bb_strtoull
 *fill*         0x0000000000012f88        0x8 
 .text.bb_strtoll
                0x0000000000012f90       0xa0 libbb/lib.a(bb_strtonum.o)
                0x0000000000012f90                bb_strtoll
 .text.bb_strtou
                0x0000000000013030       0xa4 libbb/lib.a(bb_strtonum.o)
                0x0000000000013030                bb_strtou
 *fill*         0x00000000000130d4        0xc 
 .text.bb_strtoi
                0x00000000000130e0       0xc0 libbb/lib.a(bb_strtonum.o)
                0x00000000000130e0                bb_strtoi
 .text.getXXnam_r
                0x00000000000131a0      0x137 libpwdgrp/lib.a(pwd_grp.o)
 *fill*         0x00000000000132d7        0x9 
 .text.bb_internal_getspnam_r
                0x00000000000132e0        0xd libpwdgrp/lib.a(pwd_grp.o)
                0x00000000000132e0                bb_internal_getspnam_r
 *fill*         0x00000000000132ed        0x3 
 .text.bb_internal_getpwent
                0x00000000000132f0      0x115 libpwdgrp/lib.a(pwd_grp.o)
                0x00000000000132f0                bb_internal_getpwent
 *fill*         0x0000000000013405        0xb 
 .text.bb_internal_getpwnam
                0x0000000000013410        0x7 libpwdgrp/lib.a(pwd_grp.o)
                0x0000000000013410                bb_internal_getpwnam
 *fill*         0x0000000000013417        0x9 
 .text.getXXnam
                0x0000000000013420      0x138 libpwdgrp/lib.a(pwd_grp.o)
 *fill*         0x0000000000013558        0x8 
 .text.bb_internal_getgrnam
                0x0000000000013560        0xa libpwdgrp/lib.a(pwd_grp.o)
                0x0000000000013560                bb_internal_getgrnam
 *fill*         0x000000000001356a        0x6 
 .text.bb_internal_getpwuid
                0x0000000000013570       0x14 libpwdgrp/lib.a(pwd_grp.o)
                0x0000000000013570                bb_internal_getpwuid
 *fill*         0x0000000000013584        0xc 
 .text.bb_internal_getgrgid
                0x0000000000013590       0x14 libpwdgrp/lib.a(pwd_grp.o)
                0x0000000000013590                bb_internal_getgrgid
 *fill*         0x00000000000135a4        0xc 
 .text.bb_internal_endpwent
                0x00000000000135b0       0x2f libpwdgrp/lib.a(pwd_grp.o)
                0x00000000000135b0                bb_internal_endpwent
 *fill*         0x00000000000135df        0x1 
 .text.bb_internal_setpwent
                0x00000000000135e0       0x1a libpwdgrp/lib.a(pwd_grp.o)
                0x00000000000135e0                bb_internal_setpwent
 *fill*         0x00000000000135fa        0x6 
 .text.bb_internal_endgrent
                0x0000000000013600       0x2f libpwdgrp/lib.a(pwd_grp.o)
                0x0000000000013600                bb_internal_endgrent
 *fill*         0x000000000001362f        0x1 
 .text.bb_internal_initgroups
                0x0000000000013630       0x35 libpwdgrp/lib.a(pwd_grp.o)
                0x0000000000013630                bb_internal_initgroups
 *fill*         0x0000000000013665        0xb 
 .text.getgrouplist_internal
                0x0000000000013670      0x1b1 libpwdgrp/lib.a(pwd_grp.o)
 *fill*         0x0000000000013821        0xf 
 .text.bb_internal_getgrouplist
                0x0000000000013830       0x56 libpwdgrp/lib.a(pwd_grp.o)
                0x0000000000013830                bb_internal_getgrouplist
 *fill*         0x0000000000013886        0xa 
 .text.parse_common
                0x0000000000013890      0x1e9 libpwdgrp/lib.a(pwd_grp.o)
 *fill*         0x0000000000013a79        0x7 
 .text.tokenize
                0x0000000000013a80       0xb8 libpwdgrp/lib.a(pwd_grp.o)
 *fill*         0x0000000000013b38        0x8 
 .text.convert_to_struct
                0x0000000000013b40      0x163 libpwdgrp/lib.a(pwd_grp.o)
 *fill*         0x0000000000013ca3        0xd 
 .text.get_uidgid
                0x0000000000013cb0       0xfa libpwdgrp/lib.a(uidgid_get.o)
                0x0000000000013cb0                get_uidgid
 *fill*         0x0000000000013daa        0x6 
 .text.xget_uidgid
                0x0000000000013db0       0x20 libpwdgrp/lib.a(uidgid_get.o)
                0x0000000000013db0                xget_uidgid
 .text.parse_chown_usergroup_or_die
                0x0000000000013dd0       0x91 libpwdgrp/lib.a(uidgid_get.o)
                0x0000000000013dd0                parse_chown_usergroup_or_die
 *fill*         0x0000000000013e61        0xf 
 .text.add_remove_shell_main
                0x0000000000013e70      0x178 loginutils/lib.a(add-remove-shell.o)
                0x0000000000013e70                add_remove_shell_main
 *fill*         0x0000000000013fe8        0x8 
 .text.addgroup_main
                0x0000000000013ff0      0x226 loginutils/lib.a(addgroup.o)
                0x0000000000013ff0                addgroup_main
 *fill*         0x0000000000014216        0xa 
 .text.adduser_main
                0x0000000000014220      0x4ca loginutils/lib.a(adduser.o)
                0x0000000000014220                adduser_main
 *fill*         0x00000000000146ea        0x6 
 .text.passwd_wrapper
                0x00000000000146f0       0x60 loginutils/lib.a(adduser.o)
 .text.chpasswd_main
                0x0000000000014750      0x1b7 loginutils/lib.a(chpasswd.o)
                0x0000000000014750                chpasswd_main
 *fill*         0x0000000000014907        0x9 
 .text.cryptpw_main
                0x0000000000014910      0x10c loginutils/lib.a(cryptpw.o)
                0x0000000000014910                cryptpw_main
 *fill*         0x0000000000014a1c        0x4 
 .text.deluser_main
                0x0000000000014a20      0x1d7 loginutils/lib.a(deluser.o)
                0x0000000000014a20                deluser_main
 *fill*         0x0000000000014bf7        0x9 
 .text.getty_main
                0x0000000000014c00      0x8bb loginutils/lib.a(getty.o)
                0x0000000000014c00                getty_main
 *fill*         0x00000000000154bb        0x5 
 .text.sleep10  0x00000000000154c0        0xa loginutils/lib.a(getty.o)
 *fill*         0x00000000000154ca        0x6 
 .text.alarm_handler
                0x00000000000154d0        0xb loginutils/lib.a(getty.o)
 *fill*         0x00000000000154db        0x5 
 .text.finalize_tty_attrs
                0x00000000000154e0       0x65 loginutils/lib.a(getty.o)
 *fill*         0x0000000000015545        0xb 
 .text.login_main
                0x0000000000015550      0x564 loginutils/lib.a(login.o)
                0x0000000000015550                login_main
 *fill*         0x0000000000015ab4        0xc 
 .text.alarm_handler
                0x0000000000015ac0       0x3f loginutils/lib.a(login.o)
 *fill*         0x0000000000015aff        0x1 
 .text.die_if_nologin
                0x0000000000015b00       0x8a loginutils/lib.a(login.o)
 *fill*         0x0000000000015b8a        0x6 
 .text.run_login_script
                0x0000000000015b90       0xde loginutils/lib.a(login.o)
 *fill*         0x0000000000015c6e        0x2 
 .text.motd     0x0000000000015c70       0x32 loginutils/lib.a(login.o)
 *fill*         0x0000000000015ca2        0xe 
 .text.passwd_main
                0x0000000000015cb0      0x433 loginutils/lib.a(passwd.o)
                0x0000000000015cb0                passwd_main
 *fill*         0x00000000000160e3        0xd 
 .text.su_main  0x00000000000160f0      0x24b loginutils/lib.a(su.o)
                0x00000000000160f0                su_main
 *fill*         0x000000000001633b        0x5 
 .text.sulogin_main
                0x0000000000016340      0x19c loginutils/lib.a(sulogin.o)
                0x0000000000016340                sulogin_main
 *fill*         0x00000000000164dc        0x4 
 .text.vlock_main
                0x00000000000164e0      0x1c5 loginutils/lib.a(vlock.o)
                0x00000000000164e0                vlock_main
 *fill*         0x00000000000166a5        0xb 
 .text.release_vt
                0x00000000000166b0       0x1a loginutils/lib.a(vlock.o)
 *fill*         0x00000000000166ca        0x6 
 .text.acquire_vt
                0x00000000000166d0       0x13 loginutils/lib.a(vlock.o)
 *fill*         0x00000000000166e3        0xd 
 .text.makemime_main
                0x00000000000166f0      0x198 mailutils/lib.a(makemime.o)
                0x00000000000166f0                makemime_main
 *fill*         0x0000000000016888        0x8 
 .text.popmaildir_main
                0x0000000000016890      0x3ef mailutils/lib.a(popmaildir.o)
                0x0000000000016890                popmaildir_main
 *fill*         0x0000000000016c7f        0x1 
 .text.pop3_checkr
                0x0000000000016c80       0x96 mailutils/lib.a(popmaildir.o)
 *fill*         0x0000000000016d16        0xa 
 .text.reformime_main
                0x0000000000016d20       0x92 mailutils/lib.a(reformime.o)
                0x0000000000016d20                reformime_main
 *fill*         0x0000000000016db2        0xe 
 .text.parse    0x0000000000016dc0      0x656 mailutils/lib.a(reformime.o)
 *fill*         0x0000000000017416        0xa 
 .text.sendmail_main
                0x0000000000017420      0x7bc mailutils/lib.a(sendmail.o)
                0x0000000000017420                sendmail_main
 *fill*         0x0000000000017bdc        0x4 
 .text.smtp_checkp
                0x0000000000017be0       0xe6 mailutils/lib.a(sendmail.o)
 *fill*         0x0000000000017cc6        0xa 
 .text.rcptto_list
                0x0000000000017cd0      0x14d mailutils/lib.a(sendmail.o)
 *fill*         0x0000000000017e1d        0x3 
 .text.angle_address
                0x0000000000017e20       0xa6 mailutils/lib.a(sendmail.o)
 *fill*         0x0000000000017ec6        0xa 
 .text.launch_helper
                0x0000000000017ed0       0xd2 mailutils/lib.a(mail.o)
                0x0000000000017ed0                launch_helper
 *fill*         0x0000000000017fa2        0xe 
 .text.signal_handler
                0x0000000000017fb0       0x89 mailutils/lib.a(mail.o)
 *fill*         0x0000000000018039        0x7 
 .text.send_r_n
                0x0000000000018040       0x34 mailutils/lib.a(mail.o)
                0x0000000000018040                send_r_n
 *fill*         0x0000000000018074        0xc 
 .text.send_mail_command
                0x0000000000018080       0x6f mailutils/lib.a(mail.o)
                0x0000000000018080                send_mail_command
 *fill*         0x00000000000180ef        0x1 
 .text.printstr_base64
                0x00000000000180f0       0x88 mailutils/lib.a(mail.o)
                0x00000000000180f0                printstr_base64
 *fill*         0x0000000000018178        0x8 
 .text.printbuf_base64
                0x0000000000018180       0x84 mailutils/lib.a(mail.o)
                0x0000000000018180                printbuf_base64
 *fill*         0x0000000000018204        0xc 
 .text.printfile_base64
                0x0000000000018210      0x10f mailutils/lib.a(mail.o)
                0x0000000000018210                printfile_base64
 *fill*         0x000000000001831f        0x1 
 .text.get_cred_or_die
                0x0000000000018320       0x84 mailutils/lib.a(mail.o)
                0x0000000000018320                get_cred_or_die
 *fill*         0x00000000000183a4        0xc 
 .text.adjtimex_main
                0x00000000000183b0      0x273 miscutils/lib.a(adjtimex.o)
                0x00000000000183b0                adjtimex_main
 *fill*         0x0000000000018623        0xd 
 .text.ascii_main
                0x0000000000018630       0xf0 miscutils/lib.a(ascii.o)
                0x0000000000018630                ascii_main
 .text.bc_main  0x0000000000018720       0x5d miscutils/lib.a(bc.o)
                0x0000000000018720                bc_main
 *fill*         0x000000000001877d        0x3 
 .text.xc_vm_init
                0x0000000000018780      0x6ec miscutils/lib.a(bc.o)
 *fill*         0x0000000000018e6c        0x4 
 .text.bc_args  0x0000000000018e70      0x12a miscutils/lib.a(bc.o)
 *fill*         0x0000000000018f9a        0x6 
 .text.bc_vm_info
                0x0000000000018fa0       0x15 miscutils/lib.a(bc.o)
 *fill*         0x0000000000018fb5        0xb 
 .text.xc_vm_run
                0x0000000000018fc0      0x12d miscutils/lib.a(bc.o)
 *fill*         0x00000000000190ed        0x3 
 .text.dc_main  0x00000000000190f0      0x200 miscutils/lib.a(bc.o)
                0x00000000000190f0                dc_main
 .text.zxc_vm_process
                0x00000000000192f0      0xa2a miscutils/lib.a(bc.o)
 *fill*         0x0000000000019d1a        0x6 
 .text.bc_vec_push
                0x0000000000019d20       0x6b miscutils/lib.a(bc.o)
 *fill*         0x0000000000019d8b        0x5 
 .text.bc_func_free
                0x0000000000019d90      0x13b miscutils/lib.a(bc.o)
 *fill*         0x0000000000019ecb        0x5 
 .text.bc_id_free
                0x0000000000019ed0        0x8 miscutils/lib.a(bc.o)
 *fill*         0x0000000000019ed8        0x8 
 .text.bc_program_addFunc
                0x0000000000019ee0      0x1d1 miscutils/lib.a(bc.o)
 *fill*         0x000000000001a0b1        0xf 
 .text.xc_program_add_fn
                0x000000000001a0c0      0x1b8 miscutils/lib.a(bc.o)
 *fill*         0x000000000001a278        0x8 
 .text.bc_vec_free
                0x000000000001a280       0x39 miscutils/lib.a(bc.o)
 *fill*         0x000000000001a2b9        0x7 
 .text.bc_string_free
                0x000000000001a2c0        0x8 miscutils/lib.a(bc.o)
 *fill*         0x000000000001a2c8        0x8 
 .text.bc_result_free
                0x000000000001a2d0       0x16 miscutils/lib.a(bc.o)
 *fill*         0x000000000001a2e6        0xa 
 .text.bc_map_insert
                0x000000000001a2f0      0x166 miscutils/lib.a(bc.o)
 *fill*         0x000000000001a456        0xa 
 .text.bc_num_free
                0x000000000001a460        0x8 miscutils/lib.a(bc.o)
 *fill*         0x000000000001a468        0x8 
 .text.bc_error_at
                0x000000000001a470       0x5c miscutils/lib.a(bc.o)
 *fill*         0x000000000001a4cc        0x4 
 .text.zdc_parse_expr
                0x000000000001a4d0      0x4d9 miscutils/lib.a(bc.o)
 *fill*         0x000000000001a9a9        0x7 
 .text.zxc_program_exec
                0x000000000001a9b0     0x3c5e miscutils/lib.a(bc.o)